###############################################################################
#
# IAR ELF Linker V8.11.1.13263/W32 for ARM                22/Oct/2018  11:14:29
# Copyright 2007-2017 IAR Systems AB.
#
#    Output file  =  
#        C:\Users\bacem.kaabia\Desktop\self_stm32l4_exercices\LAB6\EWARM\STM32L476RG_NUCLEO\Exe\Project.out
#    Map file     =  
#        C:\Users\bacem.kaabia\Desktop\self_stm32l4_exercices\LAB6\EWARM\STM32L476RG_NUCLEO\List\Project.map
#    Command line =  
#        -f C:\Users\BACEM~1.KAA\AppData\Local\Temp\EW6721.tmp
#        (C:\Users\bacem.kaabia\Desktop\self_stm32l4_exercices\LAB6\EWARM\STM32L476RG_NUCLEO\Obj\main.o
#        C:\Users\bacem.kaabia\Desktop\self_stm32l4_exercices\LAB6\EWARM\STM32L476RG_NUCLEO\Obj\startup_stm32l476xx.o
#        C:\Users\bacem.kaabia\Desktop\self_stm32l4_exercices\LAB6\EWARM\STM32L476RG_NUCLEO\Obj\stm32l4xx_hal.o
#        C:\Users\bacem.kaabia\Desktop\self_stm32l4_exercices\LAB6\EWARM\STM32L476RG_NUCLEO\Obj\stm32l4xx_hal_cortex.o
#        C:\Users\bacem.kaabia\Desktop\self_stm32l4_exercices\LAB6\EWARM\STM32L476RG_NUCLEO\Obj\stm32l4xx_hal_gpio.o
#        C:\Users\bacem.kaabia\Desktop\self_stm32l4_exercices\LAB6\EWARM\STM32L476RG_NUCLEO\Obj\stm32l4xx_hal_pwr.o
#        C:\Users\bacem.kaabia\Desktop\self_stm32l4_exercices\LAB6\EWARM\STM32L476RG_NUCLEO\Obj\stm32l4xx_hal_pwr_ex.o
#        C:\Users\bacem.kaabia\Desktop\self_stm32l4_exercices\LAB6\EWARM\STM32L476RG_NUCLEO\Obj\stm32l4xx_hal_rcc.o
#        C:\Users\bacem.kaabia\Desktop\self_stm32l4_exercices\LAB6\EWARM\STM32L476RG_NUCLEO\Obj\stm32l4xx_hal_rcc_ex.o
#        C:\Users\bacem.kaabia\Desktop\self_stm32l4_exercices\LAB6\EWARM\STM32L476RG_NUCLEO\Obj\stm32l4xx_it.o
#        C:\Users\bacem.kaabia\Desktop\self_stm32l4_exercices\LAB6\EWARM\STM32L476RG_NUCLEO\Obj\stm32l4xx_nucleo.o
#        C:\Users\bacem.kaabia\Desktop\self_stm32l4_exercices\LAB6\EWARM\STM32L476RG_NUCLEO\Obj\system_stm32l4xx.o
#        --redirect _Printf=_PrintfSmall --redirect _Scanf=_ScanfSmall -o
#        C:\Users\bacem.kaabia\Desktop\self_stm32l4_exercices\LAB6\EWARM\STM32L476RG_NUCLEO\Exe\Project.out
#        --map
#        C:\Users\bacem.kaabia\Desktop\self_stm32l4_exercices\LAB6\EWARM\STM32L476RG_NUCLEO\List\Project.map
#        --config
#        C:\Users\bacem.kaabia\Desktop\self_stm32l4_exercices\LAB6\EWARM\stm32l476xx_flash.icf
#        --semihosting --entry __iar_program_start --vfe --text_out locale)
#
###############################################################################

*******************************************************************************
*** RUNTIME MODEL ATTRIBUTES
***

CppFlavor       = *
__SystemLibrary = DLib
__dlib_version  = 6


*******************************************************************************
*** HEAP SELECTION
***

The basic heap was selected because no calls to memory allocation
functions were found in the application outside of system library
functions, and there are calls to deallocation functions in the
application.


*******************************************************************************
*** PLACEMENT SUMMARY
***

"A0":  place at 0x08000000 { ro section .intvec };
"P1":  place in [from 0x08000000 to 0x080fffff] { ro };
"P2":  place in [from 0x20000000 to 0x20017fff] { rw, block CSTACK, block HEAP };
initialize by copy { rw };

  Section            Kind        Address    Size  Object
  -------            ----        -------    ----  ------
"A0":                                      0x188
  .intvec            ro code  0x08000000   0x188  startup_stm32l476xx.o [1]
                            - 0x08000188   0x188

"P1":                                     0x10fc
  .text              ro code  0x08000188   0x6a4  stm32l4xx_hal_rcc.o [1]
  .text              ro code  0x0800082c     0xc  stm32l4xx_hal.o [1]
  .text              ro code  0x08000838    0x28  stm32l4xx_hal.o [1]
  .text              ro code  0x08000860    0x5c  stm32l4xx_hal_pwr_ex.o [1]
  .text              ro code  0x080008bc    0xcc  stm32l4xx_hal_cortex.o [1]
  .text              ro code  0x08000988   0x240  main.o [1]
  .text              ro code  0x08000bc8    0x18  stm32l4xx_hal.o [1]
  .text              ro code  0x08000be0    0xfa  stm32l4xx_nucleo.o [1]
  .text              ro code  0x08000cda    0x1e  stm32l4xx_hal.o [1]
  .text              ro code  0x08000cf8    0x10  stm32l4xx_hal.o [1]
  .text              ro code  0x08000d08    0x40  stm32l4xx_hal_pwr.o [1]
  .text              ro code  0x08000d48    0x10  stm32l4xx_hal.o [1]
  .text              ro code  0x08000d58     0x6  ABImemclr4.o [5]
  .text              ro code  0x08000d60   0x1f6  stm32l4xx_hal_gpio.o [1]
  .text              ro code  0x08000f58    0x10  stm32l4xx_hal.o [1]
  .text              ro code  0x08000f68    0x32  ABImemset48.o [5]
  .text              ro code  0x08000f9c    0x8c  system_stm32l4xx.o [1]
  .text              ro code  0x08001028    0x2c  copy_init3.o [5]
  .text              ro code  0x08001054    0x28  data_init.o [5]
  .text              ro code  0x0800107c    0x22  fpinit_M.o [4]
  .iar.init_table    const    0x080010a0    0x14  - Linker created -
  .text              ro code  0x080010b4    0x1c  stm32l4xx_it.o [1]
  .text              ro code  0x080010d0    0x1a  cmain.o [5]
  .text              ro code  0x080010ea     0x4  low_level_init.o [3]
  .text              ro code  0x080010ee     0x4  exit.o [3]
  .text              ro code  0x080010f4     0xa  cexit.o [5]
  .text              ro code  0x08001100    0x14  exit.o [6]
  Initializer bytes  const    0x08001114    0x14  <for P2-1>
  .text              ro code  0x08001128    0x10  startup_stm32l476xx.o [1]
  .text              ro code  0x08001138     0xc  cstartup_M.o [5]
  .text              ro code  0x08001144     0x4  startup_stm32l476xx.o [1]
  .text              ro code  0x08001148     0x4  startup_stm32l476xx.o [1]
  .text              ro code  0x0800114c     0x4  startup_stm32l476xx.o [1]
  .text              ro code  0x08001150     0x4  startup_stm32l476xx.o [1]
  .text              ro code  0x08001154     0x4  startup_stm32l476xx.o [1]
  .text              ro code  0x08001158     0x4  startup_stm32l476xx.o [1]
  .text              ro code  0x0800115c     0x4  startup_stm32l476xx.o [1]
  .text              ro code  0x08001160     0x4  startup_stm32l476xx.o [1]
  .text              ro code  0x08001164     0x4  startup_stm32l476xx.o [1]
  .text              ro code  0x08001168     0x4  startup_stm32l476xx.o [1]
  .text              ro code  0x0800116c     0x4  startup_stm32l476xx.o [1]
  .text              ro code  0x08001170     0x4  startup_stm32l476xx.o [1]
  .text              ro code  0x08001174     0x4  startup_stm32l476xx.o [1]
  .text              ro code  0x08001178     0x4  startup_stm32l476xx.o [1]
  .text              ro code  0x0800117c     0x4  startup_stm32l476xx.o [1]
  .text              ro code  0x08001180     0x4  startup_stm32l476xx.o [1]
  .text              ro code  0x08001184     0x4  startup_stm32l476xx.o [1]
  .text              ro code  0x08001188     0x4  startup_stm32l476xx.o [1]
  .text              ro code  0x0800118c     0x4  startup_stm32l476xx.o [1]
  .text              ro code  0x08001190     0x4  startup_stm32l476xx.o [1]
  .text              ro code  0x08001194     0x4  startup_stm32l476xx.o [1]
  .text              ro code  0x08001198     0x4  startup_stm32l476xx.o [1]
  .text              ro code  0x0800119c     0x4  startup_stm32l476xx.o [1]
  .text              ro code  0x080011a0     0x4  startup_stm32l476xx.o [1]
  .text              ro code  0x080011a4     0x4  startup_stm32l476xx.o [1]
  .text              ro code  0x080011a8     0x4  startup_stm32l476xx.o [1]
  .text              ro code  0x080011ac     0x4  startup_stm32l476xx.o [1]
  .text              ro code  0x080011b0     0x4  startup_stm32l476xx.o [1]
  .text              ro code  0x080011b4     0x4  startup_stm32l476xx.o [1]
  .text              ro code  0x080011b8     0x4  startup_stm32l476xx.o [1]
  .text              ro code  0x080011bc     0x4  startup_stm32l476xx.o [1]
  .text              ro code  0x080011c0     0x4  startup_stm32l476xx.o [1]
  .text              ro code  0x080011c4     0x4  startup_stm32l476xx.o [1]
  .text              ro code  0x080011c8     0x4  startup_stm32l476xx.o [1]
  .text              ro code  0x080011cc     0x4  startup_stm32l476xx.o [1]
  .text              ro code  0x080011d0     0x4  startup_stm32l476xx.o [1]
  .text              ro code  0x080011d4     0x4  startup_stm32l476xx.o [1]
  .text              ro code  0x080011d8     0x4  startup_stm32l476xx.o [1]
  .text              ro code  0x080011dc     0x4  startup_stm32l476xx.o [1]
  .text              ro code  0x080011e0     0x4  startup_stm32l476xx.o [1]
  .text              ro code  0x080011e4     0x4  startup_stm32l476xx.o [1]
  .text              ro code  0x080011e8     0x4  startup_stm32l476xx.o [1]
  .text              ro code  0x080011ec     0x4  startup_stm32l476xx.o [1]
  .text              ro code  0x080011f0     0x4  startup_stm32l476xx.o [1]
  .text              ro code  0x080011f4     0x4  startup_stm32l476xx.o [1]
  .text              ro code  0x080011f8     0x4  startup_stm32l476xx.o [1]
  .text              ro code  0x080011fc     0x4  startup_stm32l476xx.o [1]
  .text              ro code  0x08001200     0x4  startup_stm32l476xx.o [1]
  .text              ro code  0x08001204     0x4  startup_stm32l476xx.o [1]
  .text              ro code  0x08001208     0x4  startup_stm32l476xx.o [1]
  .text              ro code  0x0800120c     0x4  startup_stm32l476xx.o [1]
  .text              ro code  0x08001210     0x4  startup_stm32l476xx.o [1]
  .text              ro code  0x08001214     0x4  startup_stm32l476xx.o [1]
  .text              ro code  0x08001218     0x4  startup_stm32l476xx.o [1]
  .text              ro code  0x0800121c     0x4  startup_stm32l476xx.o [1]
  .text              ro code  0x08001220     0x4  startup_stm32l476xx.o [1]
  .text              ro code  0x08001224     0x4  startup_stm32l476xx.o [1]
  .text              ro code  0x08001228     0x4  startup_stm32l476xx.o [1]
  .text              ro code  0x0800122c     0x4  startup_stm32l476xx.o [1]
  .text              ro code  0x08001230     0x4  startup_stm32l476xx.o [1]
  .text              ro code  0x08001234     0x4  startup_stm32l476xx.o [1]
  .text              ro code  0x08001238     0x4  startup_stm32l476xx.o [1]
  .text              ro code  0x0800123c     0x4  startup_stm32l476xx.o [1]
  .text              ro code  0x08001240     0x4  startup_stm32l476xx.o [1]
  .text              ro code  0x08001244     0x4  startup_stm32l476xx.o [1]
  .text              ro code  0x08001248     0x4  startup_stm32l476xx.o [1]
  .text              ro code  0x0800124c     0x4  startup_stm32l476xx.o [1]
  .text              ro code  0x08001250     0x4  startup_stm32l476xx.o [1]
  .text              ro code  0x08001254     0x4  startup_stm32l476xx.o [1]
  .text              ro code  0x08001258     0x4  startup_stm32l476xx.o [1]
  .text              ro code  0x0800125c     0x4  startup_stm32l476xx.o [1]
  .text              ro code  0x08001260     0x4  startup_stm32l476xx.o [1]
  .text              ro code  0x08001264     0x4  startup_stm32l476xx.o [1]
  .text              ro code  0x08001268     0x4  startup_stm32l476xx.o [1]
  .text              ro code  0x0800126c     0x4  startup_stm32l476xx.o [1]
  .text              ro code  0x08001270     0x4  startup_stm32l476xx.o [1]
  .text              ro code  0x08001274     0x4  startup_stm32l476xx.o [1]
  .text              ro code  0x08001278     0x4  startup_stm32l476xx.o [1]
  .text              ro code  0x0800127c     0x4  startup_stm32l476xx.o [1]
  .text              ro code  0x08001280     0x4  startup_stm32l476xx.o [1]
  .rodata            const    0x08001284     0x0  copy_init3.o [5]
                            - 0x08001284  0x10fc

"P2", part 1 of 2:                          0x14
  P2-1                        0x20000000    0x14  <Init block>
    .data            inited   0x20000000     0x4  stm32l4xx_nucleo.o [1]
    .data            inited   0x20000004     0x4  stm32l4xx_nucleo.o [1]
    .data            inited   0x20000008     0x4  system_stm32l4xx.o [1]
    .bss             inited   0x2000000c     0x4  main.o [1]
    .bss             inited   0x20000010     0x4  stm32l4xx_hal.o [1]
                            - 0x20000014    0x14

"P2", part 2 of 2:                         0x400
  CSTACK                      0x20000018   0x400  <Block>
    CSTACK           uninit   0x20000018   0x400  <Block tail>
                            - 0x20000418   0x400


*******************************************************************************
*** INIT TABLE
***

          Address     Size
          -------     ----
Copy (__iar_copy_init3)
    1 source range, total size 0x14:
          0x08001114  0x14
    1 destination range, total size 0x14:
          0x20000000  0x14



*******************************************************************************
*** MODULE SUMMARY
***

    Module                  ro code  ro data  rw data
    ------                  -------  -------  -------
C:\Users\bacem.kaabia\Desktop\self_stm32l4_exercices\LAB6\EWARM\STM32L476RG_NUCLEO\Obj: [1]
    main.o                      576        4        4
    startup_stm32l476xx.o       728
    stm32l4xx_hal.o             154        4        4
    stm32l4xx_hal_cortex.o      204
    stm32l4xx_hal_gpio.o        502
    stm32l4xx_hal_pwr.o          64
    stm32l4xx_hal_pwr_ex.o       92
    stm32l4xx_hal_rcc.o       1 700
    stm32l4xx_it.o               28
    stm32l4xx_nucleo.o          250        8        8
    system_stm32l4xx.o          140        4        4
    -------------------------------------------------
    Total:                    4 438       20       20

command line: [2]
    -------------------------------------------------
    Total:

dl7M_tlf.a: [3]
    exit.o                        4
    low_level_init.o              4
    -------------------------------------------------
    Total:                        8

m7M_tls.a: [4]
    fpinit_M.o                   34
    -------------------------------------------------
    Total:                       34

rt7M_tl.a: [5]
    ABImemclr4.o                  6
    ABImemset48.o                50
    cexit.o                      10
    cmain.o                      26
    copy_init3.o                 44
    cstartup_M.o                 12
    data_init.o                  40
    -------------------------------------------------
    Total:                      188

shb_l.a: [6]
    exit.o                       20
    -------------------------------------------------
    Total:                       20

    Gaps                         10        2
    Linker created                        20    1 024
-----------------------------------------------------
    Grand Total:              4 698       42    1 044


*******************************************************************************
*** ENTRY LIST
***

Entry                      Address   Size  Type      Object
-----                      -------   ----  ----      ------
.iar.init_table$$Base   0x080010a0          --   Gb  - Linker created -
.iar.init_table$$Limit  0x080010b4          --   Gb  - Linker created -
?main                   0x080010d1         Code  Gb  cmain.o [5]
AHBPrescTable           0x08000fe8   0x10  Data  Gb  system_stm32l4xx.o [1]
BSP_LED_Init            0x08000be1   0x46  Code  Gb  stm32l4xx_nucleo.o [1]
BSP_LED_Toggle          0x08000c27   0x12  Code  Gb  stm32l4xx_nucleo.o [1]
BSP_PB_Init             0x08000c39   0x7a  Code  Gb  stm32l4xx_nucleo.o [1]
BUTTON_IRQn             0x08000cd8    0x2  Data  Gb  stm32l4xx_nucleo.o [1]
BUTTON_PIN              0x08000cd4    0x2  Data  Gb  stm32l4xx_nucleo.o [1]
BUTTON_PORT             0x20000004    0x4  Data  Gb  stm32l4xx_nucleo.o [1]
BusFault_Handler        0x080010bb    0x2  Code  Gb  stm32l4xx_it.o [1]
CSTACK$$Base            0x20000018          --   Gb  - Linker created -
CSTACK$$Limit           0x20000418          --   Gb  - Linker created -
DebugMon_Handler        0x080010c1    0x2  Code  Gb  stm32l4xx_it.o [1]
EXTI15_10_IRQHandler    0x080010c9    0x8  Code  Gb  stm32l4xx_it.o [1]
GPIO_PIN                0x08000cd0    0x2  Data  Gb  stm32l4xx_nucleo.o [1]
GPIO_PORT               0x20000000    0x4  Data  Gb  stm32l4xx_nucleo.o [1]
HAL_Delay               0x08000cdb   0x1e  Code  Wk  stm32l4xx_hal.o [1]
HAL_GPIO_EXTI_IRQHandler
                        0x08000f1d   0x10  Code  Gb  stm32l4xx_hal_gpio.o [1]
HAL_GPIO_Init           0x08000d61  0x1b4  Code  Gb  stm32l4xx_hal_gpio.o [1]
HAL_GPIO_TogglePin      0x08000f15    0x8  Code  Gb  stm32l4xx_hal_gpio.o [1]
HAL_GetTick             0x0800082d    0xc  Code  Wk  stm32l4xx_hal.o [1]
HAL_IncTick             0x08000f59   0x10  Code  Wk  stm32l4xx_hal.o [1]
HAL_Init                0x08000bc9   0x16  Code  Gb  stm32l4xx_hal.o [1]
HAL_InitTick            0x08000839   0x28  Code  Wk  stm32l4xx_hal.o [1]
HAL_NVIC_EnableIRQ      0x0800092b   0x18  Code  Gb  stm32l4xx_hal_cortex.o [1]
HAL_NVIC_SetPriority    0x080008f1   0x3a  Code  Gb  stm32l4xx_hal_cortex.o [1]
HAL_NVIC_SetPriorityGrouping
                        0x080008d7   0x1a  Code  Gb  stm32l4xx_hal_cortex.o [1]
HAL_PWREx_DisableLowPowerRunMode
                        0x08000879   0x36  Code  Gb  stm32l4xx_hal_pwr_ex.o [1]
HAL_PWREx_EnableLowPowerRunMode
                        0x0800086d    0xc  Code  Gb  stm32l4xx_hal_pwr_ex.o [1]
HAL_PWREx_GetVoltageRange
                        0x08000861    0xc  Code  Gb  stm32l4xx_hal_pwr_ex.o [1]
HAL_PWR_EnterSLEEPMode  0x08000d09   0x38  Code  Gb  stm32l4xx_hal_pwr.o [1]
HAL_RCC_ClockConfig     0x0800058f  0x122  Code  Gb  stm32l4xx_hal_rcc.o [1]
HAL_RCC_GetSysClockFreq
                        0x080006d9   0xae  Code  Gb  stm32l4xx_hal_rcc.o [1]
HAL_RCC_OscConfig       0x08000189  0x3da  Code  Gb  stm32l4xx_hal_rcc.o [1]
HAL_ResumeTick          0x08000d49   0x10  Code  Wk  stm32l4xx_hal.o [1]
HAL_SYSTICK_Callback    0x08000b7d   0x1e  Code  Gb  main.o [1]
HAL_SYSTICK_Config      0x08000943   0x28  Code  Gb  stm32l4xx_hal_cortex.o [1]
HAL_SYSTICK_IRQHandler  0x0800096b    0x4  Code  Gb  stm32l4xx_hal_cortex.o [1]
HAL_SuspendTick         0x08000cf9   0x10  Code  Wk  stm32l4xx_hal.o [1]
HardFault_Handler       0x080010b7    0x2  Code  Gb  stm32l4xx_it.o [1]
MSIRangeTable           0x08000ff8   0x30  Data  Gb  system_stm32l4xx.o [1]
MemManage_Handler       0x080010b9    0x2  Code  Gb  stm32l4xx_it.o [1]
NMI_Handler             0x080010b5    0x2  Code  Gb  stm32l4xx_it.o [1]
PendSV_Handler          0x080010c3    0x2  Code  Gb  stm32l4xx_it.o [1]
RCC_SetFlashLatencyFromMSIRange
                        0x08000787   0x76  Code  Lc  stm32l4xx_hal_rcc.o [1]
Region$$Table$$Base     0x080010a0          --   Gb  - Linker created -
Region$$Table$$Limit    0x080010b4          --   Gb  - Linker created -
SVC_Handler             0x080010bf    0x2  Code  Gb  stm32l4xx_it.o [1]
SysTick_Handler         0x080010c5    0x4  Code  Gb  stm32l4xx_it.o [1]
SystemClock_Config      0x080009df   0x66  Code  Gb  main.o [1]
SystemCoreClock         0x20000008    0x4  Data  Gb  system_stm32l4xx.o [1]
SystemInit              0x08000f9d   0x3c  Code  Gb  system_stm32l4xx.o [1]
SystemPower_Config      0x08000a45  0x130  Code  Lc  main.o [1]
TimingDelay             0x2000000c    0x4  Data  Lc  main.o [1]
UsageFault_Handler      0x080010bd    0x2  Code  Gb  stm32l4xx_it.o [1]
__NVIC_SetPriority      0x080008bd   0x1a  Code  Lc  stm32l4xx_hal_cortex.o [1]
__aeabi_memclr4         0x08000d59         Code  Gb  ABImemclr4.o [5]
__cmain                 0x080010d1         Code  Gb  cmain.o [5]
__exit                  0x08001101   0x14  Code  Gb  exit.o [6]
__iar_Memset4_word      0x08000f69         Code  Gb  ABImemset48.o [5]
__iar_Memset8_word      0x08000f69         Code  Gb  ABImemset48.o [5]
__iar_copy_init3        0x08001029   0x2c  Code  Gb  copy_init3.o [5]
__iar_data_init3        0x08001055   0x28  Code  Gb  data_init.o [5]
__iar_init_vfp          0x0800107d         Code  Gb  fpinit_M.o [4]
__iar_program_start     0x08001139         Code  Gb  cstartup_M.o [5]
__iar_systems$$module {Abs}
                        0x00000001         Data  Gb  command line/config [2]
__low_level_init        0x080010eb    0x4  Code  Gb  low_level_init.o [3]
__vector_table          0x08000000         Data  Gb  startup_stm32l476xx.o [1]
_call_main              0x080010dd         Code  Gb  cmain.o [5]
_exit                   0x080010f5         Code  Gb  cexit.o [5]
_main                   0x080010e7         Code  Gb  cmain.o [5]
exit                    0x080010ef    0x4  Code  Gb  exit.o [3]
main                    0x08000989   0x56  Code  Gb  main.o [1]
uwTick                  0x20000010    0x4  Data  Gb  stm32l4xx_hal.o [1]


[1] = C:\Users\bacem.kaabia\Desktop\self_stm32l4_exercices\LAB6\EWARM\STM32L476RG_NUCLEO\Obj
[2] = command line
[3] = dl7M_tlf.a
[4] = m7M_tls.a
[5] = rt7M_tl.a
[6] = shb_l.a

  4 698 bytes of readonly  code memory
     42 bytes of readonly  data memory
  1 044 bytes of readwrite data memory

Errors: none
Warnings: none
