###############################################################################
#
# IAR ELF Linker V8.11.1.13263/W32 for ARM                30/Oct/2018  17:44:36
# Copyright 2007-2017 IAR Systems AB.
#
#    Output file  =  
#        C:\Users\bacem.kaabia\Desktop\Communications
#        séries\@BMP280\EWARM\STM32L476G-Discovery\Exe\Project.out
#    Map file     =  
#        C:\Users\bacem.kaabia\Desktop\Communications
#        séries\@BMP280\EWARM\STM32L476G-Discovery\List\Project.map
#    Command line =  
#        -f C:\Users\BACEM~1.KAA\AppData\Local\Temp\EW11BC.tmp
#        ("C:\Users\bacem.kaabia\Desktop\Communications
#        séries\@BMP280\EWARM\STM32L476G-Discovery\Obj\main.o"
#        "C:\Users\bacem.kaabia\Desktop\Communications
#        séries\@BMP280\EWARM\STM32L476G-Discovery\Obj\startup_stm32l476xx.o"
#        "C:\Users\bacem.kaabia\Desktop\Communications
#        séries\@BMP280\EWARM\STM32L476G-Discovery\Obj\stm32l476g_discovery.o"
#        "C:\Users\bacem.kaabia\Desktop\Communications
#        séries\@BMP280\EWARM\STM32L476G-Discovery\Obj\stm32l4xx_hal.o"
#        "C:\Users\bacem.kaabia\Desktop\Communications
#        séries\@BMP280\EWARM\STM32L476G-Discovery\Obj\stm32l4xx_hal_cortex.o"
#        "C:\Users\bacem.kaabia\Desktop\Communications
#        séries\@BMP280\EWARM\STM32L476G-Discovery\Obj\stm32l4xx_hal_dma.o"
#        "C:\Users\bacem.kaabia\Desktop\Communications
#        séries\@BMP280\EWARM\STM32L476G-Discovery\Obj\stm32l4xx_hal_gpio.o"
#        "C:\Users\bacem.kaabia\Desktop\Communications
#        séries\@BMP280\EWARM\STM32L476G-Discovery\Obj\stm32l4xx_hal_i2c.o"
#        "C:\Users\bacem.kaabia\Desktop\Communications
#        séries\@BMP280\EWARM\STM32L476G-Discovery\Obj\stm32l4xx_hal_i2c_ex.o"
#        "C:\Users\bacem.kaabia\Desktop\Communications
#        séries\@BMP280\EWARM\STM32L476G-Discovery\Obj\stm32l4xx_hal_msp.o"
#        "C:\Users\bacem.kaabia\Desktop\Communications
#        séries\@BMP280\EWARM\STM32L476G-Discovery\Obj\stm32l4xx_hal_pwr.o"
#        "C:\Users\bacem.kaabia\Desktop\Communications
#        séries\@BMP280\EWARM\STM32L476G-Discovery\Obj\stm32l4xx_hal_pwr_ex.o"
#        "C:\Users\bacem.kaabia\Desktop\Communications
#        séries\@BMP280\EWARM\STM32L476G-Discovery\Obj\stm32l4xx_hal_rcc.o"
#        "C:\Users\bacem.kaabia\Desktop\Communications
#        séries\@BMP280\EWARM\STM32L476G-Discovery\Obj\stm32l4xx_hal_rcc_ex.o"
#        "C:\Users\bacem.kaabia\Desktop\Communications
#        séries\@BMP280\EWARM\STM32L476G-Discovery\Obj\stm32l4xx_hal_spi.o"
#        "C:\Users\bacem.kaabia\Desktop\Communications
#        séries\@BMP280\EWARM\STM32L476G-Discovery\Obj\stm32l4xx_it.o"
#        "C:\Users\bacem.kaabia\Desktop\Communications
#        séries\@BMP280\EWARM\STM32L476G-Discovery\Obj\system_stm32l4xx.o"
#        --redirect _Printf=_PrintfSmall --redirect _Scanf=_ScanfSmall -o
#        "C:\Users\bacem.kaabia\Desktop\Communications
#        séries\@BMP280\EWARM\STM32L476G-Discovery\Exe\Project.out" --map
#        "C:\Users\bacem.kaabia\Desktop\Communications
#        séries\@BMP280\EWARM\STM32L476G-Discovery\List\Project.map" --config
#        "C:\Users\bacem.kaabia\Desktop\Communications
#        séries\@BMP280\EWARM\stm32l476xx_flash.icf" --semihosting --entry
#        __iar_program_start --vfe --text_out locale)
#
###############################################################################

*******************************************************************************
*** RUNTIME MODEL ATTRIBUTES
***

CppFlavor       = *
__SystemLibrary = DLib
__dlib_version  = 6


*******************************************************************************
*** HEAP SELECTION
***

The basic heap was selected because no calls to memory allocation
functions were found in the application outside of system library
functions, and there are calls to deallocation functions in the
application.


*******************************************************************************
*** PLACEMENT SUMMARY
***

"A0":  place at 0x08000000 { ro section .intvec };
"P1":  place in [from 0x08000000 to 0x080fffff] { ro };
"P2":  place in [from 0x20000000 to 0x20017fff] { rw, block CSTACK, block HEAP };
initialize by copy { rw };

  Section            Kind        Address    Size  Object
  -------            ----        -------    ----  ------
"A0":                                      0x188
  .intvec            ro code  0x08000000   0x188  startup_stm32l476xx.o [1]
                            - 0x08000188   0x188

"P1":                                     0x25ef
  .text              ro code  0x08000188   0xde0  stm32l4xx_hal_i2c.o [1]
  .text              ro code  0x08000f68    0xd4  stm32l4xx_hal_msp.o [1]
  .text              ro code  0x0800103c     0xc  stm32l4xx_hal.o [1]
  .text              ro code  0x08001048     0x2  stm32l4xx_hal_i2c.o [1]
  .text              ro code  0x0800104a     0x2  stm32l4xx_hal_i2c.o [1]
  .text              ro code  0x0800104c     0x2  stm32l4xx_hal_i2c.o [1]
  .text              ro code  0x0800104e     0x2  stm32l4xx_hal_i2c.o [1]
  .text              ro code  0x08001050     0x2  stm32l4xx_hal_i2c.o [1]
  .text              ro code  0x08001052     0x2  stm32l4xx_hal_i2c.o [1]
  .text              ro code  0x08001054     0x2  stm32l4xx_hal_i2c.o [1]
  .text              ro code  0x08001056     0x2  stm32l4xx_hal_i2c.o [1]
  .text              ro code  0x08001058    0x4a  stm32l4xx_hal_dma.o [1]
  .text              ro code  0x080010a2     0x2  stm32l4xx_hal_i2c.o [1]
  .text              ro code  0x080010a4     0x2  stm32l4xx_hal_i2c.o [1]
  .text              ro code  0x080010a8    0xca  stm32l4xx_hal_cortex.o [1]
  .text              ro code  0x08001174   0x1e4  stm32l4xx_hal_gpio.o [1]
  .text              ro code  0x08001358   0x6ac  stm32l4xx_hal_rcc.o [1]
  .text              ro code  0x08001a04    0x28  stm32l4xx_hal.o [1]
  .text              ro code  0x08001a2c    0x7c  stm32l4xx_hal_pwr_ex.o [1]
  .text              ro code  0x08001aa8   0x546  stm32l4xx_hal_rcc_ex.o [1]
  .text              ro code  0x08001ff0   0x328  main.o [1]
  .text              ro code  0x08002318    0x24  stm32l4xx_hal.o [1]
  .text              ro code  0x0800233c    0x8c  stm32l476g_discovery.o [1]
  .text              ro code  0x080023c8    0x1e  stm32l4xx_hal.o [1]
  .text              ro code  0x080023e8    0x86  stm32l4xx_hal_i2c_ex.o [1]
  .text              ro code  0x08002470    0x8c  system_stm32l4xx.o [1]
  .text              ro code  0x080024fc    0x38  packbits_init_single.o [5]
  .text              ro code  0x08002534    0x28  data_init.o [5]
  .text              ro code  0x0800255c    0x22  fpinit_M.o [4]
  .iar.init_table    const    0x08002580    0x10  - Linker created -
  .text              ro code  0x08002590    0x1e  stm32l4xx_it.o [1]
  .text              ro code  0x080025b0    0x10  stm32l4xx_hal.o [1]
  .text              ro code  0x080025c0    0x1a  cmain.o [5]
  .text              ro code  0x080025da     0x4  low_level_init.o [3]
  .text              ro code  0x080025de     0x4  exit.o [3]
  .text              ro code  0x080025e4     0xa  cexit.o [5]
  .text              ro code  0x080025f0    0x14  exit.o [6]
  .text              ro code  0x08002604    0x10  startup_stm32l476xx.o [1]
  .text              ro code  0x08002614     0xc  cstartup_M.o [5]
  .text              ro code  0x08002620     0x4  startup_stm32l476xx.o [1]
  .text              ro code  0x08002624     0x4  startup_stm32l476xx.o [1]
  .text              ro code  0x08002628     0x4  startup_stm32l476xx.o [1]
  .text              ro code  0x0800262c     0x4  startup_stm32l476xx.o [1]
  .text              ro code  0x08002630     0x4  startup_stm32l476xx.o [1]
  .text              ro code  0x08002634     0x4  startup_stm32l476xx.o [1]
  .text              ro code  0x08002638     0x4  startup_stm32l476xx.o [1]
  .text              ro code  0x0800263c     0x4  startup_stm32l476xx.o [1]
  .text              ro code  0x08002640     0x4  startup_stm32l476xx.o [1]
  .text              ro code  0x08002644     0x4  startup_stm32l476xx.o [1]
  .text              ro code  0x08002648     0x4  startup_stm32l476xx.o [1]
  .text              ro code  0x0800264c     0x4  startup_stm32l476xx.o [1]
  .text              ro code  0x08002650     0x4  startup_stm32l476xx.o [1]
  .text              ro code  0x08002654     0x4  startup_stm32l476xx.o [1]
  .text              ro code  0x08002658     0x4  startup_stm32l476xx.o [1]
  .text              ro code  0x0800265c     0x4  startup_stm32l476xx.o [1]
  .text              ro code  0x08002660     0x4  startup_stm32l476xx.o [1]
  .text              ro code  0x08002664     0x4  startup_stm32l476xx.o [1]
  .text              ro code  0x08002668     0x4  startup_stm32l476xx.o [1]
  .text              ro code  0x0800266c     0x4  startup_stm32l476xx.o [1]
  .text              ro code  0x08002670     0x4  startup_stm32l476xx.o [1]
  .text              ro code  0x08002674     0x4  startup_stm32l476xx.o [1]
  .text              ro code  0x08002678     0x4  startup_stm32l476xx.o [1]
  .text              ro code  0x0800267c     0x4  startup_stm32l476xx.o [1]
  .text              ro code  0x08002680     0x4  startup_stm32l476xx.o [1]
  .text              ro code  0x08002684     0x4  startup_stm32l476xx.o [1]
  .text              ro code  0x08002688     0x4  startup_stm32l476xx.o [1]
  .text              ro code  0x0800268c     0x4  startup_stm32l476xx.o [1]
  .text              ro code  0x08002690     0x4  startup_stm32l476xx.o [1]
  .text              ro code  0x08002694     0x4  startup_stm32l476xx.o [1]
  .text              ro code  0x08002698     0x4  startup_stm32l476xx.o [1]
  .text              ro code  0x0800269c     0x4  startup_stm32l476xx.o [1]
  .text              ro code  0x080026a0     0x4  startup_stm32l476xx.o [1]
  .text              ro code  0x080026a4     0x4  startup_stm32l476xx.o [1]
  .text              ro code  0x080026a8     0x4  startup_stm32l476xx.o [1]
  .text              ro code  0x080026ac     0x4  startup_stm32l476xx.o [1]
  .text              ro code  0x080026b0     0x4  startup_stm32l476xx.o [1]
  .text              ro code  0x080026b4     0x4  startup_stm32l476xx.o [1]
  .text              ro code  0x080026b8     0x4  startup_stm32l476xx.o [1]
  .text              ro code  0x080026bc     0x4  startup_stm32l476xx.o [1]
  .text              ro code  0x080026c0     0x4  startup_stm32l476xx.o [1]
  .text              ro code  0x080026c4     0x4  startup_stm32l476xx.o [1]
  .text              ro code  0x080026c8     0x4  startup_stm32l476xx.o [1]
  .text              ro code  0x080026cc     0x4  startup_stm32l476xx.o [1]
  .text              ro code  0x080026d0     0x4  startup_stm32l476xx.o [1]
  .text              ro code  0x080026d4     0x4  startup_stm32l476xx.o [1]
  .text              ro code  0x080026d8     0x4  startup_stm32l476xx.o [1]
  .text              ro code  0x080026dc     0x4  startup_stm32l476xx.o [1]
  .text              ro code  0x080026e0     0x4  startup_stm32l476xx.o [1]
  .text              ro code  0x080026e4     0x4  startup_stm32l476xx.o [1]
  .text              ro code  0x080026e8     0x4  startup_stm32l476xx.o [1]
  .text              ro code  0x080026ec     0x4  startup_stm32l476xx.o [1]
  .text              ro code  0x080026f0     0x4  startup_stm32l476xx.o [1]
  .text              ro code  0x080026f4     0x4  startup_stm32l476xx.o [1]
  .text              ro code  0x080026f8     0x4  startup_stm32l476xx.o [1]
  .text              ro code  0x080026fc     0x4  startup_stm32l476xx.o [1]
  .text              ro code  0x08002700     0x4  startup_stm32l476xx.o [1]
  .text              ro code  0x08002704     0x4  startup_stm32l476xx.o [1]
  .text              ro code  0x08002708     0x4  startup_stm32l476xx.o [1]
  .text              ro code  0x0800270c     0x4  startup_stm32l476xx.o [1]
  .text              ro code  0x08002710     0x4  startup_stm32l476xx.o [1]
  .text              ro code  0x08002714     0x4  startup_stm32l476xx.o [1]
  .text              ro code  0x08002718     0x4  startup_stm32l476xx.o [1]
  .text              ro code  0x0800271c     0x4  startup_stm32l476xx.o [1]
  .text              ro code  0x08002720     0x4  startup_stm32l476xx.o [1]
  .text              ro code  0x08002724     0x4  startup_stm32l476xx.o [1]
  .text              ro code  0x08002728     0x4  startup_stm32l476xx.o [1]
  .text              ro code  0x0800272c     0x4  startup_stm32l476xx.o [1]
  .text              ro code  0x08002730     0x4  startup_stm32l476xx.o [1]
  .text              ro code  0x08002734     0x4  startup_stm32l476xx.o [1]
  .text              ro code  0x08002738     0x4  startup_stm32l476xx.o [1]
  .text              ro code  0x0800273c     0x4  startup_stm32l476xx.o [1]
  .text              ro code  0x08002740     0x4  startup_stm32l476xx.o [1]
  .text              ro code  0x08002744     0x4  startup_stm32l476xx.o [1]
  .text              ro code  0x08002748     0x4  startup_stm32l476xx.o [1]
  .text              ro code  0x0800274c     0x4  startup_stm32l476xx.o [1]
  .text              ro code  0x08002750     0x4  startup_stm32l476xx.o [1]
  .text              ro code  0x08002754     0x4  startup_stm32l476xx.o [1]
  .text              ro code  0x08002758     0x4  startup_stm32l476xx.o [1]
  .text              ro code  0x0800275c     0x4  startup_stm32l476xx.o [1]
  .text              ro code  0x08002760     0x4  startup_stm32l476xx.o [1]
  .rodata            const    0x08002764     0x0  packbits_init_single.o [5]
  Initializer bytes  const    0x08002764    0x13  <for P2-1>
                            - 0x08002777  0x25ef

"P2", part 1 of 2:                          0x80
  P2-1                        0x20000000    0x80  <Init block>
    .data            inited   0x20000000    0x70  main.o [1]
    .data            inited   0x20000070     0x8  stm32l476g_discovery.o [1]
    .data            inited   0x20000078     0x4  system_stm32l4xx.o [1]
    .bss             inited   0x2000007c     0x4  stm32l4xx_hal.o [1]
                            - 0x20000080    0x80

"P2", part 2 of 2:                         0x400
  CSTACK                      0x20000080   0x400  <Block>
    CSTACK           uninit   0x20000080   0x400  <Block tail>
                            - 0x20000480   0x400


*******************************************************************************
*** INIT TABLE
***

          Address     Size
          -------     ----
Copy/packbits (__iar_packbits_init_single3)
    1 source range, total size 0x13 (14% of destination):
          0x08002764  0x13
    1 destination range, total size 0x80:
          0x20000000  0x80



*******************************************************************************
*** MODULE SUMMARY
***

    Module                  ro code  ro data  rw data
    ------                  -------  -------  -------
C:\Users\bacem.kaabia\Desktop\Communications séries\@BMP280\EWARM\STM32L476G-Discovery\Obj: [1]
    main.o                      808       16      112
    startup_stm32l476xx.o       732
    stm32l476g_discovery.o      140        1        8
    stm32l4xx_hal.o             134        1        4
    stm32l4xx_hal_cortex.o      202
    stm32l4xx_hal_dma.o          74
    stm32l4xx_hal_gpio.o        484
    stm32l4xx_hal_i2c.o       3 572
    stm32l4xx_hal_i2c_ex.o      134
    stm32l4xx_hal_msp.o         212
    stm32l4xx_hal_pwr_ex.o      124
    stm32l4xx_hal_rcc.o       1 708
    stm32l4xx_hal_rcc_ex.o    1 350
    stm32l4xx_it.o               30
    system_stm32l4xx.o          140        1        4
    -------------------------------------------------
    Total:                    9 844       19      128

command line: [2]
    -------------------------------------------------
    Total:

dl7M_tlf.a: [3]
    exit.o                        4
    low_level_init.o              4
    -------------------------------------------------
    Total:                        8

m7M_tls.a: [4]
    fpinit_M.o                   34
    -------------------------------------------------
    Total:                       34

rt7M_tl.a: [5]
    cexit.o                      10
    cmain.o                      26
    cstartup_M.o                 12
    data_init.o                  40
    packbits_init_single.o       56
    -------------------------------------------------
    Total:                      144

shb_l.a: [6]
    exit.o                       20
    -------------------------------------------------
    Total:                       20

    Gaps                         16        2
    Linker created                        16    1 024
-----------------------------------------------------
    Grand Total:             10 066       37    1 152


*******************************************************************************
*** ENTRY LIST
***

Entry                      Address   Size  Type      Object
-----                      -------   ----  ----      ------
.iar.init_table$$Base   0x08002580          --   Gb  - Linker created -
.iar.init_table$$Limit  0x08002590          --   Gb  - Linker created -
?main                   0x080025c1         Code  Gb  cmain.o [5]
AHBPrescTable           0x080024bc   0x10  Data  Gb  system_stm32l4xx.o [1]
BSP_LED_Init            0x0800233d   0x68  Code  Gb  stm32l476g_discovery.o [1]
BSP_LED_On              0x080023a5   0x16  Code  Gb  stm32l476g_discovery.o [1]
BusFault_Handler        0x08002597    0x2  Code  Gb  stm32l4xx_it.o [1]
CSTACK$$Base            0x20000080          --   Gb  - Linker created -
CSTACK$$Limit           0x20000480          --   Gb  - Linker created -
DebugMon_Handler        0x0800259d    0x2  Code  Gb  stm32l4xx_it.o [1]
DeviceAdress            0x20000010    0x2  Data  Gb  main.o [1]
HAL_DMA_Abort_IT        0x08001059   0x40  Code  Gb  stm32l4xx_hal_dma.o [1]
HAL_Delay               0x080023c9   0x1e  Code  Wk  stm32l4xx_hal.o [1]
HAL_GPIO_Init           0x08001175  0x1b4  Code  Gb  stm32l4xx_hal_gpio.o [1]
HAL_GPIO_WritePin       0x08001329    0xa  Code  Gb  stm32l4xx_hal_gpio.o [1]
HAL_GetTick             0x0800103d    0xc  Code  Wk  stm32l4xx_hal.o [1]
HAL_I2CEx_ConfigAnalogFilter
                        0x080023e9   0x30  Code  Gb  stm32l4xx_hal_i2c_ex.o [1]
HAL_I2CEx_ConfigDigitalFilter
                        0x08002419   0x2c  Code  Gb  stm32l4xx_hal_i2c_ex.o [1]
HAL_I2C_GetState        0x080005eb    0x6  Code  Gb  stm32l4xx_hal_i2c.o [1]
HAL_I2C_Init            0x08000189   0xa2  Code  Gb  stm32l4xx_hal_i2c.o [1]
HAL_I2C_IsDeviceReady   0x080004e9   0xf0  Code  Gb  stm32l4xx_hal_i2c.o [1]
HAL_I2C_Mem_Read        0x08000377   0xd8  Code  Gb  stm32l4xx_hal_i2c.o [1]
HAL_I2C_Mem_Write       0x08000263   0xd4  Code  Gb  stm32l4xx_hal_i2c.o [1]
HAL_I2C_MspInit         0x08000fef   0x42  Code  Gb  stm32l4xx_hal_msp.o [1]
HAL_IncTick             0x080025b1   0x10  Code  Wk  stm32l4xx_hal.o [1]
HAL_Init                0x08002319   0x20  Code  Gb  stm32l4xx_hal.o [1]
HAL_InitTick            0x08001a05   0x28  Code  Wk  stm32l4xx_hal.o [1]
HAL_MspInit             0x08000f69   0x86  Code  Gb  stm32l4xx_hal_msp.o [1]
HAL_NVIC_SetPriority    0x080010dd   0x3a  Code  Gb  stm32l4xx_hal_cortex.o [1]
HAL_NVIC_SetPriorityGrouping
                        0x080010c3   0x1a  Code  Gb  stm32l4xx_hal_cortex.o [1]
HAL_PWREx_ControlVoltageScaling
                        0x08001a39   0x64  Code  Gb  stm32l4xx_hal_pwr_ex.o [1]
HAL_PWREx_GetVoltageRange
                        0x08001a2d    0xc  Code  Gb  stm32l4xx_hal_pwr_ex.o [1]
HAL_RCCEx_PeriphCLKConfig
                        0x08001aa9  0x312  Code  Gb  stm32l4xx_hal_rcc_ex.o [1]
HAL_RCC_ClockConfig     0x0800175f  0x122  Code  Gb  stm32l4xx_hal_rcc.o [1]
HAL_RCC_GetHCLKFreq     0x08001957    0x6  Code  Gb  stm32l4xx_hal_rcc.o [1]
HAL_RCC_GetSysClockFreq
                        0x080018a9   0xae  Code  Gb  stm32l4xx_hal_rcc.o [1]
HAL_RCC_OscConfig       0x08001359  0x3da  Code  Gb  stm32l4xx_hal_rcc.o [1]
HAL_SYSTICK_CLKSourceConfig
                        0x0800113f   0x1a  Code  Gb  stm32l4xx_hal_cortex.o [1]
HAL_SYSTICK_Config      0x08001117   0x28  Code  Gb  stm32l4xx_hal_cortex.o [1]
HAL_SYSTICK_IRQHandler  0x08001159    0x4  Code  Gb  stm32l4xx_hal_cortex.o [1]
HardFault_Handler       0x08002593    0x2  Code  Gb  stm32l4xx_it.o [1]
I2C_DMAAbort            0x08000cf9   0x2c  Code  Lc  stm32l4xx_hal_i2c.o [1]
I2C_Disable_IRQ         0x08000f09   0x60  Code  Lc  stm32l4xx_hal_i2c.o [1]
I2C_Enable_IRQ          0x08000e87   0x66  Code  Lc  stm32l4xx_hal_i2c.o [1]
I2C_Flush_TXDR          0x08000cdd   0x1c  Code  Lc  stm32l4xx_hal_i2c.o [1]
I2C_ITAddrCplt          0x08000911   0x8e  Code  Lc  stm32l4xx_hal_i2c.o [1]
I2C_ITError             0x08000bfb   0xc6  Code  Lc  stm32l4xx_hal_i2c.o [1]
I2C_ITListenCplt        0x08000bb1   0x4a  Code  Lc  stm32l4xx_hal_i2c.o [1]
I2C_ITMasterCplt        0x080009fd   0x9c  Code  Lc  stm32l4xx_hal_i2c.o [1]
I2C_ITSlaveCplt         0x08000ab7   0xda  Code  Lc  stm32l4xx_hal_i2c.o [1]
I2C_ITSlaveSequentialCplt
                        0x080009ab   0x52  Code  Lc  stm32l4xx_hal_i2c.o [1]
I2C_IsAcknowledgeFailed
                        0x08000df5   0x5c  Code  Lc  stm32l4xx_hal_i2c.o [1]
I2C_Master_ISR_DMA      0x0800072d   0xbc  Code  Lc  stm32l4xx_hal_i2c.o [1]
I2C_RequestMemoryRead   0x080008a9   0x48  Code  Lc  stm32l4xx_hal_i2c.o [1]
I2C_RequestMemoryWrite  0x08000851   0x4a  Code  Lc  stm32l4xx_hal_i2c.o [1]
I2C_Slave_ISR_DMA       0x080007e9   0x62  Code  Lc  stm32l4xx_hal_i2c.o [1]
I2C_Slave_ISR_IT        0x08000615   0xec  Code  Lc  stm32l4xx_hal_i2c.o [1]
I2C_TransferConfig      0x08000e69   0x1e  Code  Lc  stm32l4xx_hal_i2c.o [1]
I2C_WaitOnFlagUntilTimeout
                        0x08000d25   0x4a  Code  Lc  stm32l4xx_hal_i2c.o [1]
I2C_WaitOnSTOPFlagUntilTimeout
                        0x08000da1   0x2c  Code  Lc  stm32l4xx_hal_i2c.o [1]
I2C_WaitOnTXISFlagUntilTimeout
                        0x08000d6f   0x32  Code  Lc  stm32l4xx_hal_i2c.o [1]
I2cData                 0x20000008    0x2  Data  Gb  main.o [1]
LED_PIN                 0x080023c4    0x4  Data  Gb  stm32l476g_discovery.o [1]
LED_PORT                0x20000070    0x8  Data  Gb  stm32l476g_discovery.o [1]
MSIRangeTable           0x080024cc   0x30  Data  Gb  system_stm32l4xx.o [1]
MX_I2C1_Init            0x080022bf   0x3e  Code  Lc  main.o [1]
MemManage_Handler       0x08002595    0x2  Code  Gb  stm32l4xx_it.o [1]
NMI_Handler             0x08002591    0x2  Code  Gb  stm32l4xx_it.o [1]
PRESSION                0x20000064    0x4  Data  Gb  main.o [1]
PendSV_Handler          0x0800259f    0x2  Code  Gb  stm32l4xx_it.o [1]
Press                   0x20000004    0x4  Data  Gb  main.o [1]
RCCEx_PLLSAI1_Config    0x08001de5   0xec  Code  Lc  stm32l4xx_hal_rcc_ex.o [1]
RCCEx_PLLSAI2_Config    0x08001ed5   0xce  Code  Lc  stm32l4xx_hal_rcc_ex.o [1]
RCC_SetFlashLatencyFromMSIRange
                        0x0800195d   0x76  Code  Lc  stm32l4xx_hal_rcc.o [1]
Region$$Table$$Base     0x08002580          --   Gb  - Linker created -
Region$$Table$$Limit    0x08002590          --   Gb  - Linker created -
SVC_Handler             0x0800259b    0x2  Code  Gb  stm32l4xx_it.o [1]
SysTick_Handler         0x080025a1    0xe  Code  Gb  stm32l4xx_it.o [1]
SystemClock_Config      0x08002229   0x96  Code  Gb  main.o [1]
SystemCoreClock         0x20000078    0x4  Data  Gb  system_stm32l4xx.o [1]
SystemInit              0x08002471   0x3c  Code  Gb  system_stm32l4xx.o [1]
TEMPERATURE             0x20000060    0x4  Data  Gb  main.o [1]
T_deg                   0x2000006c    0x4  Data  Gb  main.o [1]
Temp                    0x20000000    0x4  Data  Gb  main.o [1]
UsageFault_Handler      0x08002599    0x2  Code  Gb  stm32l4xx_it.o [1]
__NVIC_SetPriority      0x080010a9   0x1a  Code  Lc  stm32l4xx_hal_cortex.o [1]
__cmain                 0x080025c1         Code  Gb  cmain.o [5]
__exit                  0x080025f1   0x14  Code  Gb  exit.o [6]
__iar_data_init3        0x08002535   0x28  Code  Gb  data_init.o [5]
__iar_init_vfp          0x0800255d         Code  Gb  fpinit_M.o [4]
__iar_packbits_init_single3
                        0x080024fd   0x38  Code  Gb  packbits_init_single.o [5]
__iar_program_start     0x08002615         Code  Gb  cstartup_M.o [5]
__iar_systems$$module {Abs}
                        0x00000001         Data  Gb  command line/config [2]
__low_level_init        0x080025db    0x4  Code  Gb  low_level_init.o [3]
__vector_table          0x08000000         Data  Gb  startup_stm32l476xx.o [1]
_call_main              0x080025cd         Code  Gb  cmain.o [5]
_exit                   0x080025e5         Code  Gb  cexit.o [5]
_main                   0x080025d7         Code  Gb  cmain.o [5]
dig_T1                  0x2000000a    0x2  Data  Gb  main.o [1]
dig_T2                  0x2000000c    0x2  Data  Gb  main.o [1]
dig_T3                  0x2000000e    0x2  Data  Gb  main.o [1]
exit                    0x080025df    0x4  Code  Gb  exit.o [3]
hi2c1                   0x20000014   0x4c  Data  Gb  main.o [1]
main                    0x08001ff1  0x1e0  Code  Gb  main.o [1]
t_fine                  0x20000068    0x4  Data  Gb  main.o [1]
uwTick                  0x2000007c    0x4  Data  Gb  stm32l4xx_hal.o [1]


[1] = C:\Users\bacem.kaabia\Desktop\Communications séries\@BMP280\EWARM\STM32L476G-Discovery\Obj
[2] = command line
[3] = dl7M_tlf.a
[4] = m7M_tls.a
[5] = rt7M_tl.a
[6] = shb_l.a

  10 066 bytes of readonly  code memory
      37 bytes of readonly  data memory
   1 152 bytes of readwrite data memory

Errors: none
Warnings: none
