###############################################################################
#
# IAR ELF Linker V8.11.1.13263/W32 for ARM                09/Nov/2018  12:48:08
# Copyright 2007-2017 IAR Systems AB.
#
#    Output file  =  
#        C:\Users\bacem.kaabia\Desktop\Communications
#        séries\SPI_DMA_slave\EWARM\STM32L476G-Discovery\Exe\Project.out
#    Map file     =  
#        C:\Users\bacem.kaabia\Desktop\Communications
#        séries\SPI_DMA_slave\EWARM\STM32L476G-Discovery\List\Project.map
#    Command line =  
#        -f C:\Users\BACEM~1.KAA\AppData\Local\Temp\EW8299.tmp
#        ("C:\Users\bacem.kaabia\Desktop\Communications
#        séries\SPI_DMA_slave\EWARM\STM32L476G-Discovery\Obj\main.o"
#        "C:\Users\bacem.kaabia\Desktop\Communications
#        séries\SPI_DMA_slave\EWARM\STM32L476G-Discovery\Obj\startup_stm32l476xx.o"
#        "C:\Users\bacem.kaabia\Desktop\Communications
#        séries\SPI_DMA_slave\EWARM\STM32L476G-Discovery\Obj\stm32l476g_discovery.o"
#        "C:\Users\bacem.kaabia\Desktop\Communications
#        séries\SPI_DMA_slave\EWARM\STM32L476G-Discovery\Obj\stm32l4xx_hal.o"
#        "C:\Users\bacem.kaabia\Desktop\Communications
#        séries\SPI_DMA_slave\EWARM\STM32L476G-Discovery\Obj\stm32l4xx_hal_cortex.o"
#        "C:\Users\bacem.kaabia\Desktop\Communications
#        séries\SPI_DMA_slave\EWARM\STM32L476G-Discovery\Obj\stm32l4xx_hal_dma.o"
#        "C:\Users\bacem.kaabia\Desktop\Communications
#        séries\SPI_DMA_slave\EWARM\STM32L476G-Discovery\Obj\stm32l4xx_hal_gpio.o"
#        "C:\Users\bacem.kaabia\Desktop\Communications
#        séries\SPI_DMA_slave\EWARM\STM32L476G-Discovery\Obj\stm32l4xx_hal_msp.o"
#        "C:\Users\bacem.kaabia\Desktop\Communications
#        séries\SPI_DMA_slave\EWARM\STM32L476G-Discovery\Obj\stm32l4xx_hal_pwr.o"
#        "C:\Users\bacem.kaabia\Desktop\Communications
#        séries\SPI_DMA_slave\EWARM\STM32L476G-Discovery\Obj\stm32l4xx_hal_pwr_ex.o"
#        "C:\Users\bacem.kaabia\Desktop\Communications
#        séries\SPI_DMA_slave\EWARM\STM32L476G-Discovery\Obj\stm32l4xx_hal_rcc.o"
#        "C:\Users\bacem.kaabia\Desktop\Communications
#        séries\SPI_DMA_slave\EWARM\STM32L476G-Discovery\Obj\stm32l4xx_hal_rcc_ex.o"
#        "C:\Users\bacem.kaabia\Desktop\Communications
#        séries\SPI_DMA_slave\EWARM\STM32L476G-Discovery\Obj\stm32l4xx_hal_spi.o"
#        "C:\Users\bacem.kaabia\Desktop\Communications
#        séries\SPI_DMA_slave\EWARM\STM32L476G-Discovery\Obj\stm32l4xx_it.o"
#        "C:\Users\bacem.kaabia\Desktop\Communications
#        séries\SPI_DMA_slave\EWARM\STM32L476G-Discovery\Obj\system_stm32l4xx.o"
#        --redirect _Printf=_PrintfSmall --redirect _Scanf=_ScanfSmall -o
#        "C:\Users\bacem.kaabia\Desktop\Communications
#        séries\SPI_DMA_slave\EWARM\STM32L476G-Discovery\Exe\Project.out"
#        --map "C:\Users\bacem.kaabia\Desktop\Communications
#        séries\SPI_DMA_slave\EWARM\STM32L476G-Discovery\List\Project.map"
#        --config "C:\Users\bacem.kaabia\Desktop\Communications
#        séries\SPI_DMA_slave\EWARM\stm32l476xx_flash.icf" --semihosting
#        --entry __iar_program_start --vfe --text_out locale)
#
###############################################################################

*******************************************************************************
*** RUNTIME MODEL ATTRIBUTES
***

CppFlavor       = *
__SystemLibrary = DLib
__dlib_version  = 6


*******************************************************************************
*** HEAP SELECTION
***

The basic heap was selected because no calls to memory allocation
functions were found in the application outside of system library
functions, and there are calls to deallocation functions in the
application.


*******************************************************************************
*** PLACEMENT SUMMARY
***

"A0":  place at 0x08000000 { ro section .intvec };
"P1":  place in [from 0x08000000 to 0x080fffff] { ro };
"P2":  place in [from 0x20000000 to 0x20017fff] { rw, block CSTACK, block HEAP };
initialize by copy { rw };

  Section            Kind        Address    Size  Object
  -------            ----        -------    ----  ------
"A0":                                      0x188
  .intvec            ro code  0x08000000   0x188  startup_stm32l476xx.o [1]
                            - 0x08000188   0x188

"P1":                                     0x1939
  .text              ro code  0x08000188   0x6a4  stm32l4xx_hal_rcc.o [1]
  .text              ro code  0x0800082c     0xc  stm32l4xx_hal.o [1]
  .text              ro code  0x08000838    0x28  stm32l4xx_hal.o [1]
  .text              ro code  0x08000860    0x10  stm32l4xx_hal_pwr_ex.o [1]
  .text              ro code  0x08000870    0xc8  stm32l4xx_hal_cortex.o [1]
  .text              ro code  0x08000938   0x65a  stm32l4xx_hal_spi.o [1]
  .text              ro code  0x08000f94   0x130  stm32l4xx_hal_msp.o [1]
  .text              ro code  0x080010c4   0x1f8  stm32l4xx_hal_dma.o [1]
  .text              ro code  0x080012bc     0x2  stm32l4xx_hal_spi.o [1]
  .text              ro code  0x080012c0   0x138  main.o [1]
  .text              ro code  0x080013f8     0x2  stm32l4xx_hal_spi.o [1]
  .text              ro code  0x080013fa     0x2  stm32l4xx_hal_spi.o [1]
  .text              ro code  0x080013fc   0x1ec  stm32l4xx_hal_gpio.o [1]
  .text              ro code  0x080015e8    0x18  stm32l4xx_hal.o [1]
  .text              ro code  0x08001600    0xb4  stm32l476g_discovery.o [1]
  .text              ro code  0x080016b4     0x6  ABImemclr4.o [5]
  .text              ro code  0x080016ba    0x1e  stm32l4xx_hal.o [1]
  .text              ro code  0x080016d8    0x32  ABImemset48.o [5]
  .text              ro code  0x0800170c    0x8c  system_stm32l4xx.o [1]
  .text              ro code  0x08001798    0x40  zero_init3.o [5]
  .text              ro code  0x080017d8    0x38  packbits_init_single.o [5]
  .text              ro code  0x08001810    0x28  stm32l4xx_it.o [1]
  .text              ro code  0x08001838    0x10  stm32l4xx_hal.o [1]
  .text              ro code  0x08001848    0x28  data_init.o [5]
  .text              ro code  0x08001870    0x22  fpinit_M.o [4]
  .iar.init_table    const    0x08001894    0x20  - Linker created -
  .text              ro code  0x080018b4    0x1a  cmain.o [5]
  .text              ro code  0x080018ce     0x4  low_level_init.o [3]
  .text              ro code  0x080018d2     0x4  exit.o [3]
  .text              ro code  0x080018d8     0xa  cexit.o [5]
  .text              ro code  0x080018e4    0x14  exit.o [6]
  .text              ro code  0x080018f8    0x10  startup_stm32l476xx.o [1]
  .text              ro code  0x08001908     0xc  cstartup_M.o [5]
  .text              ro code  0x08001914     0x4  startup_stm32l476xx.o [1]
  .text              ro code  0x08001918     0x4  startup_stm32l476xx.o [1]
  .text              ro code  0x0800191c     0x4  startup_stm32l476xx.o [1]
  .text              ro code  0x08001920     0x4  startup_stm32l476xx.o [1]
  .text              ro code  0x08001924     0x4  startup_stm32l476xx.o [1]
  .text              ro code  0x08001928     0x4  startup_stm32l476xx.o [1]
  .text              ro code  0x0800192c     0x4  startup_stm32l476xx.o [1]
  .text              ro code  0x08001930     0x4  startup_stm32l476xx.o [1]
  .text              ro code  0x08001934     0x4  startup_stm32l476xx.o [1]
  .text              ro code  0x08001938     0x4  startup_stm32l476xx.o [1]
  .text              ro code  0x0800193c     0x4  startup_stm32l476xx.o [1]
  .text              ro code  0x08001940     0x4  startup_stm32l476xx.o [1]
  .text              ro code  0x08001944     0x4  startup_stm32l476xx.o [1]
  .text              ro code  0x08001948     0x4  startup_stm32l476xx.o [1]
  .text              ro code  0x0800194c     0x4  startup_stm32l476xx.o [1]
  .text              ro code  0x08001950     0x4  startup_stm32l476xx.o [1]
  .text              ro code  0x08001954     0x4  startup_stm32l476xx.o [1]
  .text              ro code  0x08001958     0x4  startup_stm32l476xx.o [1]
  .text              ro code  0x0800195c     0x4  startup_stm32l476xx.o [1]
  .text              ro code  0x08001960     0x4  startup_stm32l476xx.o [1]
  .text              ro code  0x08001964     0x4  startup_stm32l476xx.o [1]
  .text              ro code  0x08001968     0x4  startup_stm32l476xx.o [1]
  .text              ro code  0x0800196c     0x4  startup_stm32l476xx.o [1]
  .text              ro code  0x08001970     0x4  startup_stm32l476xx.o [1]
  .text              ro code  0x08001974     0x4  startup_stm32l476xx.o [1]
  .text              ro code  0x08001978     0x4  startup_stm32l476xx.o [1]
  .text              ro code  0x0800197c     0x4  startup_stm32l476xx.o [1]
  .text              ro code  0x08001980     0x4  startup_stm32l476xx.o [1]
  .text              ro code  0x08001984     0x4  startup_stm32l476xx.o [1]
  .text              ro code  0x08001988     0x4  startup_stm32l476xx.o [1]
  .text              ro code  0x0800198c     0x4  startup_stm32l476xx.o [1]
  .text              ro code  0x08001990     0x4  startup_stm32l476xx.o [1]
  .text              ro code  0x08001994     0x4  startup_stm32l476xx.o [1]
  .text              ro code  0x08001998     0x4  startup_stm32l476xx.o [1]
  .text              ro code  0x0800199c     0x4  startup_stm32l476xx.o [1]
  .text              ro code  0x080019a0     0x4  startup_stm32l476xx.o [1]
  .text              ro code  0x080019a4     0x4  startup_stm32l476xx.o [1]
  .text              ro code  0x080019a8     0x4  startup_stm32l476xx.o [1]
  .text              ro code  0x080019ac     0x4  startup_stm32l476xx.o [1]
  .text              ro code  0x080019b0     0x4  startup_stm32l476xx.o [1]
  .text              ro code  0x080019b4     0x4  startup_stm32l476xx.o [1]
  .text              ro code  0x080019b8     0x4  startup_stm32l476xx.o [1]
  .text              ro code  0x080019bc     0x4  startup_stm32l476xx.o [1]
  .text              ro code  0x080019c0     0x4  startup_stm32l476xx.o [1]
  .text              ro code  0x080019c4     0x4  startup_stm32l476xx.o [1]
  .text              ro code  0x080019c8     0x4  startup_stm32l476xx.o [1]
  .text              ro code  0x080019cc     0x4  startup_stm32l476xx.o [1]
  .text              ro code  0x080019d0     0x4  startup_stm32l476xx.o [1]
  .text              ro code  0x080019d4     0x4  startup_stm32l476xx.o [1]
  .text              ro code  0x080019d8     0x4  startup_stm32l476xx.o [1]
  .text              ro code  0x080019dc     0x4  startup_stm32l476xx.o [1]
  .text              ro code  0x080019e0     0x4  startup_stm32l476xx.o [1]
  .text              ro code  0x080019e4     0x4  startup_stm32l476xx.o [1]
  .text              ro code  0x080019e8     0x4  startup_stm32l476xx.o [1]
  .text              ro code  0x080019ec     0x4  startup_stm32l476xx.o [1]
  .text              ro code  0x080019f0     0x4  startup_stm32l476xx.o [1]
  .text              ro code  0x080019f4     0x4  startup_stm32l476xx.o [1]
  .text              ro code  0x080019f8     0x4  startup_stm32l476xx.o [1]
  .text              ro code  0x080019fc     0x4  startup_stm32l476xx.o [1]
  .text              ro code  0x08001a00     0x4  startup_stm32l476xx.o [1]
  .text              ro code  0x08001a04     0x4  startup_stm32l476xx.o [1]
  .text              ro code  0x08001a08     0x4  startup_stm32l476xx.o [1]
  .text              ro code  0x08001a0c     0x4  startup_stm32l476xx.o [1]
  .text              ro code  0x08001a10     0x4  startup_stm32l476xx.o [1]
  .text              ro code  0x08001a14     0x4  startup_stm32l476xx.o [1]
  .text              ro code  0x08001a18     0x4  startup_stm32l476xx.o [1]
  .text              ro code  0x08001a1c     0x4  startup_stm32l476xx.o [1]
  .text              ro code  0x08001a20     0x4  startup_stm32l476xx.o [1]
  .text              ro code  0x08001a24     0x4  startup_stm32l476xx.o [1]
  .text              ro code  0x08001a28     0x4  startup_stm32l476xx.o [1]
  .text              ro code  0x08001a2c     0x4  startup_stm32l476xx.o [1]
  .text              ro code  0x08001a30     0x4  startup_stm32l476xx.o [1]
  .text              ro code  0x08001a34     0x4  startup_stm32l476xx.o [1]
  .text              ro code  0x08001a38     0x4  startup_stm32l476xx.o [1]
  .text              ro code  0x08001a3c     0x4  startup_stm32l476xx.o [1]
  .text              ro code  0x08001a40     0x4  startup_stm32l476xx.o [1]
  .text              ro code  0x08001a44     0x4  startup_stm32l476xx.o [1]
  .text              ro code  0x08001a48     0x4  startup_stm32l476xx.o [1]
  .text              ro code  0x08001a4c     0x4  startup_stm32l476xx.o [1]
  .rodata            const    0x08001a50     0x0  zero_init3.o [5]
  .rodata            const    0x08001a50     0x0  packbits_init_single.o [5]
  Initializer bytes  const    0x08001a50    0x71  <for P2-1>
                            - 0x08001ac1  0x1939

"P2", part 1 of 3:                         0x154
  P2-1                        0x20000000   0x154  <Init block>
    .data            inited   0x20000000   0x148  main.o [1]
    .data            inited   0x20000148     0x8  stm32l476g_discovery.o [1]
    .data            inited   0x20000150     0x4  system_stm32l4xx.o [1]
                            - 0x20000154   0x154

"P2", part 2 of 3:                         0x400
  CSTACK                      0x20000158   0x400  <Block>
    CSTACK           uninit   0x20000158   0x400  <Block tail>
                            - 0x20000558   0x400

"P2", part 3 of 3:                          0x94
  .bss               zero     0x20000558    0x48  stm32l4xx_hal_msp.o [1]
  .bss               zero     0x200005a0    0x48  stm32l4xx_hal_msp.o [1]
  .bss               zero     0x200005e8     0x4  stm32l4xx_hal.o [1]
                            - 0x200005ec    0x94


*******************************************************************************
*** INIT TABLE
***

          Address     Size
          -------     ----
Zero (__iar_zero_init3)
    1 destination range, total size 0x94:
          0x20000558   0x94

Copy/packbits (__iar_packbits_init_single3)
    1 source range, total size 0x71 (33% of destination):
          0x08001a50   0x71
    1 destination range, total size 0x154:
          0x20000000  0x154



*******************************************************************************
*** MODULE SUMMARY
***

    Module                  ro code  ro data  rw data
    ------                  -------  -------  -------
C:\Users\bacem.kaabia\Desktop\Communications séries\SPI_DMA_slave\EWARM\STM32L476G-Discovery\Obj: [1]
    main.o                      312      109      328
    startup_stm32l476xx.o       724
    stm32l476g_discovery.o      180        2        8
    stm32l4xx_hal.o             122                 4
    stm32l4xx_hal_cortex.o      200
    stm32l4xx_hal_dma.o         504
    stm32l4xx_hal_gpio.o        492
    stm32l4xx_hal_msp.o         304               144
    stm32l4xx_hal_pwr_ex.o       16
    stm32l4xx_hal_rcc.o       1 700
    stm32l4xx_hal_spi.o       1 632
    stm32l4xx_it.o               40
    system_stm32l4xx.o          140        2        4
    -------------------------------------------------
    Total:                    6 366      113      488

command line: [2]
    -------------------------------------------------
    Total:

dl7M_tlf.a: [3]
    exit.o                        4
    low_level_init.o              4
    -------------------------------------------------
    Total:                        8

m7M_tls.a: [4]
    fpinit_M.o                   34
    -------------------------------------------------
    Total:                       34

rt7M_tl.a: [5]
    ABImemclr4.o                  6
    ABImemset48.o                50
    cexit.o                      10
    cmain.o                      26
    cstartup_M.o                 12
    data_init.o                  40
    packbits_init_single.o       56
    zero_init3.o                 64
    -------------------------------------------------
    Total:                      264

shb_l.a: [6]
    exit.o                       20
    -------------------------------------------------
    Total:                       20

    Gaps                         10        2
    Linker created                        32    1 024
-----------------------------------------------------
    Grand Total:              6 702      147    1 512


*******************************************************************************
*** ENTRY LIST
***

Entry                      Address   Size  Type      Object
-----                      -------   ----  ----      ------
.iar.init_table$$Base   0x08001894          --   Gb  - Linker created -
.iar.init_table$$Limit  0x080018b4          --   Gb  - Linker created -
?main                   0x080018b5         Code  Gb  cmain.o [5]
AHBPrescTable           0x08001758   0x10  Data  Gb  system_stm32l4xx.o [1]
BSP_LED_Init            0x08001601   0x68  Code  Gb  stm32l476g_discovery.o [1]
BSP_LED_Off             0x0800167f   0x16  Code  Gb  stm32l476g_discovery.o [1]
BSP_LED_On              0x08001669   0x16  Code  Gb  stm32l476g_discovery.o [1]
BSP_LED_Toggle          0x08001695   0x14  Code  Gb  stm32l476g_discovery.o [1]
BusFault_Handler        0x08001817    0x2  Code  Gb  stm32l4xx_it.o [1]
CSTACK$$Base            0x20000158          --   Gb  - Linker created -
CSTACK$$Limit           0x20000558          --   Gb  - Linker created -
DMA1_Channel2_IRQHandler
                        0x08001825    0x8  Code  Gb  stm32l4xx_it.o [1]
DMA1_Channel3_IRQHandler
                        0x0800182d    0x8  Code  Gb  stm32l4xx_it.o [1]
DMA_SetConfig           0x0800129b   0x22  Code  Lc  stm32l4xx_hal_dma.o [1]
DebugMon_Handler        0x0800181d    0x2  Code  Gb  stm32l4xx_it.o [1]
Error_Handler           0x080013e1   0x18  Code  Lc  main.o [1]
HAL_DMA_IRQHandler      0x080011ef   0xa2  Code  Gb  stm32l4xx_hal_dma.o [1]
HAL_DMA_Init            0x080010c5   0x98  Code  Gb  stm32l4xx_hal_dma.o [1]
HAL_DMA_Start_IT        0x08001185   0x6a  Code  Gb  stm32l4xx_hal_dma.o [1]
HAL_Delay               0x080016bb   0x1e  Code  Wk  stm32l4xx_hal.o [1]
HAL_GPIO_Init           0x080013fd  0x1b4  Code  Gb  stm32l4xx_hal_gpio.o [1]
HAL_GPIO_TogglePin      0x080015bb    0x8  Code  Gb  stm32l4xx_hal_gpio.o [1]
HAL_GPIO_WritePin       0x080015b1    0xa  Code  Gb  stm32l4xx_hal_gpio.o [1]
HAL_GetTick             0x0800082d    0xc  Code  Wk  stm32l4xx_hal.o [1]
HAL_IncTick             0x08001839   0x10  Code  Wk  stm32l4xx_hal.o [1]
HAL_Init                0x080015e9   0x16  Code  Gb  stm32l4xx_hal.o [1]
HAL_InitTick            0x08000839   0x28  Code  Wk  stm32l4xx_hal.o [1]
HAL_NVIC_EnableIRQ      0x080008df   0x18  Code  Gb  stm32l4xx_hal_cortex.o [1]
HAL_NVIC_SetPriority    0x080008a5   0x3a  Code  Gb  stm32l4xx_hal_cortex.o [1]
HAL_NVIC_SetPriorityGrouping
                        0x0800088b   0x1a  Code  Gb  stm32l4xx_hal_cortex.o [1]
HAL_PWREx_GetVoltageRange
                        0x08000861    0xc  Code  Gb  stm32l4xx_hal_pwr_ex.o [1]
HAL_RCC_ClockConfig     0x0800058f  0x122  Code  Gb  stm32l4xx_hal_rcc.o [1]
HAL_RCC_GetSysClockFreq
                        0x080006d9   0xae  Code  Gb  stm32l4xx_hal_rcc.o [1]
HAL_RCC_OscConfig       0x08000189  0x3da  Code  Gb  stm32l4xx_hal_rcc.o [1]
HAL_SPI_ErrorCallback   0x080013cf    0x8  Code  Gb  main.o [1]
HAL_SPI_Init            0x08000939   0xbc  Code  Gb  stm32l4xx_hal_spi.o [1]
HAL_SPI_MspInit         0x08000f95   0xf4  Code  Gb  stm32l4xx_hal_msp.o [1]
HAL_SPI_TransmitReceive_DMA
                        0x08000a13   0xde  Code  Gb  stm32l4xx_hal_spi.o [1]
HAL_SPI_TxRxCpltCallback
                        0x080013bf   0x10  Code  Gb  main.o [1]
HAL_SYSTICK_Config      0x080008f7   0x28  Code  Gb  stm32l4xx_hal_cortex.o [1]
HardFault_Handler       0x08001813    0x2  Code  Gb  stm32l4xx_it.o [1]
LED_PIN                 0x080016b0    0x4  Data  Gb  stm32l476g_discovery.o [1]
LED_PORT                0x20000148    0x8  Data  Gb  stm32l476g_discovery.o [1]
MSIRangeTable           0x08001768   0x30  Data  Gb  system_stm32l4xx.o [1]
MemManage_Handler       0x08001815    0x2  Code  Gb  stm32l4xx_it.o [1]
NMI_Handler             0x08001811    0x2  Code  Gb  stm32l4xx_it.o [1]
PendSV_Handler          0x0800181f    0x2  Code  Gb  stm32l4xx_it.o [1]
RCC_SetFlashLatencyFromMSIRange
                        0x08000787   0x76  Code  Lc  stm32l4xx_hal_rcc.o [1]
Region$$Table$$Base     0x08001894          --   Gb  - Linker created -
Region$$Table$$Limit    0x080018b4          --   Gb  - Linker created -
SPI_DMAError            0x08000d6d   0x1e  Code  Lc  stm32l4xx_hal_spi.o [1]
SPI_DMAHalfReceiveCplt  0x08000d5d    0x6  Code  Lc  stm32l4xx_hal_spi.o [1]
SPI_DMAHalfTransmitReceiveCplt
                        0x08000d65    0x6  Code  Lc  stm32l4xx_hal_spi.o [1]
SPI_DMAReceiveCplt      0x08000be5   0x86  Code  Lc  stm32l4xx_hal_spi.o [1]
SPI_DMATransmitReceiveCplt
                        0x08000c79   0x80  Code  Lc  stm32l4xx_hal_spi.o [1]
SPI_EndRxTransaction    0x08000ed3   0x56  Code  Lc  stm32l4xx_hal_spi.o [1]
SPI_EndRxTxTransaction  0x08000f43   0x2c  Code  Lc  stm32l4xx_hal_spi.o [1]
SPI_WaitFifoStateUntilTimeout
                        0x08000e29   0x80  Code  Lc  stm32l4xx_hal_spi.o [1]
SPI_WaitFlagStateUntilTimeout
                        0x08000d9b   0x70  Code  Lc  stm32l4xx_hal_spi.o [1]
SVC_Handler             0x0800181b    0x2  Code  Gb  stm32l4xx_it.o [1]
SpiHandle               0x20000000   0x64  Data  Gb  main.o [1]
SysTick_Handler         0x08001821    0x4  Code  Gb  stm32l4xx_it.o [1]
SystemClock_Config      0x08001359   0x66  Code  Gb  main.o [1]
SystemCoreClock         0x20000150    0x4  Data  Gb  system_stm32l4xx.o [1]
SystemInit              0x0800170d   0x3c  Code  Gb  system_stm32l4xx.o [1]
UsageFault_Handler      0x08001819    0x2  Code  Gb  stm32l4xx_it.o [1]
__NVIC_SetPriority      0x08000871   0x1a  Code  Lc  stm32l4xx_hal_cortex.o [1]
__aeabi_memclr4         0x080016b5         Code  Gb  ABImemclr4.o [5]
__cmain                 0x080018b5         Code  Gb  cmain.o [5]
__exit                  0x080018e5   0x14  Code  Gb  exit.o [6]
__iar_Memset4_word      0x080016d9         Code  Gb  ABImemset48.o [5]
__iar_Memset8_word      0x080016d9         Code  Gb  ABImemset48.o [5]
__iar_data_init3        0x08001849   0x28  Code  Gb  data_init.o [5]
__iar_init_vfp          0x08001871         Code  Gb  fpinit_M.o [4]
__iar_packbits_init_single3
                        0x080017d9   0x38  Code  Gb  packbits_init_single.o [5]
__iar_program_start     0x08001909         Code  Gb  cstartup_M.o [5]
__iar_systems$$module {Abs}
                        0x00000001         Data  Gb  command line/config [2]
__iar_zero_init3        0x08001799   0x40  Code  Gb  zero_init3.o [5]
__low_level_init        0x080018cf    0x4  Code  Gb  low_level_init.o [3]
__vector_table          0x08000000         Data  Gb  startup_stm32l476xx.o [1]
_call_main              0x080018c1         Code  Gb  cmain.o [5]
_exit                   0x080018d9         Code  Gb  cexit.o [5]
_main                   0x080018cb         Code  Gb  cmain.o [5]
aRxBuffer               0x200000d8   0x70  Data  Gb  main.o [1]
aTxBuffer               0x20000068   0x70  Data  Gb  main.o [1]
exit                    0x080018d3    0x4  Code  Gb  exit.o [3]
hdma_rx                 0x200005a0   0x48  Data  Lc  stm32l4xx_hal_msp.o [1]
hdma_tx                 0x20000558   0x48  Data  Lc  stm32l4xx_hal_msp.o [1]
main                    0x080012c1   0x98  Code  Gb  main.o [1]
uwTick                  0x200005e8    0x4  Data  Gb  stm32l4xx_hal.o [1]
wTransferState          0x20000064    0x4  Data  Gb  main.o [1]


[1] = C:\Users\bacem.kaabia\Desktop\Communications séries\SPI_DMA_slave\EWARM\STM32L476G-Discovery\Obj
[2] = command line
[3] = dl7M_tlf.a
[4] = m7M_tls.a
[5] = rt7M_tl.a
[6] = shb_l.a

  6 702 bytes of readonly  code memory
    147 bytes of readonly  data memory
  1 512 bytes of readwrite data memory

Errors: none
Warnings: none
