###############################################################################
#
# IAR ELF Linker V8.11.1.13263/W32 for ARM                14/Dec/2018  13:57:46
# Copyright 2007-2017 IAR Systems AB.
#
#    Output file  =  
#        C:\Users\bacem.kaabia\Desktop\Formation\Mycodes\LAB2_Blink_with_IT\EWARM\02_int\Exe\02_int.out
#    Map file     =  
#        C:\Users\bacem.kaabia\Desktop\Formation\Mycodes\LAB2_Blink_with_IT\EWARM\02_int\List\02_int.map
#    Command line =  
#        -f C:\Users\BACEM~1.KAA\AppData\Local\Temp\EWE3D7.tmp
#        (C:\Users\bacem.kaabia\Desktop\Formation\Mycodes\LAB2_Blink_with_IT\EWARM\02_int\Obj\main.o
#        C:\Users\bacem.kaabia\Desktop\Formation\Mycodes\LAB2_Blink_with_IT\EWARM\02_int\Obj\startup_stm32l476xx.o
#        C:\Users\bacem.kaabia\Desktop\Formation\Mycodes\LAB2_Blink_with_IT\EWARM\02_int\Obj\stm32l4xx_hal.o
#        C:\Users\bacem.kaabia\Desktop\Formation\Mycodes\LAB2_Blink_with_IT\EWARM\02_int\Obj\stm32l4xx_hal_cortex.o
#        C:\Users\bacem.kaabia\Desktop\Formation\Mycodes\LAB2_Blink_with_IT\EWARM\02_int\Obj\stm32l4xx_hal_dma.o
#        C:\Users\bacem.kaabia\Desktop\Formation\Mycodes\LAB2_Blink_with_IT\EWARM\02_int\Obj\stm32l4xx_hal_flash.o
#        C:\Users\bacem.kaabia\Desktop\Formation\Mycodes\LAB2_Blink_with_IT\EWARM\02_int\Obj\stm32l4xx_hal_flash_ex.o
#        C:\Users\bacem.kaabia\Desktop\Formation\Mycodes\LAB2_Blink_with_IT\EWARM\02_int\Obj\stm32l4xx_hal_flash_ramfunc.o
#        C:\Users\bacem.kaabia\Desktop\Formation\Mycodes\LAB2_Blink_with_IT\EWARM\02_int\Obj\stm32l4xx_hal_gpio.o
#        C:\Users\bacem.kaabia\Desktop\Formation\Mycodes\LAB2_Blink_with_IT\EWARM\02_int\Obj\stm32l4xx_hal_i2c.o
#        C:\Users\bacem.kaabia\Desktop\Formation\Mycodes\LAB2_Blink_with_IT\EWARM\02_int\Obj\stm32l4xx_hal_i2c_ex.o
#        C:\Users\bacem.kaabia\Desktop\Formation\Mycodes\LAB2_Blink_with_IT\EWARM\02_int\Obj\stm32l4xx_hal_msp.o
#        C:\Users\bacem.kaabia\Desktop\Formation\Mycodes\LAB2_Blink_with_IT\EWARM\02_int\Obj\stm32l4xx_hal_pwr.o
#        C:\Users\bacem.kaabia\Desktop\Formation\Mycodes\LAB2_Blink_with_IT\EWARM\02_int\Obj\stm32l4xx_hal_pwr_ex.o
#        C:\Users\bacem.kaabia\Desktop\Formation\Mycodes\LAB2_Blink_with_IT\EWARM\02_int\Obj\stm32l4xx_hal_rcc.o
#        C:\Users\bacem.kaabia\Desktop\Formation\Mycodes\LAB2_Blink_with_IT\EWARM\02_int\Obj\stm32l4xx_hal_rcc_ex.o
#        C:\Users\bacem.kaabia\Desktop\Formation\Mycodes\LAB2_Blink_with_IT\EWARM\02_int\Obj\stm32l4xx_hal_tim.o
#        C:\Users\bacem.kaabia\Desktop\Formation\Mycodes\LAB2_Blink_with_IT\EWARM\02_int\Obj\stm32l4xx_hal_tim_ex.o
#        C:\Users\bacem.kaabia\Desktop\Formation\Mycodes\LAB2_Blink_with_IT\EWARM\02_int\Obj\stm32l4xx_it.o
#        C:\Users\bacem.kaabia\Desktop\Formation\Mycodes\LAB2_Blink_with_IT\EWARM\02_int\Obj\system_stm32l4xx.o
#        --redirect _Printf=_PrintfFull --redirect _Scanf=_ScanfFull -o
#        C:\Users\bacem.kaabia\Desktop\Formation\Mycodes\LAB2_Blink_with_IT\EWARM\02_int\Exe\02_int.out
#        --map
#        C:\Users\bacem.kaabia\Desktop\Formation\Mycodes\LAB2_Blink_with_IT\EWARM\02_int\List\02_int.map
#        --config
#        C:\Users\bacem.kaabia\Desktop\Formation\Mycodes\LAB2_Blink_with_IT\EWARM/stm32l476xx_flash.icf
#        --semihosting --entry __iar_program_start --vfe --text_out locale)
#
###############################################################################

*******************************************************************************
*** RUNTIME MODEL ATTRIBUTES
***

CppFlavor       = *
__SystemLibrary = DLib
__dlib_version  = 6


*******************************************************************************
*** HEAP SELECTION
***

The basic heap was selected because no calls to memory allocation
functions were found in the application outside of system library
functions, and there are calls to deallocation functions in the
application.


*******************************************************************************
*** PLACEMENT SUMMARY
***

"A0":  place at 0x08000000 { ro section .intvec };
"P1":  place in [from 0x08000000 to 0x080fffff] { ro };
"P2":  place in [from 0x20000000 to 0x20017fff] { rw, block CSTACK, block HEAP };
initialize by copy { rw };

  Section            Kind        Address   Size  Object
  -------            ----        -------   ----  ------
"A0":                                     0x188
  .intvec            ro code  0x08000000  0x188  startup_stm32l476xx.o [1]
                            - 0x08000188  0x188

"P1":                                     0xf5c
  .text              ro code  0x08000188  0x6ac  stm32l4xx_hal_rcc.o [1]
  .text              ro code  0x08000834    0xc  stm32l4xx_hal.o [1]
  .text              ro code  0x08000840   0x28  stm32l4xx_hal.o [1]
  .text              ro code  0x08000868   0x7c  stm32l4xx_hal_pwr_ex.o [1]
  .text              ro code  0x080008e4   0xe2  stm32l4xx_hal_cortex.o [1]
  .text              ro code  0x080009c8  0x200  stm32l4xx_hal_gpio.o [1]
  .text              ro code  0x08000bc8  0x160  main.o [1]
  .text              ro code  0x08000d28   0x24  stm32l4xx_hal.o [1]
  .text              ro code  0x08000d4c   0x10  stm32l4xx_hal.o [1]
  .text              ro code  0x08000d5c   0x88  stm32l4xx_hal_msp.o [1]
  .text              ro code  0x08000de4   0x8c  system_stm32l4xx.o [1]
  .text              ro code  0x08000e70   0x2c  copy_init3.o [5]
  .text              ro code  0x08000e9c   0x28  data_init.o [5]
  .text              ro code  0x08000ec4   0x22  fpinit_M.o [4]
  .iar.init_table    const    0x08000ee8   0x14  - Linker created -
  .text              ro code  0x08000efc   0x1a  stm32l4xx_it.o [1]
  .text              ro code  0x08000f18   0x10  stm32l4xx_hal.o [1]
  .text              ro code  0x08000f28   0x1a  cmain.o [5]
  .text              ro code  0x08000f42    0x4  low_level_init.o [3]
  .text              ro code  0x08000f46    0x4  exit.o [3]
  .text              ro code  0x08000f4c    0xa  cexit.o [5]
  .text              ro code  0x08000f58   0x14  exit.o [6]
  .text              ro code  0x08000f6c   0x10  startup_stm32l476xx.o [1]
  .text              ro code  0x08000f7c    0xc  cstartup_M.o [5]
  Initializer bytes  const    0x08000f88    0x8  <for P2-1>
  .text              ro code  0x08000f90    0x4  startup_stm32l476xx.o [1]
  .text              ro code  0x08000f94    0x4  startup_stm32l476xx.o [1]
  .text              ro code  0x08000f98    0x4  startup_stm32l476xx.o [1]
  .text              ro code  0x08000f9c    0x4  startup_stm32l476xx.o [1]
  .text              ro code  0x08000fa0    0x4  startup_stm32l476xx.o [1]
  .text              ro code  0x08000fa4    0x4  startup_stm32l476xx.o [1]
  .text              ro code  0x08000fa8    0x4  startup_stm32l476xx.o [1]
  .text              ro code  0x08000fac    0x4  startup_stm32l476xx.o [1]
  .text              ro code  0x08000fb0    0x4  startup_stm32l476xx.o [1]
  .text              ro code  0x08000fb4    0x4  startup_stm32l476xx.o [1]
  .text              ro code  0x08000fb8    0x4  startup_stm32l476xx.o [1]
  .text              ro code  0x08000fbc    0x4  startup_stm32l476xx.o [1]
  .text              ro code  0x08000fc0    0x4  startup_stm32l476xx.o [1]
  .text              ro code  0x08000fc4    0x4  startup_stm32l476xx.o [1]
  .text              ro code  0x08000fc8    0x4  startup_stm32l476xx.o [1]
  .text              ro code  0x08000fcc    0x4  startup_stm32l476xx.o [1]
  .text              ro code  0x08000fd0    0x4  startup_stm32l476xx.o [1]
  .text              ro code  0x08000fd4    0x4  startup_stm32l476xx.o [1]
  .text              ro code  0x08000fd8    0x4  startup_stm32l476xx.o [1]
  .text              ro code  0x08000fdc    0x4  startup_stm32l476xx.o [1]
  .text              ro code  0x08000fe0    0x4  startup_stm32l476xx.o [1]
  .text              ro code  0x08000fe4    0x4  startup_stm32l476xx.o [1]
  .text              ro code  0x08000fe8    0x4  startup_stm32l476xx.o [1]
  .text              ro code  0x08000fec    0x4  startup_stm32l476xx.o [1]
  .text              ro code  0x08000ff0    0x4  startup_stm32l476xx.o [1]
  .text              ro code  0x08000ff4    0x4  startup_stm32l476xx.o [1]
  .text              ro code  0x08000ff8    0x4  startup_stm32l476xx.o [1]
  .text              ro code  0x08000ffc    0x4  startup_stm32l476xx.o [1]
  .text              ro code  0x08001000    0x4  startup_stm32l476xx.o [1]
  .text              ro code  0x08001004    0x4  startup_stm32l476xx.o [1]
  .text              ro code  0x08001008    0x4  startup_stm32l476xx.o [1]
  .text              ro code  0x0800100c    0x4  startup_stm32l476xx.o [1]
  .text              ro code  0x08001010    0x4  startup_stm32l476xx.o [1]
  .text              ro code  0x08001014    0x4  startup_stm32l476xx.o [1]
  .text              ro code  0x08001018    0x4  startup_stm32l476xx.o [1]
  .text              ro code  0x0800101c    0x4  startup_stm32l476xx.o [1]
  .text              ro code  0x08001020    0x4  startup_stm32l476xx.o [1]
  .text              ro code  0x08001024    0x4  startup_stm32l476xx.o [1]
  .text              ro code  0x08001028    0x4  startup_stm32l476xx.o [1]
  .text              ro code  0x0800102c    0x4  startup_stm32l476xx.o [1]
  .text              ro code  0x08001030    0x4  startup_stm32l476xx.o [1]
  .text              ro code  0x08001034    0x4  startup_stm32l476xx.o [1]
  .text              ro code  0x08001038    0x4  startup_stm32l476xx.o [1]
  .text              ro code  0x0800103c    0x4  startup_stm32l476xx.o [1]
  .text              ro code  0x08001040    0x4  startup_stm32l476xx.o [1]
  .text              ro code  0x08001044    0x4  startup_stm32l476xx.o [1]
  .text              ro code  0x08001048    0x4  startup_stm32l476xx.o [1]
  .text              ro code  0x0800104c    0x4  startup_stm32l476xx.o [1]
  .text              ro code  0x08001050    0x4  startup_stm32l476xx.o [1]
  .text              ro code  0x08001054    0x4  startup_stm32l476xx.o [1]
  .text              ro code  0x08001058    0x4  startup_stm32l476xx.o [1]
  .text              ro code  0x0800105c    0x4  startup_stm32l476xx.o [1]
  .text              ro code  0x08001060    0x4  startup_stm32l476xx.o [1]
  .text              ro code  0x08001064    0x4  startup_stm32l476xx.o [1]
  .text              ro code  0x08001068    0x4  startup_stm32l476xx.o [1]
  .text              ro code  0x0800106c    0x4  startup_stm32l476xx.o [1]
  .text              ro code  0x08001070    0x4  startup_stm32l476xx.o [1]
  .text              ro code  0x08001074    0x4  startup_stm32l476xx.o [1]
  .text              ro code  0x08001078    0x4  startup_stm32l476xx.o [1]
  .text              ro code  0x0800107c    0x4  startup_stm32l476xx.o [1]
  .text              ro code  0x08001080    0x4  startup_stm32l476xx.o [1]
  .text              ro code  0x08001084    0x4  startup_stm32l476xx.o [1]
  .text              ro code  0x08001088    0x4  startup_stm32l476xx.o [1]
  .text              ro code  0x0800108c    0x4  startup_stm32l476xx.o [1]
  .text              ro code  0x08001090    0x4  startup_stm32l476xx.o [1]
  .text              ro code  0x08001094    0x4  startup_stm32l476xx.o [1]
  .text              ro code  0x08001098    0x4  startup_stm32l476xx.o [1]
  .text              ro code  0x0800109c    0x4  startup_stm32l476xx.o [1]
  .text              ro code  0x080010a0    0x4  startup_stm32l476xx.o [1]
  .text              ro code  0x080010a4    0x4  startup_stm32l476xx.o [1]
  .text              ro code  0x080010a8    0x4  startup_stm32l476xx.o [1]
  .text              ro code  0x080010ac    0x4  startup_stm32l476xx.o [1]
  .text              ro code  0x080010b0    0x4  startup_stm32l476xx.o [1]
  .text              ro code  0x080010b4    0x4  startup_stm32l476xx.o [1]
  .text              ro code  0x080010b8    0x4  startup_stm32l476xx.o [1]
  .text              ro code  0x080010bc    0x4  startup_stm32l476xx.o [1]
  .text              ro code  0x080010c0    0x4  startup_stm32l476xx.o [1]
  .text              ro code  0x080010c4    0x4  startup_stm32l476xx.o [1]
  .text              ro code  0x080010c8    0x4  startup_stm32l476xx.o [1]
  .text              ro code  0x080010cc    0x4  startup_stm32l476xx.o [1]
  .text              ro code  0x080010d0    0x4  startup_stm32l476xx.o [1]
  .text              ro code  0x080010d4    0x4  startup_stm32l476xx.o [1]
  .text              ro code  0x080010d8    0x4  startup_stm32l476xx.o [1]
  .text              ro code  0x080010dc    0x4  startup_stm32l476xx.o [1]
  .text              ro code  0x080010e0    0x4  startup_stm32l476xx.o [1]
  .rodata            const    0x080010e4    0x0  copy_init3.o [5]
                            - 0x080010e4  0xf5c

"P2", part 1 of 2:                          0x8
  P2-1                        0x20000000    0x8  <Init block>
    .data            inited   0x20000000    0x4  system_stm32l4xx.o [1]
    .bss             inited   0x20000004    0x4  stm32l4xx_hal.o [1]
                            - 0x20000008    0x8

"P2", part 2 of 2:                        0x400
  CSTACK                      0x20000008  0x400  <Block>
    CSTACK           uninit   0x20000008  0x400  <Block tail>
                            - 0x20000408  0x400


*******************************************************************************
*** INIT TABLE
***

          Address     Size
          -------     ----
Copy (__iar_copy_init3)
    1 source range, total size 0x8:
          0x08000f88   0x8
    1 destination range, total size 0x8:
          0x20000000   0x8



*******************************************************************************
*** MODULE SUMMARY
***

    Module                  ro code  ro data  rw data
    ------                  -------  -------  -------
C:\Users\bacem.kaabia\Desktop\Formation\Mycodes\LAB2_Blink_with_IT\EWARM\02_int\Obj: [1]
    main.o                      352
    startup_stm32l476xx.o       748
    stm32l4xx_hal.o             120        4        4
    stm32l4xx_hal_cortex.o      226
    stm32l4xx_hal_gpio.o        512
    stm32l4xx_hal_msp.o         136
    stm32l4xx_hal_pwr_ex.o      124
    stm32l4xx_hal_rcc.o       1 708
    stm32l4xx_it.o               26
    system_stm32l4xx.o          140        4        4
    -------------------------------------------------
    Total:                    4 092        8        8

command line: [2]
    -------------------------------------------------
    Total:

dl7M_tlf.a: [3]
    exit.o                        4
    low_level_init.o              4
    -------------------------------------------------
    Total:                        8

m7M_tls.a: [4]
    fpinit_M.o                   34
    -------------------------------------------------
    Total:                       34

rt7M_tl.a: [5]
    cexit.o                      10
    cmain.o                      26
    copy_init3.o                 44
    cstartup_M.o                 12
    data_init.o                  40
    -------------------------------------------------
    Total:                      132

shb_l.a: [6]
    exit.o                       20
    -------------------------------------------------
    Total:                       20

    Gaps                          8        2
    Linker created                        20    1 024
-----------------------------------------------------
    Grand Total:              4 294       30    1 032


*******************************************************************************
*** ENTRY LIST
***

Entry                      Address   Size  Type      Object
-----                      -------   ----  ----      ------
.iar.init_table$$Base   0x08000ee8          --   Gb  - Linker created -
.iar.init_table$$Limit  0x08000efc          --   Gb  - Linker created -
?main                   0x08000f29         Code  Gb  cmain.o [5]
AHBPrescTable           0x08000e30   0x10  Data  Gb  system_stm32l4xx.o [1]
CSTACK$$Base            0x20000008          --   Gb  - Linker created -
CSTACK$$Limit           0x20000408          --   Gb  - Linker created -
EXTI0_IRQHandler        0x08000f11    0x6  Code  Gb  stm32l4xx_it.o [1]
HAL_Delay               0x08000d4d   0x10  Code  Wk  stm32l4xx_hal.o [1]
HAL_GPIO_EXTI_Callback  0x08000d0b    0x8  Code  Gb  main.o [1]
HAL_GPIO_EXTI_IRQHandler
                        0x08000b8f   0x10  Code  Gb  stm32l4xx_hal_gpio.o [1]
HAL_GPIO_Init           0x080009c9  0x1b4  Code  Gb  stm32l4xx_hal_gpio.o [1]
HAL_GPIO_TogglePin      0x08000b87    0x8  Code  Gb  stm32l4xx_hal_gpio.o [1]
HAL_GPIO_WritePin       0x08000b7d    0xa  Code  Gb  stm32l4xx_hal_gpio.o [1]
HAL_GetTick             0x08000835    0xc  Code  Wk  stm32l4xx_hal.o [1]
HAL_IncTick             0x08000f19   0x10  Code  Wk  stm32l4xx_hal.o [1]
HAL_Init                0x08000d29   0x20  Code  Gb  stm32l4xx_hal.o [1]
HAL_InitTick            0x08000841   0x28  Code  Wk  stm32l4xx_hal.o [1]
HAL_MspInit             0x08000d5d   0x88  Code  Gb  stm32l4xx_hal_msp.o [1]
HAL_NVIC_EnableIRQ      0x08000953    0xa  Code  Gb  stm32l4xx_hal_cortex.o [1]
HAL_NVIC_SetPriority    0x08000919   0x3a  Code  Gb  stm32l4xx_hal_cortex.o [1]
HAL_NVIC_SetPriorityGrouping
                        0x080008ff   0x1a  Code  Gb  stm32l4xx_hal_cortex.o [1]
HAL_PWREx_ControlVoltageScaling
                        0x08000875   0x64  Code  Gb  stm32l4xx_hal_pwr_ex.o [1]
HAL_PWREx_GetVoltageRange
                        0x08000869    0xc  Code  Gb  stm32l4xx_hal_pwr_ex.o [1]
HAL_RCC_ClockConfig     0x0800058f  0x122  Code  Gb  stm32l4xx_hal_rcc.o [1]
HAL_RCC_GetHCLKFreq     0x08000787    0x6  Code  Gb  stm32l4xx_hal_rcc.o [1]
HAL_RCC_GetSysClockFreq
                        0x080006d9   0xae  Code  Gb  stm32l4xx_hal_rcc.o [1]
HAL_RCC_OscConfig       0x08000189  0x3da  Code  Gb  stm32l4xx_hal_rcc.o [1]
HAL_SYSTICK_CLKSourceConfig
                        0x0800098f   0x1a  Code  Gb  stm32l4xx_hal_cortex.o [1]
HAL_SYSTICK_Config      0x08000967   0x28  Code  Gb  stm32l4xx_hal_cortex.o [1]
HAL_SYSTICK_IRQHandler  0x080009a9    0x4  Code  Gb  stm32l4xx_hal_cortex.o [1]
MSIRangeTable           0x08000e40   0x30  Data  Gb  system_stm32l4xx.o [1]
NVIC_SetPriority        0x080008e5   0x1a  Code  Lc  stm32l4xx_hal_cortex.o [1]
PendSV_Handler          0x08000eff    0x2  Code  Gb  stm32l4xx_it.o [1]
RCC_IRQHandler          0x08000f0f    0x2  Code  Gb  stm32l4xx_it.o [1]
RCC_SetFlashLatencyFromMSIRange
                        0x0800078d   0x76  Code  Lc  stm32l4xx_hal_rcc.o [1]
Region$$Table$$Base     0x08000ee8          --   Gb  - Linker created -
Region$$Table$$Limit    0x08000efc          --   Gb  - Linker created -
SVC_Handler             0x08000efd    0x2  Code  Gb  stm32l4xx_it.o [1]
SysTick_Handler         0x08000f01    0xe  Code  Gb  stm32l4xx_it.o [1]
SystemClock_Config      0x08000c8b   0x80  Code  Gb  main.o [1]
SystemCoreClock         0x20000000    0x4  Data  Gb  system_stm32l4xx.o [1]
SystemInit              0x08000de5   0x3c  Code  Gb  system_stm32l4xx.o [1]
__cmain                 0x08000f29         Code  Gb  cmain.o [5]
__exit                  0x08000f59   0x14  Code  Gb  exit.o [6]
__iar_copy_init3        0x08000e71   0x2c  Code  Gb  copy_init3.o [5]
__iar_data_init3        0x08000e9d   0x28  Code  Gb  data_init.o [5]
__iar_init_vfp          0x08000ec5         Code  Gb  fpinit_M.o [4]
__iar_program_start     0x08000f7d         Code  Gb  cstartup_M.o [5]
__iar_systems$$module {Abs}
                        0x00000001         Data  Gb  command line/config [2]
__low_level_init        0x08000f43    0x4  Code  Gb  low_level_init.o [3]
__vector_table          0x08000000         Data  Gb  startup_stm32l476xx.o [1]
_call_main              0x08000f35         Code  Gb  cmain.o [5]
_exit                   0x08000f4d         Code  Gb  cexit.o [5]
_main                   0x08000f3f         Code  Gb  cmain.o [5]
exit                    0x08000f47    0x4  Code  Gb  exit.o [3]
main                    0x08000bc9   0xb2  Code  Gb  main.o [1]
uwTick                  0x20000004    0x4  Data  Gb  stm32l4xx_hal.o [1]


[1] = C:\Users\bacem.kaabia\Desktop\Formation\Mycodes\LAB2_Blink_with_IT\EWARM\02_int\Obj
[2] = command line
[3] = dl7M_tlf.a
[4] = m7M_tls.a
[5] = rt7M_tl.a
[6] = shb_l.a

  4 294 bytes of readonly  code memory
     30 bytes of readonly  data memory
  1 032 bytes of readwrite data memory

Errors: none
Warnings: none
