###############################################################################
#
# IAR ELF Linker V8.11.1.13263/W32 for ARM                11/Dec/2018  17:43:29
# Copyright 2007-2017 IAR Systems AB.
#
#    Output file  =  
#        C:\Users\bacem.kaabia\Desktop\self_stm32l4_exercices\LAB5_RTC_sleep_mode\EWARM\LAB5_RTC\Exe\LAB5_RTC.out
#    Map file     =  
#        C:\Users\bacem.kaabia\Desktop\self_stm32l4_exercices\LAB5_RTC_sleep_mode\EWARM\LAB5_RTC\List\LAB5_RTC.map
#    Command line =  
#        -f C:\Users\BACEM~1.KAA\AppData\Local\Temp\EW41EA.tmp
#        (C:\Users\bacem.kaabia\Desktop\self_stm32l4_exercices\LAB5_RTC_sleep_mode\EWARM\LAB5_RTC\Obj\main.o
#        C:\Users\bacem.kaabia\Desktop\self_stm32l4_exercices\LAB5_RTC_sleep_mode\EWARM\LAB5_RTC\Obj\startup_stm32l476xx.o
#        C:\Users\bacem.kaabia\Desktop\self_stm32l4_exercices\LAB5_RTC_sleep_mode\EWARM\LAB5_RTC\Obj\stm32l4xx_hal.o
#        C:\Users\bacem.kaabia\Desktop\self_stm32l4_exercices\LAB5_RTC_sleep_mode\EWARM\LAB5_RTC\Obj\stm32l4xx_hal_cortex.o
#        C:\Users\bacem.kaabia\Desktop\self_stm32l4_exercices\LAB5_RTC_sleep_mode\EWARM\LAB5_RTC\Obj\stm32l4xx_hal_dma.o
#        C:\Users\bacem.kaabia\Desktop\self_stm32l4_exercices\LAB5_RTC_sleep_mode\EWARM\LAB5_RTC\Obj\stm32l4xx_hal_flash.o
#        C:\Users\bacem.kaabia\Desktop\self_stm32l4_exercices\LAB5_RTC_sleep_mode\EWARM\LAB5_RTC\Obj\stm32l4xx_hal_flash_ex.o
#        C:\Users\bacem.kaabia\Desktop\self_stm32l4_exercices\LAB5_RTC_sleep_mode\EWARM\LAB5_RTC\Obj\stm32l4xx_hal_flash_ramfunc.o
#        C:\Users\bacem.kaabia\Desktop\self_stm32l4_exercices\LAB5_RTC_sleep_mode\EWARM\LAB5_RTC\Obj\stm32l4xx_hal_gpio.o
#        C:\Users\bacem.kaabia\Desktop\self_stm32l4_exercices\LAB5_RTC_sleep_mode\EWARM\LAB5_RTC\Obj\stm32l4xx_hal_i2c.o
#        C:\Users\bacem.kaabia\Desktop\self_stm32l4_exercices\LAB5_RTC_sleep_mode\EWARM\LAB5_RTC\Obj\stm32l4xx_hal_i2c_ex.o
#        C:\Users\bacem.kaabia\Desktop\self_stm32l4_exercices\LAB5_RTC_sleep_mode\EWARM\LAB5_RTC\Obj\stm32l4xx_hal_msp.o
#        C:\Users\bacem.kaabia\Desktop\self_stm32l4_exercices\LAB5_RTC_sleep_mode\EWARM\LAB5_RTC\Obj\stm32l4xx_hal_pwr.o
#        C:\Users\bacem.kaabia\Desktop\self_stm32l4_exercices\LAB5_RTC_sleep_mode\EWARM\LAB5_RTC\Obj\stm32l4xx_hal_pwr_ex.o
#        C:\Users\bacem.kaabia\Desktop\self_stm32l4_exercices\LAB5_RTC_sleep_mode\EWARM\LAB5_RTC\Obj\stm32l4xx_hal_rcc.o
#        C:\Users\bacem.kaabia\Desktop\self_stm32l4_exercices\LAB5_RTC_sleep_mode\EWARM\LAB5_RTC\Obj\stm32l4xx_hal_rcc_ex.o
#        C:\Users\bacem.kaabia\Desktop\self_stm32l4_exercices\LAB5_RTC_sleep_mode\EWARM\LAB5_RTC\Obj\stm32l4xx_hal_rtc.o
#        C:\Users\bacem.kaabia\Desktop\self_stm32l4_exercices\LAB5_RTC_sleep_mode\EWARM\LAB5_RTC\Obj\stm32l4xx_hal_rtc_ex.o
#        C:\Users\bacem.kaabia\Desktop\self_stm32l4_exercices\LAB5_RTC_sleep_mode\EWARM\LAB5_RTC\Obj\stm32l4xx_hal_tim.o
#        C:\Users\bacem.kaabia\Desktop\self_stm32l4_exercices\LAB5_RTC_sleep_mode\EWARM\LAB5_RTC\Obj\stm32l4xx_hal_tim_ex.o
#        C:\Users\bacem.kaabia\Desktop\self_stm32l4_exercices\LAB5_RTC_sleep_mode\EWARM\LAB5_RTC\Obj\stm32l4xx_it.o
#        C:\Users\bacem.kaabia\Desktop\self_stm32l4_exercices\LAB5_RTC_sleep_mode\EWARM\LAB5_RTC\Obj\system_stm32l4xx.o
#        --redirect _Printf=_PrintfFull --redirect _Scanf=_ScanfFull -o
#        C:\Users\bacem.kaabia\Desktop\self_stm32l4_exercices\LAB5_RTC_sleep_mode\EWARM\LAB5_RTC\Exe\LAB5_RTC.out
#        --map
#        C:\Users\bacem.kaabia\Desktop\self_stm32l4_exercices\LAB5_RTC_sleep_mode\EWARM\LAB5_RTC\List\LAB5_RTC.map
#        --config
#        C:\Users\bacem.kaabia\Desktop\self_stm32l4_exercices\LAB5_RTC_sleep_mode\EWARM/stm32l476xx_flash.icf
#        --semihosting --entry __iar_program_start --vfe --text_out locale)
#
###############################################################################

*******************************************************************************
*** RUNTIME MODEL ATTRIBUTES
***

CppFlavor       = *
__SystemLibrary = DLib
__dlib_version  = 6


*******************************************************************************
*** HEAP SELECTION
***

The basic heap was selected because no calls to memory allocation
functions were found in the application outside of system library
functions, and there are calls to deallocation functions in the
application.


*******************************************************************************
*** PLACEMENT SUMMARY
***

"A0":  place at 0x08000000 { ro section .intvec };
"P1":  place in [from 0x08000000 to 0x080fffff] { ro };
"P2":  place in [from 0x20000000 to 0x20017fff] { rw, block CSTACK, block HEAP };
initialize by copy { rw };

  Section            Kind        Address    Size  Object
  -------            ----        -------    ----  ------
"A0":                                      0x188
  .intvec            ro code  0x08000000   0x188  startup_stm32l476xx.o [1]
                            - 0x08000188   0x188

"P1":                                     0x1bfc
  .text              ro code  0x08000188   0x6ac  stm32l4xx_hal_rcc.o [1]
  .text              ro code  0x08000834     0xc  stm32l4xx_hal.o [1]
  .text              ro code  0x08000840    0x28  stm32l4xx_hal.o [1]
  .text              ro code  0x08000868    0xc0  stm32l4xx_hal_pwr_ex.o [1]
  .text              ro code  0x08000928    0xe2  stm32l4xx_hal_cortex.o [1]
  .text              ro code  0x08000a0c   0x56a  stm32l4xx_hal_rtc.o [1]
  .text              ro code  0x08000f78    0xac  stm32l4xx_hal_msp.o [1]
  .text              ro code  0x08001024   0x23c  main.o [1]
  .text              ro code  0x08001260     0x2  stm32l4xx_hal_rtc_ex.o [1]
  .text              ro code  0x08001264    0x24  stm32l4xx_hal.o [1]
  .text              ro code  0x08001288   0x1ec  stm32l4xx_hal_gpio.o [1]
  .text              ro code  0x08001474    0x10  stm32l4xx_hal.o [1]
  .text              ro code  0x08001484    0x40  stm32l4xx_hal_pwr.o [1]
  .text              ro code  0x080014c4    0x10  stm32l4xx_hal.o [1]
  .text              ro code  0x080014d4    0x16  stm32l4xx_hal.o [1]
  .text              ro code  0x080014ec   0x546  stm32l4xx_hal_rcc_ex.o [1]
  .text              ro code  0x08001a34    0x8c  system_stm32l4xx.o [1]
  .text              ro code  0x08001ac0    0x40  zero_init3.o [5]
  .text              ro code  0x08001b00    0x2c  copy_init3.o [5]
  .text              ro code  0x08001b2c    0x28  data_init.o [5]
  .text              ro code  0x08001b54    0x22  fpinit_M.o [4]
  .iar.init_table    const    0x08001b78    0x24  - Linker created -
  .text              ro code  0x08001b9c    0x1c  stm32l4xx_it.o [1]
  .text              ro code  0x08001bb8    0x10  stm32l4xx_hal.o [1]
  .text              ro code  0x08001bc8    0x1a  cmain.o [5]
  .text              ro code  0x08001be2     0x4  low_level_init.o [3]
  .text              ro code  0x08001be6     0x4  exit.o [3]
  .text              ro code  0x08001bec     0xa  cexit.o [5]
  .text              ro code  0x08001bf8    0x14  exit.o [6]
  .text              ro code  0x08001c0c    0x10  startup_stm32l476xx.o [1]
  .text              ro code  0x08001c1c     0xc  cstartup_M.o [5]
  .text              ro code  0x08001c28     0x4  startup_stm32l476xx.o [1]
  .text              ro code  0x08001c2c     0x4  startup_stm32l476xx.o [1]
  .text              ro code  0x08001c30     0x4  startup_stm32l476xx.o [1]
  .text              ro code  0x08001c34     0x4  startup_stm32l476xx.o [1]
  .text              ro code  0x08001c38     0x4  startup_stm32l476xx.o [1]
  .text              ro code  0x08001c3c     0x4  startup_stm32l476xx.o [1]
  .text              ro code  0x08001c40     0x4  startup_stm32l476xx.o [1]
  .text              ro code  0x08001c44     0x4  startup_stm32l476xx.o [1]
  .text              ro code  0x08001c48     0x4  startup_stm32l476xx.o [1]
  .text              ro code  0x08001c4c     0x4  startup_stm32l476xx.o [1]
  .text              ro code  0x08001c50     0x4  startup_stm32l476xx.o [1]
  .text              ro code  0x08001c54     0x4  startup_stm32l476xx.o [1]
  .text              ro code  0x08001c58     0x4  startup_stm32l476xx.o [1]
  .text              ro code  0x08001c5c     0x4  startup_stm32l476xx.o [1]
  .text              ro code  0x08001c60     0x4  startup_stm32l476xx.o [1]
  .text              ro code  0x08001c64     0x4  startup_stm32l476xx.o [1]
  .text              ro code  0x08001c68     0x4  startup_stm32l476xx.o [1]
  .text              ro code  0x08001c6c     0x4  startup_stm32l476xx.o [1]
  .text              ro code  0x08001c70     0x4  startup_stm32l476xx.o [1]
  .text              ro code  0x08001c74     0x4  startup_stm32l476xx.o [1]
  .text              ro code  0x08001c78     0x4  startup_stm32l476xx.o [1]
  .text              ro code  0x08001c7c     0x4  startup_stm32l476xx.o [1]
  .text              ro code  0x08001c80     0x4  startup_stm32l476xx.o [1]
  .text              ro code  0x08001c84     0x4  startup_stm32l476xx.o [1]
  .text              ro code  0x08001c88     0x4  startup_stm32l476xx.o [1]
  .text              ro code  0x08001c8c     0x4  startup_stm32l476xx.o [1]
  .text              ro code  0x08001c90     0x4  startup_stm32l476xx.o [1]
  .text              ro code  0x08001c94     0x4  startup_stm32l476xx.o [1]
  .text              ro code  0x08001c98     0x4  startup_stm32l476xx.o [1]
  .text              ro code  0x08001c9c     0x4  startup_stm32l476xx.o [1]
  .text              ro code  0x08001ca0     0x4  startup_stm32l476xx.o [1]
  .text              ro code  0x08001ca4     0x4  startup_stm32l476xx.o [1]
  .text              ro code  0x08001ca8     0x4  startup_stm32l476xx.o [1]
  .text              ro code  0x08001cac     0x4  startup_stm32l476xx.o [1]
  .text              ro code  0x08001cb0     0x4  startup_stm32l476xx.o [1]
  .text              ro code  0x08001cb4     0x4  startup_stm32l476xx.o [1]
  .text              ro code  0x08001cb8     0x4  startup_stm32l476xx.o [1]
  .text              ro code  0x08001cbc     0x4  startup_stm32l476xx.o [1]
  .text              ro code  0x08001cc0     0x4  startup_stm32l476xx.o [1]
  .text              ro code  0x08001cc4     0x4  startup_stm32l476xx.o [1]
  .text              ro code  0x08001cc8     0x4  startup_stm32l476xx.o [1]
  .text              ro code  0x08001ccc     0x4  startup_stm32l476xx.o [1]
  .text              ro code  0x08001cd0     0x4  startup_stm32l476xx.o [1]
  .text              ro code  0x08001cd4     0x4  startup_stm32l476xx.o [1]
  .text              ro code  0x08001cd8     0x4  startup_stm32l476xx.o [1]
  .text              ro code  0x08001cdc     0x4  startup_stm32l476xx.o [1]
  .text              ro code  0x08001ce0     0x4  startup_stm32l476xx.o [1]
  .text              ro code  0x08001ce4     0x4  startup_stm32l476xx.o [1]
  .text              ro code  0x08001ce8     0x4  startup_stm32l476xx.o [1]
  .text              ro code  0x08001cec     0x4  startup_stm32l476xx.o [1]
  .text              ro code  0x08001cf0     0x4  startup_stm32l476xx.o [1]
  .text              ro code  0x08001cf4     0x4  startup_stm32l476xx.o [1]
  .text              ro code  0x08001cf8     0x4  startup_stm32l476xx.o [1]
  .text              ro code  0x08001cfc     0x4  startup_stm32l476xx.o [1]
  .text              ro code  0x08001d00     0x4  startup_stm32l476xx.o [1]
  .text              ro code  0x08001d04     0x4  startup_stm32l476xx.o [1]
  .text              ro code  0x08001d08     0x4  startup_stm32l476xx.o [1]
  .text              ro code  0x08001d0c     0x4  startup_stm32l476xx.o [1]
  .text              ro code  0x08001d10     0x4  startup_stm32l476xx.o [1]
  .text              ro code  0x08001d14     0x4  startup_stm32l476xx.o [1]
  .text              ro code  0x08001d18     0x4  startup_stm32l476xx.o [1]
  .text              ro code  0x08001d1c     0x4  startup_stm32l476xx.o [1]
  .text              ro code  0x08001d20     0x4  startup_stm32l476xx.o [1]
  .text              ro code  0x08001d24     0x4  startup_stm32l476xx.o [1]
  .text              ro code  0x08001d28     0x4  startup_stm32l476xx.o [1]
  .text              ro code  0x08001d2c     0x4  startup_stm32l476xx.o [1]
  .text              ro code  0x08001d30     0x4  startup_stm32l476xx.o [1]
  .text              ro code  0x08001d34     0x4  startup_stm32l476xx.o [1]
  .text              ro code  0x08001d38     0x4  startup_stm32l476xx.o [1]
  .text              ro code  0x08001d3c     0x4  startup_stm32l476xx.o [1]
  .text              ro code  0x08001d40     0x4  startup_stm32l476xx.o [1]
  .text              ro code  0x08001d44     0x4  startup_stm32l476xx.o [1]
  .text              ro code  0x08001d48     0x4  startup_stm32l476xx.o [1]
  .text              ro code  0x08001d4c     0x4  startup_stm32l476xx.o [1]
  .text              ro code  0x08001d50     0x4  startup_stm32l476xx.o [1]
  .text              ro code  0x08001d54     0x4  startup_stm32l476xx.o [1]
  .text              ro code  0x08001d58     0x4  startup_stm32l476xx.o [1]
  .text              ro code  0x08001d5c     0x4  startup_stm32l476xx.o [1]
  .text              ro code  0x08001d60     0x4  startup_stm32l476xx.o [1]
  .text              ro code  0x08001d64     0x4  startup_stm32l476xx.o [1]
  .text              ro code  0x08001d68     0x4  startup_stm32l476xx.o [1]
  .text              ro code  0x08001d6c     0x4  startup_stm32l476xx.o [1]
  .text              ro code  0x08001d70     0x4  startup_stm32l476xx.o [1]
  .text              ro code  0x08001d74     0x4  startup_stm32l476xx.o [1]
  .text              ro code  0x08001d78     0x4  startup_stm32l476xx.o [1]
  .text              ro code  0x08001d7c     0x4  startup_stm32l476xx.o [1]
  Initializer bytes  const    0x08001d80     0x4  <for P2-1>
  .rodata            const    0x08001d84     0x0  zero_init3.o [5]
  .rodata            const    0x08001d84     0x0  copy_init3.o [5]
                            - 0x08001d84  0x1bfc

"P2", part 1 of 3:                           0x4
  P2-1                        0x20000000     0x4  <Init block>
    .data            inited   0x20000000     0x4  system_stm32l4xx.o [1]
                            - 0x20000004     0x4

"P2", part 2 of 3:                         0x400
  CSTACK                      0x20000008   0x400  <Block>
    CSTACK           uninit   0x20000008   0x400  <Block tail>
                            - 0x20000408   0x400

"P2", part 3 of 3:                          0x88
  .bss               zero     0x20000408    0x5c  main.o [1]
  .bss               zero     0x20000464    0x28  main.o [1]
  .bss               zero     0x2000048c     0x4  stm32l4xx_hal.o [1]
                            - 0x20000490    0x88


*******************************************************************************
*** INIT TABLE
***

          Address     Size
          -------     ----
Zero (__iar_zero_init3)
    1 destination range, total size 0x88:
          0x20000408  0x88

Copy (__iar_copy_init3)
    1 source range, total size 0x4:
          0x08001d80   0x4
    1 destination range, total size 0x4:
          0x20000000   0x4



*******************************************************************************
*** MODULE SUMMARY
***

    Module                  ro code  ro data  rw data
    ------                  -------  -------  -------
C:\Users\bacem.kaabia\Desktop\self_stm32l4_exercices\LAB5_RTC_sleep_mode\EWARM\LAB5_RTC\Obj: [1]
    main.o                      572               132
    startup_stm32l476xx.o       752
    stm32l4xx_hal.o             158                 4
    stm32l4xx_hal_cortex.o      226
    stm32l4xx_hal_gpio.o        492
    stm32l4xx_hal_msp.o         172
    stm32l4xx_hal_pwr.o          64
    stm32l4xx_hal_pwr_ex.o      192
    stm32l4xx_hal_rcc.o       1 708
    stm32l4xx_hal_rcc_ex.o    1 350
    stm32l4xx_hal_rtc.o       1 386
    stm32l4xx_hal_rtc_ex.o        2
    stm32l4xx_it.o               28
    system_stm32l4xx.o          140        4        4
    -------------------------------------------------
    Total:                    7 242        4      140

command line: [2]
    -------------------------------------------------
    Total:

dl7M_tlf.a: [3]
    exit.o                        4
    low_level_init.o              4
    -------------------------------------------------
    Total:                        8

m7M_tls.a: [4]
    fpinit_M.o                   34
    -------------------------------------------------
    Total:                       34

rt7M_tl.a: [5]
    cexit.o                      10
    cmain.o                      26
    copy_init3.o                 44
    cstartup_M.o                 12
    data_init.o                  40
    zero_init3.o                 64
    -------------------------------------------------
    Total:                      196

shb_l.a: [6]
    exit.o                       20
    -------------------------------------------------
    Total:                       20

    Gaps                         14        2
    Linker created                        36    1 024
-----------------------------------------------------
    Grand Total:              7 514       42    1 164


*******************************************************************************
*** ENTRY LIST
***

Entry                      Address   Size  Type      Object
-----                      -------   ----  ----      ------
.iar.init_table$$Base   0x08001b78          --   Gb  - Linker created -
.iar.init_table$$Limit  0x08001b9c          --   Gb  - Linker created -
?main                   0x08001bc9         Code  Gb  cmain.o [5]
AHBPrescTable           0x08001a80   0x10  Data  Gb  system_stm32l4xx.o [1]
CSTACK$$Base            0x20000008          --   Gb  - Linker created -
CSTACK$$Limit           0x20000408          --   Gb  - Linker created -
HAL_Delay               0x080014d5   0x16  Code  Wk  stm32l4xx_hal.o [1]
HAL_GPIO_Init           0x08001289  0x1b4  Code  Gb  stm32l4xx_hal_gpio.o [1]
HAL_GPIO_TogglePin      0x08001447    0x8  Code  Gb  stm32l4xx_hal_gpio.o [1]
HAL_GPIO_WritePin       0x0800143d    0xa  Code  Gb  stm32l4xx_hal_gpio.o [1]
HAL_GetTick             0x08000835    0xc  Code  Wk  stm32l4xx_hal.o [1]
HAL_IncTick             0x08001bb9   0x10  Code  Wk  stm32l4xx_hal.o [1]
HAL_Init                0x08001265   0x20  Code  Gb  stm32l4xx_hal.o [1]
HAL_InitTick            0x08000841   0x28  Code  Wk  stm32l4xx_hal.o [1]
HAL_MspInit             0x08000f79   0x74  Code  Gb  stm32l4xx_hal_msp.o [1]
HAL_NVIC_EnableIRQ      0x08000997    0xa  Code  Gb  stm32l4xx_hal_cortex.o [1]
HAL_NVIC_SetPriority    0x0800095d   0x3a  Code  Gb  stm32l4xx_hal_cortex.o [1]
HAL_NVIC_SetPriorityGrouping
                        0x08000943   0x1a  Code  Gb  stm32l4xx_hal_cortex.o [1]
HAL_PWREx_ControlVoltageScaling
                        0x08000875   0x64  Code  Gb  stm32l4xx_hal_pwr_ex.o [1]
HAL_PWREx_DisableLowPowerRunMode
                        0x080008e5   0x36  Code  Gb  stm32l4xx_hal_pwr_ex.o [1]
HAL_PWREx_EnableLowPowerRunMode
                        0x080008d9    0xc  Code  Gb  stm32l4xx_hal_pwr_ex.o [1]
HAL_PWREx_GetVoltageRange
                        0x08000869    0xc  Code  Gb  stm32l4xx_hal_pwr_ex.o [1]
HAL_PWR_EnterSLEEPMode  0x08001485   0x38  Code  Gb  stm32l4xx_hal_pwr.o [1]
HAL_RCCEx_PeriphCLKConfig
                        0x080014ed  0x312  Code  Gb  stm32l4xx_hal_rcc_ex.o [1]
HAL_RCC_ClockConfig     0x0800058f  0x122  Code  Gb  stm32l4xx_hal_rcc.o [1]
HAL_RCC_GetHCLKFreq     0x08000787    0x6  Code  Gb  stm32l4xx_hal_rcc.o [1]
HAL_RCC_GetSysClockFreq
                        0x080006d9   0xae  Code  Gb  stm32l4xx_hal_rcc.o [1]
HAL_RCC_OscConfig       0x08000189  0x3da  Code  Gb  stm32l4xx_hal_rcc.o [1]
HAL_RTCEx_AlarmBEventCallback
                        0x08001261    0x2  Code  Wk  stm32l4xx_hal_rtc_ex.o [1]
HAL_RTC_AlarmAEventCallback
                        0x08001237    0xa  Code  Gb  main.o [1]
HAL_RTC_AlarmIRQHandler
                        0x08000e7f   0x44  Code  Gb  stm32l4xx_hal_rtc.o [1]
HAL_RTC_GetDate         0x08000c49   0x52  Code  Gb  stm32l4xx_hal_rtc.o [1]
HAL_RTC_GetTime         0x08000b4b   0x3c  Code  Gb  stm32l4xx_hal_rtc.o [1]
HAL_RTC_Init            0x08000a0d   0x88  Code  Gb  stm32l4xx_hal_rtc.o [1]
HAL_RTC_MspInit         0x08000fed   0x2a  Code  Gb  stm32l4xx_hal_msp.o [1]
HAL_RTC_SetAlarm_IT     0x08000cb3   0xd2  Code  Gb  stm32l4xx_hal_rtc.o [1]
HAL_RTC_SetDate         0x08000b87   0x88  Code  Gb  stm32l4xx_hal_rtc.o [1]
HAL_RTC_SetTime         0x08000ab7   0x94  Code  Gb  stm32l4xx_hal_rtc.o [1]
HAL_RTC_WaitForSynchro  0x08000ef9   0x32  Code  Gb  stm32l4xx_hal_rtc.o [1]
HAL_ResumeTick          0x080014c5   0x10  Code  Wk  stm32l4xx_hal.o [1]
HAL_SYSTICK_CLKSourceConfig
                        0x080009d3   0x1a  Code  Gb  stm32l4xx_hal_cortex.o [1]
HAL_SYSTICK_Config      0x080009ab   0x28  Code  Gb  stm32l4xx_hal_cortex.o [1]
HAL_SYSTICK_IRQHandler  0x080009ed    0x4  Code  Gb  stm32l4xx_hal_cortex.o [1]
HAL_SuspendTick         0x08001475   0x10  Code  Wk  stm32l4xx_hal.o [1]
MSIRangeTable           0x08001a90   0x30  Data  Gb  system_stm32l4xx.o [1]
MX_RTC_Init             0x08001199   0x9e  Code  Lc  main.o [1]
NVIC_SetPriority        0x08000929   0x1a  Code  Lc  stm32l4xx_hal_cortex.o [1]
PendSV_Handler          0x08001b9f    0x2  Code  Gb  stm32l4xx_it.o [1]
RCCEx_PLLSAI1_Config    0x08001829   0xec  Code  Lc  stm32l4xx_hal_rcc_ex.o [1]
RCCEx_PLLSAI2_Config    0x08001919   0xce  Code  Lc  stm32l4xx_hal_rcc_ex.o [1]
RCC_SetFlashLatencyFromMSIRange
                        0x0800078d   0x76  Code  Lc  stm32l4xx_hal_rcc.o [1]
RTC_Alarm_IRQHandler    0x08001baf    0x6  Code  Gb  stm32l4xx_it.o [1]
RTC_ByteToBcd2          0x08000f61   0x16  Code  Gb  stm32l4xx_hal_rtc.o [1]
RTC_EnterInitMode       0x08000f2b   0x36  Code  Gb  stm32l4xx_hal_rtc.o [1]
Region$$Table$$Base     0x08001b78          --   Gb  - Linker created -
Region$$Table$$Limit    0x08001b9c          --   Gb  - Linker created -
SVC_Handler             0x08001b9d    0x2  Code  Gb  stm32l4xx_it.o [1]
SysTick_Handler         0x08001ba1    0xe  Code  Gb  stm32l4xx_it.o [1]
SystemClock_Config      0x08001103   0x96  Code  Gb  main.o [1]
SystemCoreClock         0x20000000    0x4  Data  Gb  system_stm32l4xx.o [1]
SystemInit              0x08001a35   0x3c  Code  Gb  system_stm32l4xx.o [1]
__cmain                 0x08001bc9         Code  Gb  cmain.o [5]
__exit                  0x08001bf9   0x14  Code  Gb  exit.o [6]
__iar_copy_init3        0x08001b01   0x2c  Code  Gb  copy_init3.o [5]
__iar_data_init3        0x08001b2d   0x28  Code  Gb  data_init.o [5]
__iar_init_vfp          0x08001b55         Code  Gb  fpinit_M.o [4]
__iar_program_start     0x08001c1d         Code  Gb  cstartup_M.o [5]
__iar_systems$$module {Abs}
                        0x00000001         Data  Gb  command line/config [2]
__iar_zero_init3        0x08001ac1   0x40  Code  Gb  zero_init3.o [5]
__low_level_init        0x08001be3    0x4  Code  Gb  low_level_init.o [3]
__vector_table          0x08000000         Data  Gb  startup_stm32l476xx.o [1]
_call_main              0x08001bd5         Code  Gb  cmain.o [5]
_exit                   0x08001bed         Code  Gb  cexit.o [5]
_main                   0x08001bdf         Code  Gb  cmain.o [5]
exit                    0x08001be7    0x4  Code  Gb  exit.o [3]
hrtc                    0x20000420   0x24  Data  Gb  main.o [1]
main                    0x08001025   0xce  Code  Gb  main.o [1]
sAlarm                  0x20000464   0x28  Data  Gb  main.o [1]
sDate                   0x20000408    0x4  Data  Gb  main.o [1]
sTime                   0x2000040c   0x14  Data  Gb  main.o [1]
time_buff               0x20000444   0x1c  Data  Gb  main.o [1]
uwTick                  0x2000048c    0x4  Data  Gb  stm32l4xx_hal.o [1]
value                   0x20000460    0x4  Data  Gb  main.o [1]


[1] = C:\Users\bacem.kaabia\Desktop\self_stm32l4_exercices\LAB5_RTC_sleep_mode\EWARM\LAB5_RTC\Obj
[2] = command line
[3] = dl7M_tlf.a
[4] = m7M_tls.a
[5] = rt7M_tl.a
[6] = shb_l.a

  7 514 bytes of readonly  code memory
     42 bytes of readonly  data memory
  1 164 bytes of readwrite data memory

Errors: none
Warnings: none
