###############################################################################
#
# IAR ELF Linker V8.11.1.13263/W32 for ARM                29/Oct/2018  09:41:32
# Copyright 2007-2017 IAR Systems AB.
#
#    Output file  =  
#        C:\Users\bacem.kaabia\Desktop\Communications
#        séries\ldc2114_com\EWARM\ldc2114_com\Exe\ldc2114_com.out
#    Map file     =  
#        C:\Users\bacem.kaabia\Desktop\Communications
#        séries\ldc2114_com\EWARM\ldc2114_com\List\ldc2114_com.map
#    Command line =  
#        -f C:\Users\BACEM~1.KAA\AppData\Local\Temp\EW5298.tmp
#        ("C:\Users\bacem.kaabia\Desktop\Communications
#        séries\ldc2114_com\EWARM\ldc2114_com\Obj\LDC2114.o"
#        "C:\Users\bacem.kaabia\Desktop\Communications
#        séries\ldc2114_com\EWARM\ldc2114_com\Obj\main.o"
#        "C:\Users\bacem.kaabia\Desktop\Communications
#        séries\ldc2114_com\EWARM\ldc2114_com\Obj\startup_stm32l476xx.o"
#        "C:\Users\bacem.kaabia\Desktop\Communications
#        séries\ldc2114_com\EWARM\ldc2114_com\Obj\stm32l476g_discovery.o"
#        "C:\Users\bacem.kaabia\Desktop\Communications
#        séries\ldc2114_com\EWARM\ldc2114_com\Obj\stm32l4xx_hal.o"
#        "C:\Users\bacem.kaabia\Desktop\Communications
#        séries\ldc2114_com\EWARM\ldc2114_com\Obj\stm32l4xx_hal_cortex.o"
#        "C:\Users\bacem.kaabia\Desktop\Communications
#        séries\ldc2114_com\EWARM\ldc2114_com\Obj\stm32l4xx_hal_dma.o"
#        "C:\Users\bacem.kaabia\Desktop\Communications
#        séries\ldc2114_com\EWARM\ldc2114_com\Obj\stm32l4xx_hal_dma_ex.o"
#        "C:\Users\bacem.kaabia\Desktop\Communications
#        séries\ldc2114_com\EWARM\ldc2114_com\Obj\stm32l4xx_hal_flash.o"
#        "C:\Users\bacem.kaabia\Desktop\Communications
#        séries\ldc2114_com\EWARM\ldc2114_com\Obj\stm32l4xx_hal_flash_ex.o"
#        "C:\Users\bacem.kaabia\Desktop\Communications
#        séries\ldc2114_com\EWARM\ldc2114_com\Obj\stm32l4xx_hal_flash_ramfunc.o"
#        "C:\Users\bacem.kaabia\Desktop\Communications
#        séries\ldc2114_com\EWARM\ldc2114_com\Obj\stm32l4xx_hal_gpio.o"
#        "C:\Users\bacem.kaabia\Desktop\Communications
#        séries\ldc2114_com\EWARM\ldc2114_com\Obj\stm32l4xx_hal_i2c.o"
#        "C:\Users\bacem.kaabia\Desktop\Communications
#        séries\ldc2114_com\EWARM\ldc2114_com\Obj\stm32l4xx_hal_i2c_ex.o"
#        "C:\Users\bacem.kaabia\Desktop\Communications
#        séries\ldc2114_com\EWARM\ldc2114_com\Obj\stm32l4xx_hal_msp.o"
#        "C:\Users\bacem.kaabia\Desktop\Communications
#        séries\ldc2114_com\EWARM\ldc2114_com\Obj\stm32l4xx_hal_pwr.o"
#        "C:\Users\bacem.kaabia\Desktop\Communications
#        séries\ldc2114_com\EWARM\ldc2114_com\Obj\stm32l4xx_hal_pwr_ex.o"
#        "C:\Users\bacem.kaabia\Desktop\Communications
#        séries\ldc2114_com\EWARM\ldc2114_com\Obj\stm32l4xx_hal_rcc.o"
#        "C:\Users\bacem.kaabia\Desktop\Communications
#        séries\ldc2114_com\EWARM\ldc2114_com\Obj\stm32l4xx_hal_rcc_ex.o"
#        "C:\Users\bacem.kaabia\Desktop\Communications
#        séries\ldc2114_com\EWARM\ldc2114_com\Obj\stm32l4xx_hal_tim.o"
#        "C:\Users\bacem.kaabia\Desktop\Communications
#        séries\ldc2114_com\EWARM\ldc2114_com\Obj\stm32l4xx_hal_tim_ex.o"
#        "C:\Users\bacem.kaabia\Desktop\Communications
#        séries\ldc2114_com\EWARM\ldc2114_com\Obj\stm32l4xx_it.o"
#        "C:\Users\bacem.kaabia\Desktop\Communications
#        séries\ldc2114_com\EWARM\ldc2114_com\Obj\system_stm32l4xx.o" -o
#        "C:\Users\bacem.kaabia\Desktop\Communications
#        séries\ldc2114_com\EWARM\ldc2114_com\Exe\ldc2114_com.out" --map
#        "C:\Users\bacem.kaabia\Desktop\Communications
#        séries\ldc2114_com\EWARM\ldc2114_com\List\ldc2114_com.map" --config
#        "C:\Users\bacem.kaabia\Desktop\Communications
#        séries\ldc2114_com\EWARM/stm32l476xx_flash.icf" --semihosting --entry
#        __iar_program_start --vfe --text_out locale)
#
###############################################################################

*******************************************************************************
*** RUNTIME MODEL ATTRIBUTES
***

CppFlavor       = *
__SystemLibrary = DLib
__dlib_version  = 6


*******************************************************************************
*** HEAP SELECTION
***

The basic heap was selected because no calls to memory allocation
functions were found in the application outside of system library
functions, and there are calls to deallocation functions in the
application.


*******************************************************************************
*** PLACEMENT SUMMARY
***

"A0":  place at 0x08000000 { ro section .intvec };
"P1":  place in [from 0x08000000 to 0x080fffff] { ro };
"P2":  place in [from 0x20000000 to 0x20017fff] { rw, block CSTACK, block HEAP };
"P3":  place in [from 0x20000000 to 0x20017fff] {  };
initialize by copy { rw };

  Section            Kind        Address    Size  Object
  -------            ----        -------    ----  ------
"A0":                                      0x188
  .intvec            ro code  0x08000000   0x188  startup_stm32l476xx.o [1]
                            - 0x08000188   0x188

"P1":                                     0x1c1b
  .text              ro code  0x08000188   0x65c  stm32l4xx_hal_rcc.o [1]
  .text              ro code  0x080007e4    0x30  stm32l4xx_hal.o [1]
  .text              ro code  0x08000814     0xc  stm32l4xx_hal.o [1]
  .text              ro code  0x08000820    0x80  stm32l4xx_hal_pwr_ex.o [1]
  .text              ro code  0x080008a0    0xca  stm32l4xx_hal_cortex.o [1]
  .text              ro code  0x0800096c   0x5f8  stm32l4xx_hal_i2c.o [1]
  .text              ro code  0x08000f64    0xd4  stm32l4xx_hal_msp.o [1]
  .text              ro code  0x08001038   0x1e4  stm32l4xx_hal_gpio.o [1]
  .text              ro code  0x0800121c   0x548  stm32l4xx_hal_rcc_ex.o [1]
  .text              ro code  0x08001764   0x206  main.o [1]
  .text              ro code  0x0800196c    0x2c  stm32l4xx_hal.o [1]
  .text              ro code  0x08001998    0x8c  stm32l476g_discovery.o [1]
  .text              ro code  0x08001a24    0x1e  stm32l4xx_hal.o [1]
  .text              ro code  0x08001a44    0x86  stm32l4xx_hal_i2c_ex.o [1]
  .text              ro code  0x08001acc    0x80  system_stm32l4xx.o [1]
  .text              ro code  0x08001b4c    0x38  packbits_init_single.o [4]
  .text              ro code  0x08001b84    0x28  data_init.o [4]
  .iar.init_table    const    0x08001bac    0x10  - Linker created -
  .text              ro code  0x08001bbc    0x1e  stm32l4xx_it.o [1]
  .text              ro code  0x08001bdc    0x10  stm32l4xx_hal.o [1]
  .text              ro code  0x08001bec    0x1a  cmain.o [4]
  .text              ro code  0x08001c06     0x4  low_level_init.o [3]
  .text              ro code  0x08001c0a     0x4  exit.o [3]
  .text              ro code  0x08001c10     0xa  cexit.o [4]
  .text              ro code  0x08001c1c    0x14  exit.o [5]
  .text              ro code  0x08001c30    0x10  startup_stm32l476xx.o [1]
  .text              ro code  0x08001c40     0xc  cstartup_M.o [4]
  .text              ro code  0x08001c4c     0x4  startup_stm32l476xx.o [1]
  .text              ro code  0x08001c50     0x4  startup_stm32l476xx.o [1]
  .text              ro code  0x08001c54     0x4  startup_stm32l476xx.o [1]
  .text              ro code  0x08001c58     0x4  startup_stm32l476xx.o [1]
  .text              ro code  0x08001c5c     0x4  startup_stm32l476xx.o [1]
  .text              ro code  0x08001c60     0x4  startup_stm32l476xx.o [1]
  .text              ro code  0x08001c64     0x4  startup_stm32l476xx.o [1]
  .text              ro code  0x08001c68     0x4  startup_stm32l476xx.o [1]
  .text              ro code  0x08001c6c     0x4  startup_stm32l476xx.o [1]
  .text              ro code  0x08001c70     0x4  startup_stm32l476xx.o [1]
  .text              ro code  0x08001c74     0x4  startup_stm32l476xx.o [1]
  .text              ro code  0x08001c78     0x4  startup_stm32l476xx.o [1]
  .text              ro code  0x08001c7c     0x4  startup_stm32l476xx.o [1]
  .text              ro code  0x08001c80     0x4  startup_stm32l476xx.o [1]
  .text              ro code  0x08001c84     0x4  startup_stm32l476xx.o [1]
  .text              ro code  0x08001c88     0x4  startup_stm32l476xx.o [1]
  .text              ro code  0x08001c8c     0x4  startup_stm32l476xx.o [1]
  .text              ro code  0x08001c90     0x4  startup_stm32l476xx.o [1]
  .text              ro code  0x08001c94     0x4  startup_stm32l476xx.o [1]
  .text              ro code  0x08001c98     0x4  startup_stm32l476xx.o [1]
  .text              ro code  0x08001c9c     0x4  startup_stm32l476xx.o [1]
  .text              ro code  0x08001ca0     0x4  startup_stm32l476xx.o [1]
  .text              ro code  0x08001ca4     0x4  startup_stm32l476xx.o [1]
  .text              ro code  0x08001ca8     0x4  startup_stm32l476xx.o [1]
  .text              ro code  0x08001cac     0x4  startup_stm32l476xx.o [1]
  .text              ro code  0x08001cb0     0x4  startup_stm32l476xx.o [1]
  .text              ro code  0x08001cb4     0x4  startup_stm32l476xx.o [1]
  .text              ro code  0x08001cb8     0x4  startup_stm32l476xx.o [1]
  .text              ro code  0x08001cbc     0x4  startup_stm32l476xx.o [1]
  .text              ro code  0x08001cc0     0x4  startup_stm32l476xx.o [1]
  .text              ro code  0x08001cc4     0x4  startup_stm32l476xx.o [1]
  .text              ro code  0x08001cc8     0x4  startup_stm32l476xx.o [1]
  .text              ro code  0x08001ccc     0x4  startup_stm32l476xx.o [1]
  .text              ro code  0x08001cd0     0x4  startup_stm32l476xx.o [1]
  .text              ro code  0x08001cd4     0x4  startup_stm32l476xx.o [1]
  .text              ro code  0x08001cd8     0x4  startup_stm32l476xx.o [1]
  .text              ro code  0x08001cdc     0x4  startup_stm32l476xx.o [1]
  .text              ro code  0x08001ce0     0x4  startup_stm32l476xx.o [1]
  .text              ro code  0x08001ce4     0x4  startup_stm32l476xx.o [1]
  .text              ro code  0x08001ce8     0x4  startup_stm32l476xx.o [1]
  .text              ro code  0x08001cec     0x4  startup_stm32l476xx.o [1]
  .text              ro code  0x08001cf0     0x4  startup_stm32l476xx.o [1]
  .text              ro code  0x08001cf4     0x4  startup_stm32l476xx.o [1]
  .text              ro code  0x08001cf8     0x4  startup_stm32l476xx.o [1]
  .text              ro code  0x08001cfc     0x4  startup_stm32l476xx.o [1]
  .text              ro code  0x08001d00     0x4  startup_stm32l476xx.o [1]
  .text              ro code  0x08001d04     0x4  startup_stm32l476xx.o [1]
  .text              ro code  0x08001d08     0x4  startup_stm32l476xx.o [1]
  .text              ro code  0x08001d0c     0x4  startup_stm32l476xx.o [1]
  .text              ro code  0x08001d10     0x4  startup_stm32l476xx.o [1]
  .text              ro code  0x08001d14     0x4  startup_stm32l476xx.o [1]
  .text              ro code  0x08001d18     0x4  startup_stm32l476xx.o [1]
  .text              ro code  0x08001d1c     0x4  startup_stm32l476xx.o [1]
  .text              ro code  0x08001d20     0x4  startup_stm32l476xx.o [1]
  .text              ro code  0x08001d24     0x4  startup_stm32l476xx.o [1]
  .text              ro code  0x08001d28     0x4  startup_stm32l476xx.o [1]
  .text              ro code  0x08001d2c     0x4  startup_stm32l476xx.o [1]
  .text              ro code  0x08001d30     0x4  startup_stm32l476xx.o [1]
  .text              ro code  0x08001d34     0x4  startup_stm32l476xx.o [1]
  .text              ro code  0x08001d38     0x4  startup_stm32l476xx.o [1]
  .text              ro code  0x08001d3c     0x4  startup_stm32l476xx.o [1]
  .text              ro code  0x08001d40     0x4  startup_stm32l476xx.o [1]
  .text              ro code  0x08001d44     0x4  startup_stm32l476xx.o [1]
  .text              ro code  0x08001d48     0x4  startup_stm32l476xx.o [1]
  .text              ro code  0x08001d4c     0x4  startup_stm32l476xx.o [1]
  .text              ro code  0x08001d50     0x4  startup_stm32l476xx.o [1]
  .text              ro code  0x08001d54     0x4  startup_stm32l476xx.o [1]
  .text              ro code  0x08001d58     0x4  startup_stm32l476xx.o [1]
  .text              ro code  0x08001d5c     0x4  startup_stm32l476xx.o [1]
  .text              ro code  0x08001d60     0x4  startup_stm32l476xx.o [1]
  .text              ro code  0x08001d64     0x4  startup_stm32l476xx.o [1]
  .text              ro code  0x08001d68     0x4  startup_stm32l476xx.o [1]
  .text              ro code  0x08001d6c     0x4  startup_stm32l476xx.o [1]
  .text              ro code  0x08001d70     0x4  startup_stm32l476xx.o [1]
  .text              ro code  0x08001d74     0x4  startup_stm32l476xx.o [1]
  .text              ro code  0x08001d78     0x4  startup_stm32l476xx.o [1]
  .text              ro code  0x08001d7c     0x4  startup_stm32l476xx.o [1]
  .text              ro code  0x08001d80     0x4  startup_stm32l476xx.o [1]
  .text              ro code  0x08001d84     0x4  startup_stm32l476xx.o [1]
  .text              ro code  0x08001d88     0x4  startup_stm32l476xx.o [1]
  .text              ro code  0x08001d8c     0x4  startup_stm32l476xx.o [1]
  .rodata            const    0x08001d90     0x0  packbits_init_single.o [4]
  Initializer bytes  const    0x08001d90    0x13  <for P2-P3-1>
                            - 0x08001da3  0x1c1b

"P2-P3", part 1 of 2:                       0x64
  P2-P3-1                     0x20000000    0x64  <Init block>
    .data            inited   0x20000000    0x51  main.o [1]
    .data            inited   0x20000054     0x8  stm32l476g_discovery.o [1]
    .data            inited   0x2000005c     0x4  system_stm32l4xx.o [1]
    .bss             inited   0x20000060     0x4  stm32l4xx_hal.o [1]
                            - 0x20000064    0x64

"P2-P3", part 2 of 2:                      0x400
  CSTACK                      0x20000068   0x400  <Block>
    CSTACK           uninit   0x20000068   0x400  <Block tail>
                            - 0x20000468   0x400


*******************************************************************************
*** INIT TABLE
***

          Address     Size
          -------     ----
Copy/packbits (__iar_packbits_init_single3)
    1 source range, total size 0x13 (19% of destination):
          0x08001d90  0x13
    1 destination range, total size 0x64:
          0x20000000  0x64



*******************************************************************************
*** MODULE SUMMARY
***

    Module                  ro code  ro data  rw data
    ------                  -------  -------  -------
C:\Users\bacem.kaabia\Desktop\Communications séries\ldc2114_com\EWARM\ldc2114_com\Obj: [1]
    main.o                      518       15       81
    startup_stm32l476xx.o       732
    stm32l476g_discovery.o      140        2        8
    stm32l4xx_hal.o             150        1        4
    stm32l4xx_hal_cortex.o      202
    stm32l4xx_hal_gpio.o        484
    stm32l4xx_hal_i2c.o       1 528
    stm32l4xx_hal_i2c_ex.o      134
    stm32l4xx_hal_msp.o         212
    stm32l4xx_hal_pwr_ex.o      128
    stm32l4xx_hal_rcc.o       1 628
    stm32l4xx_hal_rcc_ex.o    1 352
    stm32l4xx_it.o               30
    system_stm32l4xx.o          128        1        4
    -------------------------------------------------
    Total:                    7 366       19       97

command line: [2]
    -------------------------------------------------
    Total:

dl7M_tln.a: [3]
    exit.o                        4
    low_level_init.o              4
    -------------------------------------------------
    Total:                        8

rt7M_tl.a: [4]
    cexit.o                      10
    cmain.o                      26
    cstartup_M.o                 12
    data_init.o                  40
    packbits_init_single.o       56
    -------------------------------------------------
    Total:                      144

shb_l.a: [5]
    exit.o                       20
    -------------------------------------------------
    Total:                       20

    Gaps                         14                 3
    Linker created                        16    1 024
-----------------------------------------------------
    Grand Total:              7 552       35    1 124


*******************************************************************************
*** ENTRY LIST
***

Entry                      Address   Size  Type      Object
-----                      -------   ----  ----      ------
.iar.init_table$$Base   0x08001bac          --   Gb  - Linker created -
.iar.init_table$$Limit  0x08001bbc          --   Gb  - Linker created -
?main                   0x08001bed         Code  Gb  cmain.o [4]
AHBPrescTable           0x08001b0c   0x10  Data  Gb  system_stm32l4xx.o [1]
BSP_LED_Init            0x08001999   0x68  Code  Gb  stm32l476g_discovery.o [1]
BSP_LED_On              0x08001a01   0x16  Code  Gb  stm32l476g_discovery.o [1]
BusFault_Handler        0x08001bc3    0x2  Code  Gb  stm32l4xx_it.o [1]
CSTACK$$Base            0x20000068          --   Gb  - Linker created -
CSTACK$$Limit           0x20000468          --   Gb  - Linker created -
DebugMon_Handler        0x08001bc9    0x2  Code  Gb  stm32l4xx_it.o [1]
DeviceAdress            0x20000002    0x2  Data  Gb  main.o [1]
HAL_Delay               0x08001a25   0x1e  Code  Wk  stm32l4xx_hal.o [1]
HAL_GPIO_Init           0x08001039  0x1b4  Code  Gb  stm32l4xx_hal_gpio.o [1]
HAL_GPIO_WritePin       0x080011ed    0xa  Code  Gb  stm32l4xx_hal_gpio.o [1]
HAL_GetTick             0x08000815    0xc  Code  Wk  stm32l4xx_hal.o [1]
HAL_I2CEx_ConfigAnalogFilter
                        0x08001a45   0x30  Code  Gb  stm32l4xx_hal_i2c_ex.o [1]
HAL_I2CEx_ConfigDigitalFilter
                        0x08001a75   0x2c  Code  Gb  stm32l4xx_hal_i2c_ex.o [1]
HAL_I2C_GetState        0x08000d55    0x6  Code  Gb  stm32l4xx_hal_i2c.o [1]
HAL_I2C_Init            0x0800096d   0xa2  Code  Gb  stm32l4xx_hal_i2c.o [1]
HAL_I2C_IsDeviceReady   0x08000c51   0xfa  Code  Gb  stm32l4xx_hal_i2c.o [1]
HAL_I2C_Master_Receive  0x08000acf   0xa4  Code  Gb  stm32l4xx_hal_i2c.o [1]
HAL_I2C_Master_Transmit
                        0x08000a1f   0xa4  Code  Gb  stm32l4xx_hal_i2c.o [1]
HAL_I2C_MspInit         0x08000feb   0x42  Code  Gb  stm32l4xx_hal_msp.o [1]
HAL_IncTick             0x08001bdd   0x10  Code  Wk  stm32l4xx_hal.o [1]
HAL_Init                0x0800196d   0x28  Code  Gb  stm32l4xx_hal.o [1]
HAL_InitTick            0x080007e5   0x30  Code  Wk  stm32l4xx_hal.o [1]
HAL_MspInit             0x08000f65   0x86  Code  Gb  stm32l4xx_hal_msp.o [1]
HAL_NVIC_SetPriority    0x080008d5   0x3a  Code  Gb  stm32l4xx_hal_cortex.o [1]
HAL_NVIC_SetPriorityGrouping
                        0x080008bb   0x1a  Code  Gb  stm32l4xx_hal_cortex.o [1]
HAL_PWREx_ControlVoltageScaling
                        0x0800082d   0x68  Code  Gb  stm32l4xx_hal_pwr_ex.o [1]
HAL_PWREx_GetVoltageRange
                        0x08000821    0xc  Code  Gb  stm32l4xx_hal_pwr_ex.o [1]
HAL_RCCEx_PeriphCLKConfig
                        0x0800121d  0x312  Code  Gb  stm32l4xx_hal_rcc_ex.o [1]
HAL_RCC_ClockConfig     0x08000597   0xde  Code  Gb  stm32l4xx_hal_rcc.o [1]
HAL_RCC_GetHCLKFreq     0x08000737    0x6  Code  Gb  stm32l4xx_hal_rcc.o [1]
HAL_RCC_GetSysClockFreq
                        0x080006a1   0x96  Code  Gb  stm32l4xx_hal_rcc.o [1]
HAL_RCC_OscConfig       0x08000189  0x3ea  Code  Gb  stm32l4xx_hal_rcc.o [1]
HAL_SYSTICK_CLKSourceConfig
                        0x08000937   0x1a  Code  Gb  stm32l4xx_hal_cortex.o [1]
HAL_SYSTICK_Config      0x0800090f   0x28  Code  Gb  stm32l4xx_hal_cortex.o [1]
HAL_SYSTICK_IRQHandler  0x08000951    0x4  Code  Gb  stm32l4xx_hal_cortex.o [1]
HardFault_Handler       0x08001bbf    0x2  Code  Gb  stm32l4xx_it.o [1]
I2C_Flush_TXDR          0x08000d77   0x1c  Code  Lc  stm32l4xx_hal_i2c.o [1]
I2C_IsAcknowledgeFailed
                        0x08000ec9   0x68  Code  Lc  stm32l4xx_hal_i2c.o [1]
I2C_TransferConfig      0x08000f3b   0x22  Code  Lc  stm32l4xx_hal_i2c.o [1]
I2C_WaitOnFlagUntilTimeout
                        0x08000d93   0x42  Code  Lc  stm32l4xx_hal_i2c.o [1]
I2C_WaitOnRXNEFlagUntilTimeout
                        0x08000e5b   0x6e  Code  Lc  stm32l4xx_hal_i2c.o [1]
I2C_WaitOnSTOPFlagUntilTimeout
                        0x08000e23   0x30  Code  Lc  stm32l4xx_hal_i2c.o [1]
I2C_WaitOnTXISFlagUntilTimeout
                        0x08000dd5   0x36  Code  Lc  stm32l4xx_hal_i2c.o [1]
I2cData                 0x20000000    0x2  Data  Gb  main.o [1]
LDC2114_Config          0x080018cb   0x8a  Code  Lc  main.o [1]
LED_PIN                 0x08001a20    0x4  Data  Gb  stm32l476g_discovery.o [1]
LED_PORT                0x20000054    0x8  Data  Gb  stm32l476g_discovery.o [1]
Logic_State_Output      0x20000050    0x1  Data  Gb  main.o [1]
MSIRangeTable           0x08001b1c   0x30  Data  Gb  system_stm32l4xx.o [1]
MX_I2C1_Init            0x08001887   0x44  Code  Lc  main.o [1]
MemManage_Handler       0x08001bc1    0x2  Code  Gb  stm32l4xx_it.o [1]
NMI_Handler             0x08001bbd    0x2  Code  Gb  stm32l4xx_it.o [1]
NVIC_SetPriority        0x080008a1   0x1a  Code  Lc  stm32l4xx_hal_cortex.o [1]
PendSV_Handler          0x08001bcb    0x2  Code  Gb  stm32l4xx_it.o [1]
RCCEx_PLLSAI1_Config    0x08001553   0xec  Code  Lc  stm32l4xx_hal_rcc_ex.o [1]
RCCEx_PLLSAI2_Config    0x08001645   0xce  Code  Lc  stm32l4xx_hal_rcc_ex.o [1]
RCC_SetFlashLatencyFromMSIRange
                        0x0800073d   0x76  Code  Lc  stm32l4xx_hal_rcc.o [1]
Region$$Table$$Base     0x08001bac          --   Gb  - Linker created -
Region$$Table$$Limit    0x08001bbc          --   Gb  - Linker created -
SVC_Handler             0x08001bc7    0x2  Code  Gb  stm32l4xx_it.o [1]
SysTick_Handler         0x08001bcd    0xe  Code  Gb  stm32l4xx_it.o [1]
SystemClock_Config      0x080017f1   0x96  Code  Gb  main.o [1]
SystemCoreClock         0x2000005c    0x4  Data  Gb  system_stm32l4xx.o [1]
SystemInit              0x08001acd   0x32  Code  Gb  system_stm32l4xx.o [1]
UsageFault_Handler      0x08001bc5    0x2  Code  Gb  stm32l4xx_it.o [1]
__cmain                 0x08001bed         Code  Gb  cmain.o [4]
__exit                  0x08001c1d   0x14  Code  Gb  exit.o [5]
__iar_data_init3        0x08001b85   0x28  Code  Gb  data_init.o [4]
__iar_packbits_init_single3
                        0x08001b4d   0x38  Code  Gb  packbits_init_single.o [4]
__iar_program_start     0x08001c41         Code  Gb  cstartup_M.o [4]
__iar_systems$$module {Abs}
                        0x00000001         Data  Gb  command line/config [2]
__low_level_init        0x08001c07    0x4  Code  Gb  low_level_init.o [3]
__vector_table          0x08000000         Data  Gb  startup_stm32l476xx.o [1]
_call_main              0x08001bf9         Code  Gb  cmain.o [4]
_exit                   0x08001c11         Code  Gb  cexit.o [4]
_main                   0x08001c03         Code  Gb  cmain.o [4]
exit                    0x08001c0b    0x4  Code  Gb  exit.o [3]
hi2c1                   0x20000004   0x4c  Data  Gb  main.o [1]
main                    0x08001765   0x7c  Code  Gb  main.o [1]
uwTick                  0x20000060    0x4  Data  Gb  stm32l4xx_hal.o [1]


[1] = C:\Users\bacem.kaabia\Desktop\Communications séries\ldc2114_com\EWARM\ldc2114_com\Obj
[2] = command line
[3] = dl7M_tln.a
[4] = rt7M_tl.a
[5] = shb_l.a

  7 552 bytes of readonly  code memory
     35 bytes of readonly  data memory
  1 124 bytes of readwrite data memory

Errors: none
Warnings: none
