###############################################################################
#
# IAR ELF Linker V8.11.1.13263/W32 for ARM                21/Nov/2018  17:37:31
# Copyright 2007-2017 IAR Systems AB.
#
#    Output file  =  
#        C:\Users\bacem.kaabia\Desktop\14_11_2018\6_FreeRtos_Sending_to_Q\EWARM\FreeRtos\Exe\FreeRtos.out
#    Map file     =  
#        C:\Users\bacem.kaabia\Desktop\14_11_2018\6_FreeRtos_Sending_to_Q\EWARM\FreeRtos\List\FreeRtos.map
#    Command line =  
#        -f C:\Users\BACEM~1.KAA\AppData\Local\Temp\EWDF28.tmp
#        (C:\Users\bacem.kaabia\Desktop\14_11_2018\6_FreeRtos_Sending_to_Q\EWARM\FreeRtos\Obj\cmsis_os.o
#        C:\Users\bacem.kaabia\Desktop\14_11_2018\6_FreeRtos_Sending_to_Q\EWARM\FreeRtos\Obj\croutine.o
#        C:\Users\bacem.kaabia\Desktop\14_11_2018\6_FreeRtos_Sending_to_Q\EWARM\FreeRtos\Obj\event_groups.o
#        C:\Users\bacem.kaabia\Desktop\14_11_2018\6_FreeRtos_Sending_to_Q\EWARM\FreeRtos\Obj\heap_4.o
#        C:\Users\bacem.kaabia\Desktop\14_11_2018\6_FreeRtos_Sending_to_Q\EWARM\FreeRtos\Obj\list.o
#        C:\Users\bacem.kaabia\Desktop\14_11_2018\6_FreeRtos_Sending_to_Q\EWARM\FreeRtos\Obj\main.o
#        C:\Users\bacem.kaabia\Desktop\14_11_2018\6_FreeRtos_Sending_to_Q\EWARM\FreeRtos\Obj\port.o
#        C:\Users\bacem.kaabia\Desktop\14_11_2018\6_FreeRtos_Sending_to_Q\EWARM\FreeRtos\Obj\portasm.o
#        C:\Users\bacem.kaabia\Desktop\14_11_2018\6_FreeRtos_Sending_to_Q\EWARM\FreeRtos\Obj\queue.o
#        C:\Users\bacem.kaabia\Desktop\14_11_2018\6_FreeRtos_Sending_to_Q\EWARM\FreeRtos\Obj\startup_stm32l476xx.o
#        C:\Users\bacem.kaabia\Desktop\14_11_2018\6_FreeRtos_Sending_to_Q\EWARM\FreeRtos\Obj\stm32l476g_discovery.o
#        C:\Users\bacem.kaabia\Desktop\14_11_2018\6_FreeRtos_Sending_to_Q\EWARM\FreeRtos\Obj\stm32l4xx_hal.o
#        C:\Users\bacem.kaabia\Desktop\14_11_2018\6_FreeRtos_Sending_to_Q\EWARM\FreeRtos\Obj\stm32l4xx_hal_cortex.o
#        C:\Users\bacem.kaabia\Desktop\14_11_2018\6_FreeRtos_Sending_to_Q\EWARM\FreeRtos\Obj\stm32l4xx_hal_dma.o
#        C:\Users\bacem.kaabia\Desktop\14_11_2018\6_FreeRtos_Sending_to_Q\EWARM\FreeRtos\Obj\stm32l4xx_hal_dma_ex.o
#        C:\Users\bacem.kaabia\Desktop\14_11_2018\6_FreeRtos_Sending_to_Q\EWARM\FreeRtos\Obj\stm32l4xx_hal_flash.o
#        C:\Users\bacem.kaabia\Desktop\14_11_2018\6_FreeRtos_Sending_to_Q\EWARM\FreeRtos\Obj\stm32l4xx_hal_flash_ex.o
#        C:\Users\bacem.kaabia\Desktop\14_11_2018\6_FreeRtos_Sending_to_Q\EWARM\FreeRtos\Obj\stm32l4xx_hal_flash_ramfunc.o
#        C:\Users\bacem.kaabia\Desktop\14_11_2018\6_FreeRtos_Sending_to_Q\EWARM\FreeRtos\Obj\stm32l4xx_hal_gpio.o
#        C:\Users\bacem.kaabia\Desktop\14_11_2018\6_FreeRtos_Sending_to_Q\EWARM\FreeRtos\Obj\stm32l4xx_hal_i2c.o
#        C:\Users\bacem.kaabia\Desktop\14_11_2018\6_FreeRtos_Sending_to_Q\EWARM\FreeRtos\Obj\stm32l4xx_hal_i2c_ex.o
#        C:\Users\bacem.kaabia\Desktop\14_11_2018\6_FreeRtos_Sending_to_Q\EWARM\FreeRtos\Obj\stm32l4xx_hal_msp.o
#        C:\Users\bacem.kaabia\Desktop\14_11_2018\6_FreeRtos_Sending_to_Q\EWARM\FreeRtos\Obj\stm32l4xx_hal_pwr.o
#        C:\Users\bacem.kaabia\Desktop\14_11_2018\6_FreeRtos_Sending_to_Q\EWARM\FreeRtos\Obj\stm32l4xx_hal_pwr_ex.o
#        C:\Users\bacem.kaabia\Desktop\14_11_2018\6_FreeRtos_Sending_to_Q\EWARM\FreeRtos\Obj\stm32l4xx_hal_rcc.o
#        C:\Users\bacem.kaabia\Desktop\14_11_2018\6_FreeRtos_Sending_to_Q\EWARM\FreeRtos\Obj\stm32l4xx_hal_rcc_ex.o
#        C:\Users\bacem.kaabia\Desktop\14_11_2018\6_FreeRtos_Sending_to_Q\EWARM\FreeRtos\Obj\stm32l4xx_hal_tim.o
#        C:\Users\bacem.kaabia\Desktop\14_11_2018\6_FreeRtos_Sending_to_Q\EWARM\FreeRtos\Obj\stm32l4xx_hal_tim_ex.o
#        C:\Users\bacem.kaabia\Desktop\14_11_2018\6_FreeRtos_Sending_to_Q\EWARM\FreeRtos\Obj\stm32l4xx_hal_timebase_TIM.o
#        C:\Users\bacem.kaabia\Desktop\14_11_2018\6_FreeRtos_Sending_to_Q\EWARM\FreeRtos\Obj\stm32l4xx_hal_uart.o
#        C:\Users\bacem.kaabia\Desktop\14_11_2018\6_FreeRtos_Sending_to_Q\EWARM\FreeRtos\Obj\stm32l4xx_hal_uart_ex.o
#        C:\Users\bacem.kaabia\Desktop\14_11_2018\6_FreeRtos_Sending_to_Q\EWARM\FreeRtos\Obj\stm32l4xx_hal_usart.o
#        C:\Users\bacem.kaabia\Desktop\14_11_2018\6_FreeRtos_Sending_to_Q\EWARM\FreeRtos\Obj\stm32l4xx_hal_usart_ex.o
#        C:\Users\bacem.kaabia\Desktop\14_11_2018\6_FreeRtos_Sending_to_Q\EWARM\FreeRtos\Obj\stm32l4xx_it.o
#        C:\Users\bacem.kaabia\Desktop\14_11_2018\6_FreeRtos_Sending_to_Q\EWARM\FreeRtos\Obj\stream_buffer.o
#        C:\Users\bacem.kaabia\Desktop\14_11_2018\6_FreeRtos_Sending_to_Q\EWARM\FreeRtos\Obj\system_stm32l4xx.o
#        C:\Users\bacem.kaabia\Desktop\14_11_2018\6_FreeRtos_Sending_to_Q\EWARM\FreeRtos\Obj\tasks.o
#        C:\Users\bacem.kaabia\Desktop\14_11_2018\6_FreeRtos_Sending_to_Q\EWARM\FreeRtos\Obj\timers.o
#        C:\Users\bacem.kaabia\Desktop\14_11_2018\6_FreeRtos_Sending_to_Q\EWARM\FreeRtos\Obj\UART_Config_Task.o
#        C:\Users\bacem.kaabia\Desktop\14_11_2018\6_FreeRtos_Sending_to_Q\EWARM\FreeRtos\Obj\UART_Receive_Task.o
#        -o
#        C:\Users\bacem.kaabia\Desktop\14_11_2018\6_FreeRtos_Sending_to_Q\EWARM\FreeRtos\Exe\FreeRtos.out
#        --map
#        C:\Users\bacem.kaabia\Desktop\14_11_2018\6_FreeRtos_Sending_to_Q\EWARM\FreeRtos\List\FreeRtos.map
#        --config
#        C:\Users\bacem.kaabia\Desktop\14_11_2018\6_FreeRtos_Sending_to_Q\EWARM/stm32l476xx_flash.icf
#        --semihosting --entry __iar_program_start --vfe --text_out locale)
#
###############################################################################

*******************************************************************************
*** RUNTIME MODEL ATTRIBUTES
***

CppFlavor       = *
__SystemLibrary = DLib
__dlib_version  = 6


*******************************************************************************
*** HEAP SELECTION
***

The basic heap was selected because no calls to memory allocation
functions were found in the application outside of system library
functions, and there are calls to deallocation functions in the
application.


*******************************************************************************
*** PLACEMENT SUMMARY
***

"A0":  place at 0x08000000 { ro section .intvec };
"P1":  place in [from 0x08000000 to 0x080fffff] { ro };
"P2":  place in [from 0x20000000 to 0x20017fff] { rw, block CSTACK, block HEAP };
"P3":  place in [from 0x20000000 to 0x20017fff] {  };
initialize by copy { rw };

  Section            Kind        Address    Size  Object
  -------            ----        -------    ----  ------
"A0":                                      0x188
  .intvec            ro code  0x08000000   0x188  startup_stm32l476xx.o [1]
                            - 0x08000188   0x188

"P1":                                     0x36c4
  .text              ro code  0x08000188   0x958  tasks.o [1]
  .text              ro code  0x08000ae0   0x1b0  heap_4.o [1]
  .text              ro code  0x08000c90    0x90  list.o [1]
  .text              ro code  0x08000d20   0x204  port.o [1]
  CODE               ro code  0x08000f24    0xb0  portasm.o [1]
  .text              ro code  0x08000fd4   0x88a  stm32l4xx_hal_uart.o [1]
  .text              ro code  0x08001860   0x1ac  stm32l4xx_hal_msp.o [1]
  .text              ro code  0x08001a0c   0x254  stm32l4xx_hal_dma.o [1]
  .text              ro code  0x08001c60   0x100  main.o [1]
  .text              ro code  0x08001d60     0x2  stm32l4xx_hal_uart_ex.o [1]
  .text              ro code  0x08001d64   0x1b8  UART_Receive_Task.o [1]
  .text              ro code  0x08001f1c   0x70c  stm32l4xx_hal_rcc.o [1]
  .text              ro code  0x08002628    0xee  I64DivMod.o [5]
  .text              ro code  0x08002718     0xc  stm32l4xx_hal.o [1]
  .text              ro code  0x08002724     0x2  stm32l4xx_hal_uart.o [1]
  .text              ro code  0x08002726     0x2  stm32l4xx_hal_uart.o [1]
  .text              ro code  0x08002728   0x1e4  stm32l4xx_hal_gpio.o [1]
  .text              ro code  0x0800290c    0xdc  stm32l4xx_hal_cortex.o [1]
  .text              ro code  0x080029e8    0x24  stm32l4xx_hal.o [1]
  .text              ro code  0x08002a0c    0x8c  stm32l476g_discovery.o [1]
  .text              ro code  0x08002a98   0x4f8  queue.o [1]
  .text              ro code  0x08002f90    0xdc  UART_Config_Task.o [1]
  .text              ro code  0x0800306c    0x58  cmsis_os.o [1]
  .text              ro code  0x080030c4    0x7c  stm32l4xx_hal_pwr_ex.o [1]
  .text              ro code  0x08003140    0x10  stm32l4xx_hal.o [1]
  .text              ro code  0x08003150    0xa6  ABImemcpy.o [5]
  .text              ro code  0x080031f8    0x78  stm32l4xx_hal_timebase_TIM.o [1]
  .text              ro code  0x08003270     0x2  I64DivZer.o [5]
  .text              ro code  0x08003274   0x262  stm32l4xx_hal_tim.o [1]
  .text              ro code  0x080034d6     0x2  stm32l4xx_hal_tim.o [1]
  .text              ro code  0x080034d8     0x2  stm32l4xx_hal_tim.o [1]
  .text              ro code  0x080034da     0x2  stm32l4xx_hal_tim_ex.o [1]
  .text              ro code  0x080034dc     0x2  stm32l4xx_hal_tim.o [1]
  .text              ro code  0x080034de     0x2  stm32l4xx_hal_tim_ex.o [1]
  .text              ro code  0x080034e0     0x2  stm32l4xx_hal_tim.o [1]
  .text              ro code  0x080034e4    0x8c  system_stm32l4xx.o [1]
  .text              ro code  0x08003570    0x40  zero_init3.o [5]
  .text              ro code  0x080035b0    0x34  stm32l4xx_it.o [1]
  .text              ro code  0x080035e4    0x2c  copy_init3.o [5]
  .text              ro code  0x08003610    0x28  data_init.o [5]
  .text              ro code  0x08003638    0x22  fpinit_M.o [4]
  .iar.init_table    const    0x0800365c    0x24  - Linker created -
  .text              ro code  0x08003680    0x1a  cmain.o [5]
  .text              ro code  0x0800369a     0x4  low_level_init.o [3]
  .text              ro code  0x0800369e     0x4  exit.o [3]
  .text              ro code  0x080036a4     0xa  cexit.o [5]
  .text              ro code  0x080036b0    0x14  exit.o [6]
  Initializer bytes  const    0x080036c4    0x18  <for P2-P3-1>
  .text              ro code  0x080036dc    0x10  startup_stm32l476xx.o [1]
  .rodata            const    0x080036ec     0xc  UART_Config_Task.o [1]
  .rodata            const    0x080036f8     0xc  UART_Receive_Task.o [1]
  .text              ro code  0x08003704     0xc  cstartup_M.o [5]
  .rodata            const    0x08003710     0x8  system_stm32l4xx.o [1]
  .text              ro code  0x08003718     0x4  startup_stm32l476xx.o [1]
  .text              ro code  0x0800371c     0x4  startup_stm32l476xx.o [1]
  .text              ro code  0x08003720     0x4  startup_stm32l476xx.o [1]
  .text              ro code  0x08003724     0x4  startup_stm32l476xx.o [1]
  .text              ro code  0x08003728     0x4  startup_stm32l476xx.o [1]
  .text              ro code  0x0800372c     0x4  startup_stm32l476xx.o [1]
  .text              ro code  0x08003730     0x4  startup_stm32l476xx.o [1]
  .text              ro code  0x08003734     0x4  startup_stm32l476xx.o [1]
  .text              ro code  0x08003738     0x4  startup_stm32l476xx.o [1]
  .text              ro code  0x0800373c     0x4  startup_stm32l476xx.o [1]
  .text              ro code  0x08003740     0x4  startup_stm32l476xx.o [1]
  .text              ro code  0x08003744     0x4  startup_stm32l476xx.o [1]
  .text              ro code  0x08003748     0x4  startup_stm32l476xx.o [1]
  .text              ro code  0x0800374c     0x4  startup_stm32l476xx.o [1]
  .text              ro code  0x08003750     0x4  startup_stm32l476xx.o [1]
  .text              ro code  0x08003754     0x4  startup_stm32l476xx.o [1]
  .text              ro code  0x08003758     0x4  startup_stm32l476xx.o [1]
  .text              ro code  0x0800375c     0x4  startup_stm32l476xx.o [1]
  .text              ro code  0x08003760     0x4  startup_stm32l476xx.o [1]
  .text              ro code  0x08003764     0x4  startup_stm32l476xx.o [1]
  .text              ro code  0x08003768     0x4  startup_stm32l476xx.o [1]
  .text              ro code  0x0800376c     0x4  startup_stm32l476xx.o [1]
  .text              ro code  0x08003770     0x4  startup_stm32l476xx.o [1]
  .text              ro code  0x08003774     0x4  startup_stm32l476xx.o [1]
  .text              ro code  0x08003778     0x4  startup_stm32l476xx.o [1]
  .text              ro code  0x0800377c     0x4  startup_stm32l476xx.o [1]
  .text              ro code  0x08003780     0x4  startup_stm32l476xx.o [1]
  .text              ro code  0x08003784     0x4  startup_stm32l476xx.o [1]
  .text              ro code  0x08003788     0x4  startup_stm32l476xx.o [1]
  .text              ro code  0x0800378c     0x4  startup_stm32l476xx.o [1]
  .text              ro code  0x08003790     0x4  startup_stm32l476xx.o [1]
  .text              ro code  0x08003794     0x4  startup_stm32l476xx.o [1]
  .text              ro code  0x08003798     0x4  startup_stm32l476xx.o [1]
  .text              ro code  0x0800379c     0x4  startup_stm32l476xx.o [1]
  .text              ro code  0x080037a0     0x4  startup_stm32l476xx.o [1]
  .text              ro code  0x080037a4     0x4  startup_stm32l476xx.o [1]
  .text              ro code  0x080037a8     0x4  startup_stm32l476xx.o [1]
  .text              ro code  0x080037ac     0x4  startup_stm32l476xx.o [1]
  .text              ro code  0x080037b0     0x4  startup_stm32l476xx.o [1]
  .text              ro code  0x080037b4     0x4  startup_stm32l476xx.o [1]
  .text              ro code  0x080037b8     0x4  startup_stm32l476xx.o [1]
  .text              ro code  0x080037bc     0x4  startup_stm32l476xx.o [1]
  .text              ro code  0x080037c0     0x4  startup_stm32l476xx.o [1]
  .text              ro code  0x080037c4     0x4  startup_stm32l476xx.o [1]
  .text              ro code  0x080037c8     0x4  startup_stm32l476xx.o [1]
  .text              ro code  0x080037cc     0x4  startup_stm32l476xx.o [1]
  .text              ro code  0x080037d0     0x4  startup_stm32l476xx.o [1]
  .text              ro code  0x080037d4     0x4  startup_stm32l476xx.o [1]
  .text              ro code  0x080037d8     0x4  startup_stm32l476xx.o [1]
  .text              ro code  0x080037dc     0x4  startup_stm32l476xx.o [1]
  .text              ro code  0x080037e0     0x4  startup_stm32l476xx.o [1]
  .text              ro code  0x080037e4     0x4  startup_stm32l476xx.o [1]
  .text              ro code  0x080037e8     0x4  startup_stm32l476xx.o [1]
  .text              ro code  0x080037ec     0x4  startup_stm32l476xx.o [1]
  .text              ro code  0x080037f0     0x4  startup_stm32l476xx.o [1]
  .text              ro code  0x080037f4     0x4  startup_stm32l476xx.o [1]
  .text              ro code  0x080037f8     0x4  startup_stm32l476xx.o [1]
  .text              ro code  0x080037fc     0x4  startup_stm32l476xx.o [1]
  .text              ro code  0x08003800     0x4  startup_stm32l476xx.o [1]
  .text              ro code  0x08003804     0x4  startup_stm32l476xx.o [1]
  .text              ro code  0x08003808     0x4  startup_stm32l476xx.o [1]
  .text              ro code  0x0800380c     0x4  startup_stm32l476xx.o [1]
  .text              ro code  0x08003810     0x4  startup_stm32l476xx.o [1]
  .text              ro code  0x08003814     0x4  startup_stm32l476xx.o [1]
  .text              ro code  0x08003818     0x4  startup_stm32l476xx.o [1]
  .text              ro code  0x0800381c     0x4  startup_stm32l476xx.o [1]
  .text              ro code  0x08003820     0x4  startup_stm32l476xx.o [1]
  .text              ro code  0x08003824     0x4  startup_stm32l476xx.o [1]
  .text              ro code  0x08003828     0x4  startup_stm32l476xx.o [1]
  .text              ro code  0x0800382c     0x4  startup_stm32l476xx.o [1]
  .text              ro code  0x08003830     0x4  startup_stm32l476xx.o [1]
  .text              ro code  0x08003834     0x4  startup_stm32l476xx.o [1]
  .text              ro code  0x08003838     0x4  startup_stm32l476xx.o [1]
  .text              ro code  0x0800383c     0x4  startup_stm32l476xx.o [1]
  .text              ro code  0x08003840     0x4  startup_stm32l476xx.o [1]
  .text              ro code  0x08003844     0x4  startup_stm32l476xx.o [1]
  .text              ro code  0x08003848     0x4  startup_stm32l476xx.o [1]
  .rodata            const    0x0800384c     0x0  zero_init3.o [5]
  .rodata            const    0x0800384c     0x0  copy_init3.o [5]
                            - 0x0800384c  0x36c4

"P2-P3", part 1 of 3:                       0x18
  P2-P3-1                     0x20000000    0x18  <Init block>
    .data            inited   0x20000000     0xc  port.o [1]
    .data            inited   0x2000000c     0x8  stm32l476g_discovery.o [1]
    .data            inited   0x20000014     0x4  system_stm32l4xx.o [1]
                            - 0x20000018    0x18

"P2-P3", part 2 of 3:                      0x400
  CSTACK                      0x20000018   0x400  <Block>
    CSTACK           uninit   0x20000018   0x400  <Block tail>
                            - 0x20000418   0x400

"P2-P3", part 3 of 3:                      0xe68
  .bss               zero     0x20000418   0xbd0  heap_4.o [1]
  .bss               zero     0x20000fe8    0xa0  tasks.o [1]
  .bss               zero     0x20001088    0x90  stm32l4xx_hal_msp.o [1]
  .bss               zero     0x20001118    0x8c  tasks.o [1]
  .bss               zero     0x200011a4    0x70  main.o [1]
  .bss               zero     0x20001214    0x3c  stm32l4xx_hal_timebase_TIM.o [1]
  .bss               zero     0x20001250    0x10  main.o [1]
  .bss               zero     0x20001260     0xc  UART_Receive_Task.o [1]
  .bss               zero     0x2000126c     0x4  main.o [1]
  .bss               zero     0x20001270     0x4  stm32l4xx_hal.o [1]
  .bss               zero     0x20001274     0x4  UART_Config_Task.o [1]
  .bss               zero     0x20001278     0x4  UART_Receive_Task.o [1]
  .bss               zero     0x2000127c     0x4  UART_Receive_Task.o [1]
                            - 0x20001280   0xe68


*******************************************************************************
*** INIT TABLE
***

          Address     Size
          -------     ----
Zero (__iar_zero_init3)
    1 destination range, total size 0xe68:
          0x20000418  0xe68

Copy (__iar_copy_init3)
    1 source range, total size 0x18:
          0x080036c4   0x18
    1 destination range, total size 0x18:
          0x20000000   0x18



*******************************************************************************
*** MODULE SUMMARY
***

    Module                        ro code  ro data  rw data
    ------                        -------  -------  -------
C:\Users\bacem.kaabia\Desktop\14_11_2018\6_FreeRtos_Sending_to_Q\EWARM\FreeRtos\Obj: [1]
    UART_Config_Task.o                220       12        4
    UART_Receive_Task.o               440       12       20
    cmsis_os.o                         88
    heap_4.o                          432             3 024
    list.o                            144
    main.o                            256               132
    port.o                            516       12       12
    portasm.o                         176
    queue.o                         1 272
    startup_stm32l476xx.o             716
    stm32l476g_discovery.o            140        8        8
    stm32l4xx_hal.o                    64                 4
    stm32l4xx_hal_cortex.o            220
    stm32l4xx_hal_dma.o               596
    stm32l4xx_hal_gpio.o              484
    stm32l4xx_hal_msp.o               428               144
    stm32l4xx_hal_pwr_ex.o            124
    stm32l4xx_hal_rcc.o             1 804
    stm32l4xx_hal_tim.o               618
    stm32l4xx_hal_tim_ex.o              4
    stm32l4xx_hal_timebase_TIM.o      120                60
    stm32l4xx_hal_uart.o            2 190
    stm32l4xx_hal_uart_ex.o             2
    stm32l4xx_it.o                     52
    system_stm32l4xx.o                140       12        4
    tasks.o                         2 392               300
    -------------------------------------------------------
    Total:                         13 638       56    3 712

command line: [2]
    -------------------------------------------------------
    Total:

dl7M_tln.a: [3]
    exit.o                              4
    low_level_init.o                    4
    -------------------------------------------------------
    Total:                              8

m7M_tls.a: [4]
    fpinit_M.o                         34
    -------------------------------------------------------
    Total:                             34

rt7M_tl.a: [5]
    ABImemcpy.o                       166
    I64DivMod.o                       238
    I64DivZer.o                         2
    cexit.o                            10
    cmain.o                            26
    copy_init3.o                       44
    cstartup_M.o                       12
    data_init.o                        40
    zero_init3.o                       64
    -------------------------------------------------------
    Total:                            602

shb_l.a: [6]
    exit.o                             20
    -------------------------------------------------------
    Total:                             20

    Gaps                               16        2
    Linker created                              36    1 024
-----------------------------------------------------------
    Grand Total:                   14 318       94    4 736


*******************************************************************************
*** ENTRY LIST
***

Entry                      Address   Size  Type      Object
-----                      -------   ----  ----      ------
.iar.init_table$$Base   0x0800365c          --   Gb  - Linker created -
.iar.init_table$$Limit  0x08003680          --   Gb  - Linker created -
?main                   0x08003681         Code  Gb  cmain.o [5]
AHBPrescTable           0x08003530   0x10  Data  Gb  system_stm32l4xx.o [1]
APBPrescTable           0x08003710    0x8  Data  Gb  system_stm32l4xx.o [1]
BSP_LED_Init            0x08002a0d   0x68  Code  Gb  stm32l476g_discovery.o [1]
BSP_LED_On              0x08002a75   0x16  Code  Gb  stm32l476g_discovery.o [1]
BusFault_Handler        0x080035b7    0x2  Code  Gb  stm32l4xx_it.o [1]
CSTACK$$Base            0x20000018          --   Gb  - Linker created -
CSTACK$$Limit           0x20000418          --   Gb  - Linker created -
Create_Uart_ConfigTask  0x08002f91   0x20  Code  Gb  UART_Config_Task.o [1]
DMA1_Channel6_IRQHandler
                        0x080035c7    0x8  Code  Gb  stm32l4xx_it.o [1]
DMA1_Channel7_IRQHandler
                        0x080035cf    0x8  Code  Gb  stm32l4xx_it.o [1]
DMA_SetConfig           0x08001c3b   0x26  Code  Lc  stm32l4xx_hal_dma.o [1]
DebugMon_Handler        0x080035bb    0x2  Code  Gb  stm32l4xx_it.o [1]
HAL_DMA_Abort_IT        0x08001b37   0x48  Code  Gb  stm32l4xx_hal_dma.o [1]
HAL_DMA_IRQHandler      0x08001b7f   0x9c  Code  Gb  stm32l4xx_hal_dma.o [1]
HAL_DMA_Init            0x08001a0d   0x98  Code  Gb  stm32l4xx_hal_dma.o [1]
HAL_DMA_Start_IT        0x08001acd   0x6a  Code  Gb  stm32l4xx_hal_dma.o [1]
HAL_GPIO_Init           0x08002729  0x1b4  Code  Gb  stm32l4xx_hal_gpio.o [1]
HAL_GPIO_WritePin       0x080028dd    0xa  Code  Gb  stm32l4xx_hal_gpio.o [1]
HAL_GetTick             0x08002719    0xc  Code  Wk  stm32l4xx_hal.o [1]
HAL_IncTick             0x08003141   0x10  Code  Wk  stm32l4xx_hal.o [1]
HAL_Init                0x080029e9   0x20  Code  Gb  stm32l4xx_hal.o [1]
HAL_InitTick            0x080031f9   0x66  Code  Gb  stm32l4xx_hal_timebase_TIM.o [1]
HAL_MspInit             0x0800196f   0x86  Code  Gb  stm32l4xx_hal_msp.o [1]
HAL_NVIC_EnableIRQ      0x0800297b    0xa  Code  Gb  stm32l4xx_hal_cortex.o [1]
HAL_NVIC_SetPriority    0x08002941   0x3a  Code  Gb  stm32l4xx_hal_cortex.o [1]
HAL_NVIC_SetPriorityGrouping
                        0x08002927   0x1a  Code  Gb  stm32l4xx_hal_cortex.o [1]
HAL_PWREx_ControlVoltageScaling
                        0x080030d1   0x64  Code  Gb  stm32l4xx_hal_pwr_ex.o [1]
HAL_PWREx_GetVoltageRange
                        0x080030c5    0xc  Code  Gb  stm32l4xx_hal_pwr_ex.o [1]
HAL_RCC_ClockConfig     0x08002323  0x122  Code  Gb  stm32l4xx_hal_rcc.o [1]
HAL_RCC_GetClockConfig  0x08002545   0x36  Code  Gb  stm32l4xx_hal_rcc.o [1]
HAL_RCC_GetHCLKFreq     0x0800251b    0x6  Code  Gb  stm32l4xx_hal_rcc.o [1]
HAL_RCC_GetPCLK1Freq    0x08002521   0x10  Code  Gb  stm32l4xx_hal_rcc.o [1]
HAL_RCC_GetPCLK2Freq    0x08002531    0xe  Code  Gb  stm32l4xx_hal_rcc.o [1]
HAL_RCC_GetSysClockFreq
                        0x0800246d   0xae  Code  Gb  stm32l4xx_hal_rcc.o [1]
HAL_RCC_OscConfig       0x08001f1d  0x3da  Code  Gb  stm32l4xx_hal_rcc.o [1]
HAL_SYSTICK_CLKSourceConfig
                        0x080029b7   0x1a  Code  Gb  stm32l4xx_hal_cortex.o [1]
HAL_SYSTICK_Config      0x0800298f   0x28  Code  Gb  stm32l4xx_hal_cortex.o [1]
HAL_TIMEx_BreakCallback
                        0x080034db    0x2  Code  Wk  stm32l4xx_hal_tim_ex.o [1]
HAL_TIMEx_CommutationCallback
                        0x080034df    0x2  Code  Wk  stm32l4xx_hal_tim_ex.o [1]
HAL_TIM_Base_Init       0x08003275   0x1a  Code  Gb  stm32l4xx_hal_tim.o [1]
HAL_TIM_Base_Start_IT   0x0800328f   0x16  Code  Gb  stm32l4xx_hal_tim.o [1]
HAL_TIM_IRQHandler      0x080032c9  0x142  Code  Gb  stm32l4xx_hal_tim.o [1]
HAL_TIM_PeriodElapsedCallback
                        0x08001d41    0xe  Code  Gb  main.o [1]
HAL_UARTEx_WakeupCallback
                        0x08001d61    0x2  Code  Wk  stm32l4xx_hal_uart_ex.o [1]
HAL_UART_ErrorCallback  0x08001d59    0x6  Code  Gb  main.o [1]
HAL_UART_IRQHandler     0x08001153  0x196  Code  Gb  stm32l4xx_hal_uart.o [1]
HAL_UART_Init           0x08000fd5   0x30  Code  Gb  stm32l4xx_hal_uart.o [1]
HAL_UART_MspInit        0x08001861  0x102  Code  Gb  stm32l4xx_hal_msp.o [1]
HAL_UART_MspInit::hdma_rx
                        0x200010d0   0x48  Data  Lc  stm32l4xx_hal_msp.o [1]
HAL_UART_MspInit::hdma_tx
                        0x20001088   0x48  Data  Lc  stm32l4xx_hal_msp.o [1]
HAL_UART_Receive_DMA    0x080010cd   0x86  Code  Gb  stm32l4xx_hal_uart.o [1]
HAL_UART_RxCpltCallback
                        0x08001e3b    0x8  Code  Gb  UART_Receive_Task.o [1]
HAL_UART_Transmit_DMA   0x08001055   0x78  Code  Gb  stm32l4xx_hal_uart.o [1]
HAL_UART_TxCpltCallback
                        0x08001e43    0x6  Code  Gb  UART_Receive_Task.o [1]
HardFault_Handler       0x080035b3    0x2  Code  Gb  stm32l4xx_it.o [1]
LED_PIN                 0x08002a94    0x4  Data  Gb  stm32l476g_discovery.o [1]
LED_PORT                0x2000000c    0x8  Data  Gb  stm32l476g_discovery.o [1]
MSIRangeTable           0x08003540   0x30  Data  Gb  system_stm32l4xx.o [1]
MemManage_Handler       0x080035b5    0x2  Code  Gb  stm32l4xx_it.o [1]
NMI_Handler             0x080035b1    0x2  Code  Gb  stm32l4xx_it.o [1]
NVIC_SetPriority        0x0800290d   0x1a  Code  Lc  stm32l4xx_hal_cortex.o [1]
PendSV_Handler          0x08000f25         Code  Gb  portasm.o [1]
RCC_SetFlashLatencyFromMSIRange
                        0x0800257b   0x76  Code  Lc  stm32l4xx_hal_rcc.o [1]
Receive_Task_Handle     0x2000126c    0x4  Data  Gb  main.o [1]
Region$$Table$$Base     0x0800365c          --   Gb  - Linker created -
Region$$Table$$Limit    0x08003680          --   Gb  - Linker created -
SVC_Handler             0x08000f7d         Code  Gb  portasm.o [1]
SysTick_Handler         0x080035bd    0x4  Code  Gb  stm32l4xx_it.o [1]
SystemClock_Config      0x08001cbd   0x84  Code  Gb  main.o [1]
SystemCoreClock         0x20000014    0x4  Data  Gb  system_stm32l4xx.o [1]
SystemInit              0x080034e5   0x3c  Code  Gb  system_stm32l4xx.o [1]
TIM1_UP_TIM16_IRQHandler
                        0x080035c1    0x6  Code  Gb  stm32l4xx_it.o [1]
TIM_Base_SetConfig      0x08003411   0xa4  Code  Gb  stm32l4xx_hal_tim.o [1]
Thread1                 0x08001d89   0xa2  Code  Gb  UART_Receive_Task.o [1]
UART_AdvFeatureConfig   0x0800157d   0xc6  Code  Gb  stm32l4xx_hal_uart.o [1]
UART_CheckIdleState     0x08001643   0x5a  Code  Gb  stm32l4xx_hal_uart.o [1]
UART_DMAAbortOnError    0x080017e1   0x10  Code  Lc  stm32l4xx_hal_uart.o [1]
UART_DMAError           0x08001791   0x4e  Code  Lc  stm32l4xx_hal_uart.o [1]
UART_DMAReceiveCplt     0x0800174d   0x3a  Code  Lc  stm32l4xx_hal_uart.o [1]
UART_DMARxHalfCplt      0x08001789    0x6  Code  Lc  stm32l4xx_hal_uart.o [1]
UART_DMATransmitCplt    0x08001719   0x2a  Code  Lc  stm32l4xx_hal_uart.o [1]
UART_DMATxHalfCplt      0x08001745    0x6  Code  Lc  stm32l4xx_hal_uart.o [1]
UART_EndRxTransfer      0x080016fb   0x1c  Code  Lc  stm32l4xx_hal_uart.o [1]
UART_Receive_IT         0x080017f1   0x6e  Code  Lc  stm32l4xx_hal_uart.o [1]
UART_Receive_Task       0x08001d65   0x24  Code  Gb  UART_Receive_Task.o [1]
UART_SetConfig          0x080012e9  0x264  Code  Gb  stm32l4xx_hal_uart.o [1]
UART_WaitOnFlagUntilTimeout
                        0x0800169d   0x5e  Code  Gb  stm32l4xx_hal_uart.o [1]
USART2_IRQHandler       0x080035d7    0x6  Code  Gb  stm32l4xx_it.o [1]
UartHandle              0x200011a4   0x70  Data  Gb  main.o [1]
Uart_Config_Thread      0x08002fb1   0x40  Code  Gb  UART_Config_Task.o [1]
Uart_config_TaskHandle  0x20001274    0x4  Data  Gb  UART_Config_Task.o [1]
UsageFault_Handler      0x080035b9    0x2  Code  Gb  stm32l4xx_it.o [1]
_Error_Handler          0x08001d5f    0x2  Code  Gb  main.o [1]
__aeabi_ldiv0           0x08003271         Code  Gb  I64DivZer.o [5]
__aeabi_memcpy          0x08003151         Code  Gb  ABImemcpy.o [5]
__aeabi_memcpy4         0x08003171         Code  Gb  ABImemcpy.o [5]
__aeabi_memcpy8         0x08003171         Code  Gb  ABImemcpy.o [5]
__aeabi_uldivmod        0x08002629         Code  Gb  I64DivMod.o [5]
__cmain                 0x08003681         Code  Gb  cmain.o [5]
__exit                  0x080036b1   0x14  Code  Gb  exit.o [6]
__iar_copy_init3        0x080035e5   0x2c  Code  Gb  copy_init3.o [5]
__iar_data_init3        0x08003611   0x28  Code  Gb  data_init.o [5]
__iar_init_vfp          0x08003639         Code  Gb  fpinit_M.o [4]
__iar_program_start     0x08003705         Code  Gb  cstartup_M.o [5]
__iar_systems$$module {Abs}
                        0x00000001         Data  Gb  command line/config [2]
__iar_zero_init3        0x08003571   0x40  Code  Gb  zero_init3.o [5]
__low_level_init        0x0800369b    0x4  Code  Gb  low_level_init.o [3]
__vector_table          0x08000000         Data  Gb  startup_stm32l476xx.o [1]
_call_main              0x0800368d         Code  Gb  cmain.o [5]
_exit                   0x080036a5         Code  Gb  cexit.o [5]
_main                   0x08003697         Code  Gb  cmain.o [5]
aRxBuffer               0x20001260    0xc  Data  Gb  UART_Receive_Task.o [1]
exit                    0x0800369f    0x4  Code  Gb  exit.o [3]
htim1                   0x20001214   0x3c  Data  Gb  stm32l4xx_hal_timebase_TIM.o [1]
main                    0x08001c61   0x5c  Code  Gb  main.o [1]
makeFreeRtosPriority    0x0800306d    0xc  Code  Lc  cmsis_os.o [1]
osKernelStart           0x08003079    0xa  Code  Gb  cmsis_os.o [1]
osSystickHandler        0x080030b1   0x14  Code  Gb  cmsis_os.o [1]
osThreadCreate          0x08003083   0x2e  Code  Gb  cmsis_os.o [1]
prvAddCurrentTaskToDelayedList
                        0x08000a65   0x5e  Code  Lc  tasks.o [1]
prvAddNewTaskToReadyList
                        0x08000259   0x9e  Code  Lc  tasks.o [1]
prvCopyDataToQueue      0x08002eaf   0x68  Code  Lc  queue.o [1]
prvDeleteTCB            0x08000829   0x14  Code  Lc  tasks.o [1]
prvIdleTask             0x080007dd   0x4c  Code  Lc  tasks.o [1]
prvInitialiseNewQueue   0x08002b45   0x16  Code  Lc  queue.o [1]
prvInitialiseNewTask    0x080001e1   0x78  Code  Lc  tasks.o [1]
prvInsertBlockIntoFreeList
                        0x08000c43   0x46  Code  Lc  heap_4.o [1]
prvIsQueueEmpty         0x08002f77   0x16  Code  Lc  queue.o [1]
prvResetNextTaskUnblockTime
                        0x0800083d   0x1c  Code  Lc  tasks.o [1]
prvTaskExitError        0x08000d49   0x28  Code  Lc  port.o [1]
prvTaskIsTaskSuspended  0x08000423   0x28  Code  Lc  tasks.o [1]
prvUnlockQueue          0x08002f17   0x60  Code  Lc  queue.o [1]
pvPortMalloc            0x08000ae1  0x102  Code  Gb  heap_4.o [1]
pvTaskIncrementMutexHeldCount
                        0x08000a13   0x14  Code  Gb  tasks.o [1]
pxCurrentTCB            0x20001010    0x4  Data  Gb  tasks.o [1]
pxDelayedTaskList       0x20001014    0x4  Data  Lc  tasks.o [1]
pxEnd                   0x20000420    0x4  Data  Lc  heap_4.o [1]
pxOverflowDelayedTaskList
                        0x20001018    0x4  Data  Lc  tasks.o [1]
pxPortInitialiseStack   0x08000d21   0x26  Code  Gb  port.o [1]
pxReadyTasksLists       0x20001118   0x8c  Data  Lc  tasks.o [1]
spaceAvailable          0x2000125c    0x4  Data  Gb  main.o [1]
ucHeap                  0x20000430  0xbb8  Data  Lc  heap_4.o [1]
ucMaxSysCallPriority    0x20000000    0x1  Data  Lc  port.o [1]
ulMaxPRIGROUPValue      0x20000008    0x4  Data  Lc  port.o [1]
uwTick                  0x20001270    0x4  Data  Gb  stm32l4xx_hal.o [1]
uxCriticalNesting       0x20000004    0x4  Data  Lc  port.o [1]
uxCurrentNumberOfTasks  0x20001034    0x4  Data  Lc  tasks.o [1]
uxDeletedTasksWaitingCleanUp
                        0x2000101c    0x4  Data  Lc  tasks.o [1]
uxListRemove            0x08000cfb   0x26  Code  Gb  list.o [1]
uxPendedTicks           0x20001044    0x4  Data  Lc  tasks.o [1]
uxQueueSpacesAvailable  0x08002e91   0x16  Code  Gb  queue.o [1]
uxSchedulerSuspended    0x20001058    0x4  Data  Lc  tasks.o [1]
uxTaskNumber            0x20001050    0x4  Data  Lc  tasks.o [1]
uxTopReadyPriority      0x2000103c    0x4  Data  Lc  tasks.o [1]
vListInitialise         0x08000c91   0x1a  Code  Gb  list.o [1]
vListInitialiseItem     0x08000cab    0x6  Code  Gb  list.o [1]
vListInsert             0x08000cc9   0x32  Code  Gb  list.o [1]
vListInsertEnd          0x08000cb1   0x18  Code  Gb  list.o [1]
vPortEnableVFP          0x08000fb9         Code  Gb  portasm.o [1]
vPortEnterCritical      0x08000e15   0x32  Code  Gb  port.o [1]
vPortExitCritical       0x08000e47   0x22  Code  Gb  port.o [1]
vPortFree               0x08000bf1   0x44  Code  Gb  heap_4.o [1]
vPortStartFirstTask     0x08000f99         Code  Gb  portasm.o [1]
vPortValidateInterruptPriority
                        0x08000e95   0x42  Code  Gb  port.o [1]
vTaskDelete             0x080002f7   0x68  Code  Gb  tasks.o [1]
vTaskInternalSetTimeOutState
                        0x08000767    0xe  Code  Gb  tasks.o [1]
vTaskMissedYield        0x080007d3    0xa  Code  Gb  tasks.o [1]
vTaskPlaceOnEventList   0x080006b7   0x22  Code  Gb  tasks.o [1]
vTaskPriorityDisinheritAfterTimeout
                        0x0800097d   0x76  Code  Gb  tasks.o [1]
vTaskResume             0x0800044b   0x46  Code  Gb  tasks.o [1]
vTaskStartScheduler     0x0800049b   0x56  Code  Gb  tasks.o [1]
vTaskSuspend            0x08000365   0x78  Code  Gb  tasks.o [1]
vTaskSuspendAll         0x080004f1    0xc  Code  Gb  tasks.o [1]
vTaskSwitchContext      0x08000665   0x52  Code  Gb  tasks.o [1]
xBlockAllocatedBit      0x2000042c    0x4  Data  Lc  heap_4.o [1]
xDelayedTaskList1       0x2000105c   0x14  Data  Lc  tasks.o [1]
xDelayedTaskList2       0x20001070   0x14  Data  Lc  tasks.o [1]
xFreeBytesRemaining     0x20000424    0x4  Data  Lc  heap_4.o [1]
xHigherPriorityTaskWoken
                        0x2000127c    0x4  Data  Gb  UART_Receive_Task.o [1]
xHigherPriorityTaskWoken2
                        0x20001278    0x4  Data  Gb  UART_Receive_Task.o [1]
xIdleTaskHandle         0x20001084    0x4  Data  Lc  tasks.o [1]
xMinimumEverFreeBytesRemaining
                        0x20000428    0x4  Data  Lc  heap_4.o [1]
xNextTaskUnblockTime    0x20001054    0x4  Data  Lc  tasks.o [1]
xNumOfOverflows         0x2000104c    0x4  Data  Lc  tasks.o [1]
xPendingReadyList       0x20000fe8   0x14  Data  Lc  tasks.o [1]
xPortStartScheduler     0x08000d71   0xa4  Code  Gb  port.o [1]
xPortSysTickHandler     0x08000e69   0x1e  Code  Gb  port.o [1]
xQueue1                 0x20001258    0x4  Data  Gb  main.o [1]
xQueueGenericCreate     0x08002b0d   0x38  Code  Gb  queue.o [1]
xQueueGenericReset      0x08002a99   0x74  Code  Gb  queue.o [1]
xQueueGenericSend       0x08002b5b  0x12c  Code  Gb  queue.o [1]
xQueueGiveFromISR       0x08002c8f   0x6c  Code  Gb  queue.o [1]
xQueueSemaphoreTake     0x08002d1b  0x128  Code  Gb  queue.o [1]
xSchedulerRunning       0x20001040    0x4  Data  Lc  tasks.o [1]
xSemaphoreRX            0x20001250    0x4  Data  Gb  main.o [1]
xSemaphoreTX            0x20001254    0x4  Data  Gb  main.o [1]
xStart                  0x20000418    0x8  Data  Lc  heap_4.o [1]
xSuspendedTaskList      0x20001020   0x14  Data  Lc  tasks.o [1]
xTaskCheckForTimeOut    0x08000775   0x5e  Code  Gb  tasks.o [1]
xTaskCreate             0x08000189   0x58  Code  Gb  tasks.o [1]
xTaskGetSchedulerState  0x08000859   0x18  Code  Gb  tasks.o [1]
xTaskIncrementTick      0x080005a1   0xc4  Code  Gb  tasks.o [1]
xTaskPriorityDisinherit
                        0x080008ed   0x70  Code  Gb  tasks.o [1]
xTaskPriorityInherit    0x08000871   0x7c  Code  Gb  tasks.o [1]
xTaskRemoveFromEventList
                        0x080006dd   0x52  Code  Gb  tasks.o [1]
xTaskResumeAll          0x080004fd   0x9c  Code  Gb  tasks.o [1]
xTasksWaitingTermination
                        0x20000ffc   0x14  Data  Lc  tasks.o [1]
xTickCount              0x20001038    0x4  Data  Lc  tasks.o [1]
xYieldPending           0x20001048    0x4  Data  Lc  tasks.o [1]


[1] = C:\Users\bacem.kaabia\Desktop\14_11_2018\6_FreeRtos_Sending_to_Q\EWARM\FreeRtos\Obj
[2] = command line
[3] = dl7M_tln.a
[4] = m7M_tls.a
[5] = rt7M_tl.a
[6] = shb_l.a

  14 318 bytes of readonly  code memory
      94 bytes of readonly  data memory
   4 736 bytes of readwrite data memory

Errors: none
Warnings: none
